  console.log
    [dotenv@17.2.3] injecting env (11) from .env -- tip: ΓÜÖ∩╕Å  write to custom object with { processEnv: myObject }

      at _log (node_modules/dotenv/lib/main.js:142:11)

  console.log
    [dotenv@17.2.3] injecting env (11) from .env -- tip: ≡ƒöæ add access controls to secrets: https://dotenvx.com/ops

      at _log (node_modules/dotenv/lib/main.js:142:11)

  console.log
    [dotenv@17.2.3] injecting env (11) from .env -- tip: ≡ƒöÉ encrypt with Dotenvx: https://dotenvx.com

      at _log (node_modules/dotenv/lib/main.js:142:11)

  console.log
    [dotenv@17.2.3] injecting env (11) from .env -- tip: ΓÜÖ∩╕Å  specify custom .env file path with { path: '/custom/path/.env' }

      at _log (node_modules/dotenv/lib/main.js:142:11)

  console.log
    [dotenv@17.2.3] injecting env (11) from .env -- tip: ≡ƒöÉ prevent building .env in docker: https://dotenvx.com/prebuild

      at _log (node_modules/dotenv/lib/main.js:142:11)

  console.log
    [dotenv@17.2.3] injecting env (11) from .env -- tip: ≡ƒöÉ prevent building .env in docker: https://dotenvx.com/prebuild

      at _log (node_modules/dotenv/lib/main.js:142:11)

  console.log
    [dotenv@17.2.3] injecting env (11) from .env -- tip: ≡ƒöÉ prevent building .env in docker: https://dotenvx.com/prebuild

      at _log (node_modules/dotenv/lib/main.js:142:11)

  console.log
    [dotenv@17.2.3] injecting env (0) from .env -- tip: ≡ƒôí add observability to secrets: https://dotenvx.com/ops

      at _log (node_modules/dotenv/lib/main.js:142:11)

  console.log
    [dotenv@17.2.3] injecting env (0) from .env -- tip: ΓÜÖ∩╕Å  override existing env vars with { override: true }

      at _log (node_modules/dotenv/lib/main.js:142:11)

  console.log
    [dotenv@17.2.3] injecting env (0) from .env -- tip: ΓÜÖ∩╕Å  override existing env vars with { override: true }

      at _log (node_modules/dotenv/lib/main.js:142:11)

  console.log
    [dotenv@17.2.3] injecting env (0) from .env -- tip: ≡ƒôí add observability to secrets: https://dotenvx.com/ops

      at _log (node_modules/dotenv/lib/main.js:142:11)

  console.log
    [dotenv@17.2.3] injecting env (0) from .env -- tip: ΓÜÖ∩╕Å  load multiple .env files with { path: ['.env.local', '.env'] }

      at _log (node_modules/dotenv/lib/main.js:142:11)

  console.log
    [dotenv@17.2.3] injecting env (0) from .env -- tip: ≡ƒöÉ encrypt with Dotenvx: https://dotenvx.com

      at _log (node_modules/dotenv/lib/main.js:142:11)

  console.log
    [dotenv@17.2.3] injecting env (0) from .env -- tip: Γ£à audit secrets and track compliance: https://dotenvx.com/ops

      at _log (node_modules/dotenv/lib/main.js:142:11)

node : FAIL tests/services/tradeService.test.js
At line:1 char:1
+ node node_modules/jest/bin/jest.js --testPathPatterns="services" --ve ...
+ ~~~~~~~~~~~~~~~~~~~~~~~~~~~~~~~~~~~~~~~~~~~~~~~~~~~~~~~~~~~~~~~~~~~~~
    + CategoryInfo          : NotSpecified: (F    AIL 
tests/services/tradeService.test.js:St    ring) [], RemoteException
    + FullyQualifiedErrorId : NativeCommandErr    or
 
  ΓùÅ Trade Service ΓÇ║ getShipCargo ΓÇ║ should return ship cargo details



    [0m [90m 14 |[39m beforeAll([36masync[39m () [33m=>[39m {
     [90m 15 |[39m   [90m// Sync database with force to ensure clean 
state[39m
    [31m[1m>[22m[39m[90m 16 |[39m   [36mawait[39m 
sequelize[33m.[39msync({ force[33m:[39m [36mtrue[39m })[33m;[39m
     [90m    |[39m   [31m[1m^[22m[39m
     [90m 17 |[39m })[33m;[39m
     [90m 18 |[39m
     [90m 19 |[39m [90m// Cleanup after all tests[39m[0m

      at Database.<anonymous> 
(node_modules/sequelize/src/dialects/sqlite/query.js:236:27)
      at node_modules/sequelize/src/dialects/sqlite/query.js:234:50
      at Query.run (node_modules/sequelize/src/dialects/sqlite/query.js:234:12)
      at node_modules/sequelize/src/sequelize.js:650:28
      at SQLiteQueryInterface.addIndex 
(node_modules/sequelize/src/dialects/abstract/query-interface.js:586:12)
      at Sector.sync (node_modules/sequelize/src/model.js:1427:7)
      at Sequelize.sync (node_modules/sequelize/src/sequelize.js:825:9)
      at Object.<anonymous> (tests/setup.js:16:3)

  ΓùÅ Trade Service ΓÇ║ getShipCargo ΓÇ║ should return ship cargo details



    [0m [90m 132 |[39m [90m */[39m
     [90m 133 |[39m [36mconst[39m cleanDatabase [33m=[39m 
[36masync[39m () [33m=>[39m {
    [31m[1m>[22m[39m[90m 134 |[39m   [36mawait[39m 
[33mTransaction[39m[33m.[39mdestroy({ where[33m:[39m {}[33m,[39m 
truncate[33m:[39m [36mtrue[39m[33m,[39m cascade[33m:[39m 
[36mtrue[39m })[33m;[39m
     [90m     |[39m   [31m[1m^[22m[39m
     [90m 135 |[39m   [36mawait[39m 
[33mShipCargo[39m[33m.[39mdestroy({ where[33m:[39m {}[33m,[39m 
truncate[33m:[39m [36mtrue[39m[33m,[39m cascade[33m:[39m 
[36mtrue[39m })[33m;[39m
     [90m 136 |[39m   [36mawait[39m 
[33mPortCommodity[39m[33m.[39mdestroy({ where[33m:[39m {}[33m,[39m 
truncate[33m:[39m [36mtrue[39m[33m,[39m cascade[33m:[39m 
[36mtrue[39m })[33m;[39m
     [90m 137 |[39m   [36mawait[39m [33mPort[39m[33m.[39mdestroy({ 
where[33m:[39m {}[33m,[39m truncate[33m:[39m [36mtrue[39m[33m,[39m 
cascade[33m:[39m [36mtrue[39m })[33m;[39m[0m

      at Database.<anonymous> 
(node_modules/sequelize/src/dialects/sqlite/query.js:236:27)
      at node_modules/sequelize/src/dialects/sqlite/query.js:234:50
      at Query.run (node_modules/sequelize/src/dialects/sqlite/query.js:234:12)
      at node_modules/sequelize/src/sequelize.js:650:28
      at Transaction.destroy (node_modules/sequelize/src/model.js:3083:16)
      at cleanDatabase (tests/helpers.js:134:3)
      at Object.<anonymous> (tests/services/tradeService.test.js:12:5)

  ΓùÅ Trade Service ΓÇ║ getShipCargo ΓÇ║ should calculate used and free 
capacity



    [0m [90m 14 |[39m beforeAll([36masync[39m () [33m=>[39m {
     [90m 15 |[39m   [90m// Sync database with force to ensure clean 
state[39m
    [31m[1m>[22m[39m[90m 16 |[39m   [36mawait[39m 
sequelize[33m.[39msync({ force[33m:[39m [36mtrue[39m })[33m;[39m
     [90m    |[39m   [31m[1m^[22m[39m
     [90m 17 |[39m })[33m;[39m
     [90m 18 |[39m
     [90m 19 |[39m [90m// Cleanup after all tests[39m[0m

      at Database.<anonymous> 
(node_modules/sequelize/src/dialects/sqlite/query.js:236:27)
      at node_modules/sequelize/src/dialects/sqlite/query.js:234:50
      at Query.run (node_modules/sequelize/src/dialects/sqlite/query.js:234:12)
      at node_modules/sequelize/src/sequelize.js:650:28
      at SQLiteQueryInterface.addIndex 
(node_modules/sequelize/src/dialects/abstract/query-interface.js:586:12)
      at Sector.sync (node_modules/sequelize/src/model.js:1427:7)
      at Sequelize.sync (node_modules/sequelize/src/sequelize.js:825:9)
      at Object.<anonymous> (tests/setup.js:16:3)

  ΓùÅ Trade Service ΓÇ║ getShipCargo ΓÇ║ should calculate used and free 
capacity



    [0m [90m 132 |[39m [90m */[39m
     [90m 133 |[39m [36mconst[39m cleanDatabase [33m=[39m 
[36masync[39m () [33m=>[39m {
    [31m[1m>[22m[39m[90m 134 |[39m   [36mawait[39m 
[33mTransaction[39m[33m.[39mdestroy({ where[33m:[39m {}[33m,[39m 
truncate[33m:[39m [36mtrue[39m[33m,[39m cascade[33m:[39m 
[36mtrue[39m })[33m;[39m
     [90m     |[39m   [31m[1m^[22m[39m
     [90m 135 |[39m   [36mawait[39m 
[33mShipCargo[39m[33m.[39mdestroy({ where[33m:[39m {}[33m,[39m 
truncate[33m:[39m [36mtrue[39m[33m,[39m cascade[33m:[39m 
[36mtrue[39m })[33m;[39m
     [90m 136 |[39m   [36mawait[39m 
[33mPortCommodity[39m[33m.[39mdestroy({ where[33m:[39m {}[33m,[39m 
truncate[33m:[39m [36mtrue[39m[33m,[39m cascade[33m:[39m 
[36mtrue[39m })[33m;[39m
     [90m 137 |[39m   [36mawait[39m [33mPort[39m[33m.[39mdestroy({ 
where[33m:[39m {}[33m,[39m truncate[33m:[39m [36mtrue[39m[33m,[39m 
cascade[33m:[39m [36mtrue[39m })[33m;[39m[0m

      at Database.<anonymous> 
(node_modules/sequelize/src/dialects/sqlite/query.js:236:27)
      at node_modules/sequelize/src/dialects/sqlite/query.js:234:50
      at Query.run (node_modules/sequelize/src/dialects/sqlite/query.js:234:12)
      at node_modules/sequelize/src/sequelize.js:650:28
      at Transaction.destroy (node_modules/sequelize/src/model.js:3083:16)
      at cleanDatabase (tests/helpers.js:134:3)
      at Object.<anonymous> (tests/services/tradeService.test.js:12:5)

  ΓùÅ Trade Service ΓÇ║ getShipCargo ΓÇ║ should throw error for non-existent 
ship



    [0m [90m 14 |[39m beforeAll([36masync[39m () [33m=>[39m {
     [90m 15 |[39m   [90m// Sync database with force to ensure clean 
state[39m
    [31m[1m>[22m[39m[90m 16 |[39m   [36mawait[39m 
sequelize[33m.[39msync({ force[33m:[39m [36mtrue[39m })[33m;[39m
     [90m    |[39m   [31m[1m^[22m[39m
     [90m 17 |[39m })[33m;[39m
     [90m 18 |[39m
     [90m 19 |[39m [90m// Cleanup after all tests[39m[0m

      at Database.<anonymous> 
(node_modules/sequelize/src/dialects/sqlite/query.js:236:27)
      at node_modules/sequelize/src/dialects/sqlite/query.js:234:50
      at Query.run (node_modules/sequelize/src/dialects/sqlite/query.js:234:12)
      at node_modules/sequelize/src/sequelize.js:650:28
      at SQLiteQueryInterface.addIndex 
(node_modules/sequelize/src/dialects/abstract/query-interface.js:586:12)
      at Sector.sync (node_modules/sequelize/src/model.js:1427:7)
      at Sequelize.sync (node_modules/sequelize/src/sequelize.js:825:9)
      at Object.<anonymous> (tests/setup.js:16:3)

  ΓùÅ Trade Service ΓÇ║ getShipCargo ΓÇ║ should throw error for non-existent 
ship



    [0m [90m 132 |[39m [90m */[39m
     [90m 133 |[39m [36mconst[39m cleanDatabase [33m=[39m 
[36masync[39m () [33m=>[39m {
    [31m[1m>[22m[39m[90m 134 |[39m   [36mawait[39m 
[33mTransaction[39m[33m.[39mdestroy({ where[33m:[39m {}[33m,[39m 
truncate[33m:[39m [36mtrue[39m[33m,[39m cascade[33m:[39m 
[36mtrue[39m })[33m;[39m
     [90m     |[39m   [31m[1m^[22m[39m
     [90m 135 |[39m   [36mawait[39m 
[33mShipCargo[39m[33m.[39mdestroy({ where[33m:[39m {}[33m,[39m 
truncate[33m:[39m [36mtrue[39m[33m,[39m cascade[33m:[39m 
[36mtrue[39m })[33m;[39m
     [90m 136 |[39m   [36mawait[39m 
[33mPortCommodity[39m[33m.[39mdestroy({ where[33m:[39m {}[33m,[39m 
truncate[33m:[39m [36mtrue[39m[33m,[39m cascade[33m:[39m 
[36mtrue[39m })[33m;[39m
     [90m 137 |[39m   [36mawait[39m [33mPort[39m[33m.[39mdestroy({ 
where[33m:[39m {}[33m,[39m truncate[33m:[39m [36mtrue[39m[33m,[39m 
cascade[33m:[39m [36mtrue[39m })[33m;[39m[0m

      at Database.<anonymous> 
(node_modules/sequelize/src/dialects/sqlite/query.js:236:27)
      at node_modules/sequelize/src/dialects/sqlite/query.js:234:50
      at Query.run (node_modules/sequelize/src/dialects/sqlite/query.js:234:12)
      at node_modules/sequelize/src/sequelize.js:650:28
      at Transaction.destroy (node_modules/sequelize/src/model.js:3083:16)
      at cleanDatabase (tests/helpers.js:134:3)
      at Object.<anonymous> (tests/services/tradeService.test.js:12:5)

  ΓùÅ Trade Service ΓÇ║ buyCommodity ΓÇ║ should successfully buy commodities



    [0m [90m 14 |[39m beforeAll([36masync[39m () [33m=>[39m {
     [90m 15 |[39m   [90m// Sync database with force to ensure clean 
state[39m
    [31m[1m>[22m[39m[90m 16 |[39m   [36mawait[39m 
sequelize[33m.[39msync({ force[33m:[39m [36mtrue[39m })[33m;[39m
     [90m    |[39m   [31m[1m^[22m[39m
     [90m 17 |[39m })[33m;[39m
     [90m 18 |[39m
     [90m 19 |[39m [90m// Cleanup after all tests[39m[0m

      at Database.<anonymous> 
(node_modules/sequelize/src/dialects/sqlite/query.js:236:27)
      at node_modules/sequelize/src/dialects/sqlite/query.js:234:50
      at Query.run (node_modules/sequelize/src/dialects/sqlite/query.js:234:12)
      at node_modules/sequelize/src/sequelize.js:650:28
      at SQLiteQueryInterface.addIndex 
(node_modules/sequelize/src/dialects/abstract/query-interface.js:586:12)
      at Sector.sync (node_modules/sequelize/src/model.js:1427:7)
      at Sequelize.sync (node_modules/sequelize/src/sequelize.js:825:9)
      at Object.<anonymous> (tests/setup.js:16:3)

  ΓùÅ Trade Service ΓÇ║ buyCommodity ΓÇ║ should successfully buy commodities



    [0m [90m 132 |[39m [90m */[39m
     [90m 133 |[39m [36mconst[39m cleanDatabase [33m=[39m 
[36masync[39m () [33m=>[39m {
    [31m[1m>[22m[39m[90m 134 |[39m   [36mawait[39m 
[33mTransaction[39m[33m.[39mdestroy({ where[33m:[39m {}[33m,[39m 
truncate[33m:[39m [36mtrue[39m[33m,[39m cascade[33m:[39m 
[36mtrue[39m })[33m;[39m
     [90m     |[39m   [31m[1m^[22m[39m
     [90m 135 |[39m   [36mawait[39m 
[33mShipCargo[39m[33m.[39mdestroy({ where[33m:[39m {}[33m,[39m 
truncate[33m:[39m [36mtrue[39m[33m,[39m cascade[33m:[39m 
[36mtrue[39m })[33m;[39m
     [90m 136 |[39m   [36mawait[39m 
[33mPortCommodity[39m[33m.[39mdestroy({ where[33m:[39m {}[33m,[39m 
truncate[33m:[39m [36mtrue[39m[33m,[39m cascade[33m:[39m 
[36mtrue[39m })[33m;[39m
     [90m 137 |[39m   [36mawait[39m [33mPort[39m[33m.[39mdestroy({ 
where[33m:[39m {}[33m,[39m truncate[33m:[39m [36mtrue[39m[33m,[39m 
cascade[33m:[39m [36mtrue[39m })[33m;[39m[0m

      at Database.<anonymous> 
(node_modules/sequelize/src/dialects/sqlite/query.js:236:27)
      at node_modules/sequelize/src/dialects/sqlite/query.js:234:50
      at Query.run (node_modules/sequelize/src/dialects/sqlite/query.js:234:12)
      at node_modules/sequelize/src/sequelize.js:650:28
      at Transaction.destroy (node_modules/sequelize/src/model.js:3083:16)
      at cleanDatabase (tests/helpers.js:134:3)
      at Object.<anonymous> (tests/services/tradeService.test.js:12:5)

  ΓùÅ Trade Service ΓÇ║ buyCommodity ΓÇ║ should deduct credits from user



    [0m [90m 14 |[39m beforeAll([36masync[39m () [33m=>[39m {
     [90m 15 |[39m   [90m// Sync database with force to ensure clean 
state[39m
    [31m[1m>[22m[39m[90m 16 |[39m   [36mawait[39m 
sequelize[33m.[39msync({ force[33m:[39m [36mtrue[39m })[33m;[39m
     [90m    |[39m   [31m[1m^[22m[39m
     [90m 17 |[39m })[33m;[39m
     [90m 18 |[39m
     [90m 19 |[39m [90m// Cleanup after all tests[39m[0m

      at Database.<anonymous> 
(node_modules/sequelize/src/dialects/sqlite/query.js:236:27)
      at node_modules/sequelize/src/dialects/sqlite/query.js:234:50
      at Query.run (node_modules/sequelize/src/dialects/sqlite/query.js:234:12)
      at node_modules/sequelize/src/sequelize.js:650:28
      at SQLiteQueryInterface.addIndex 
(node_modules/sequelize/src/dialects/abstract/query-interface.js:586:12)
      at Sector.sync (node_modules/sequelize/src/model.js:1427:7)
      at Sequelize.sync (node_modules/sequelize/src/sequelize.js:825:9)
      at Object.<anonymous> (tests/setup.js:16:3)

  ΓùÅ Trade Service ΓÇ║ buyCommodity ΓÇ║ should deduct credits from user



    [0m [90m 132 |[39m [90m */[39m
     [90m 133 |[39m [36mconst[39m cleanDatabase [33m=[39m 
[36masync[39m () [33m=>[39m {
    [31m[1m>[22m[39m[90m 134 |[39m   [36mawait[39m 
[33mTransaction[39m[33m.[39mdestroy({ where[33m:[39m {}[33m,[39m 
truncate[33m:[39m [36mtrue[39m[33m,[39m cascade[33m:[39m 
[36mtrue[39m })[33m;[39m
     [90m     |[39m   [31m[1m^[22m[39m
     [90m 135 |[39m   [36mawait[39m 
[33mShipCargo[39m[33m.[39mdestroy({ where[33m:[39m {}[33m,[39m 
truncate[33m:[39m [36mtrue[39m[33m,[39m cascade[33m:[39m 
[36mtrue[39m })[33m;[39m
     [90m 136 |[39m   [36mawait[39m 
[33mPortCommodity[39m[33m.[39mdestroy({ where[33m:[39m {}[33m,[39m 
truncate[33m:[39m [36mtrue[39m[33m,[39m cascade[33m:[39m 
[36mtrue[39m })[33m;[39m
     [90m 137 |[39m   [36mawait[39m [33mPort[39m[33m.[39mdestroy({ 
where[33m:[39m {}[33m,[39m truncate[33m:[39m [36mtrue[39m[33m,[39m 
cascade[33m:[39m [36mtrue[39m })[33m;[39m[0m

      at Database.<anonymous> 
(node_modules/sequelize/src/dialects/sqlite/query.js:236:27)
      at node_modules/sequelize/src/dialects/sqlite/query.js:234:50
      at Query.run (node_modules/sequelize/src/dialects/sqlite/query.js:234:12)
      at node_modules/sequelize/src/sequelize.js:650:28
      at Transaction.destroy (node_modules/sequelize/src/model.js:3083:16)
      at cleanDatabase (tests/helpers.js:134:3)
      at Object.<anonymous> (tests/services/tradeService.test.js:12:5)

  ΓùÅ Trade Service ΓÇ║ buyCommodity ΓÇ║ should add cargo to ship



    [0m [90m 14 |[39m beforeAll([36masync[39m () [33m=>[39m {
     [90m 15 |[39m   [90m// Sync database with force to ensure clean 
state[39m
    [31m[1m>[22m[39m[90m 16 |[39m   [36mawait[39m 
sequelize[33m.[39msync({ force[33m:[39m [36mtrue[39m })[33m;[39m
     [90m    |[39m   [31m[1m^[22m[39m
     [90m 17 |[39m })[33m;[39m
     [90m 18 |[39m
     [90m 19 |[39m [90m// Cleanup after all tests[39m[0m

      at Database.<anonymous> 
(node_modules/sequelize/src/dialects/sqlite/query.js:236:27)
      at node_modules/sequelize/src/dialects/sqlite/query.js:234:50
      at Query.run (node_modules/sequelize/src/dialects/sqlite/query.js:234:12)
      at node_modules/sequelize/src/sequelize.js:650:28
      at SQLiteQueryInterface.addIndex 
(node_modules/sequelize/src/dialects/abstract/query-interface.js:586:12)
      at Sector.sync (node_modules/sequelize/src/model.js:1427:7)
      at Sequelize.sync (node_modules/sequelize/src/sequelize.js:825:9)
      at Object.<anonymous> (tests/setup.js:16:3)

  ΓùÅ Trade Service ΓÇ║ buyCommodity ΓÇ║ should add cargo to ship



    [0m [90m 132 |[39m [90m */[39m
     [90m 133 |[39m [36mconst[39m cleanDatabase [33m=[39m 
[36masync[39m () [33m=>[39m {
    [31m[1m>[22m[39m[90m 134 |[39m   [36mawait[39m 
[33mTransaction[39m[33m.[39mdestroy({ where[33m:[39m {}[33m,[39m 
truncate[33m:[39m [36mtrue[39m[33m,[39m cascade[33m:[39m 
[36mtrue[39m })[33m;[39m
     [90m     |[39m   [31m[1m^[22m[39m
     [90m 135 |[39m   [36mawait[39m 
[33mShipCargo[39m[33m.[39mdestroy({ where[33m:[39m {}[33m,[39m 
truncate[33m:[39m [36mtrue[39m[33m,[39m cascade[33m:[39m 
[36mtrue[39m })[33m;[39m
     [90m 136 |[39m   [36mawait[39m 
[33mPortCommodity[39m[33m.[39mdestroy({ where[33m:[39m {}[33m,[39m 
truncate[33m:[39m [36mtrue[39m[33m,[39m cascade[33m:[39m 
[36mtrue[39m })[33m;[39m
     [90m 137 |[39m   [36mawait[39m [33mPort[39m[33m.[39mdestroy({ 
where[33m:[39m {}[33m,[39m truncate[33m:[39m [36mtrue[39m[33m,[39m 
cascade[33m:[39m [36mtrue[39m })[33m;[39m[0m

      at Database.<anonymous> 
(node_modules/sequelize/src/dialects/sqlite/query.js:236:27)
      at node_modules/sequelize/src/dialects/sqlite/query.js:234:50
      at Query.run (node_modules/sequelize/src/dialects/sqlite/query.js:234:12)
      at node_modules/sequelize/src/sequelize.js:650:28
      at Transaction.destroy (node_modules/sequelize/src/model.js:3083:16)
      at cleanDatabase (tests/helpers.js:134:3)
      at Object.<anonymous> (tests/services/tradeService.test.js:12:5)

  ΓùÅ Trade Service ΓÇ║ buyCommodity ΓÇ║ should reduce port stock



    [0m [90m 14 |[39m beforeAll([36masync[39m () [33m=>[39m {
     [90m 15 |[39m   [90m// Sync database with force to ensure clean 
state[39m
    [31m[1m>[22m[39m[90m 16 |[39m   [36mawait[39m 
sequelize[33m.[39msync({ force[33m:[39m [36mtrue[39m })[33m;[39m
     [90m    |[39m   [31m[1m^[22m[39m
     [90m 17 |[39m })[33m;[39m
     [90m 18 |[39m
     [90m 19 |[39m [90m// Cleanup after all tests[39m[0m

      at Database.<anonymous> 
(node_modules/sequelize/src/dialects/sqlite/query.js:236:27)
      at node_modules/sequelize/src/dialects/sqlite/query.js:234:50
      at Query.run (node_modules/sequelize/src/dialects/sqlite/query.js:234:12)
      at node_modules/sequelize/src/sequelize.js:650:28
      at SQLiteQueryInterface.addIndex 
(node_modules/sequelize/src/dialects/abstract/query-interface.js:586:12)
      at Sector.sync (node_modules/sequelize/src/model.js:1427:7)
      at Sequelize.sync (node_modules/sequelize/src/sequelize.js:825:9)
      at Object.<anonymous> (tests/setup.js:16:3)

  ΓùÅ Trade Service ΓÇ║ buyCommodity ΓÇ║ should reduce port stock



    [0m [90m 132 |[39m [90m */[39m
     [90m 133 |[39m [36mconst[39m cleanDatabase [33m=[39m 
[36masync[39m () [33m=>[39m {
    [31m[1m>[22m[39m[90m 134 |[39m   [36mawait[39m 
[33mTransaction[39m[33m.[39mdestroy({ where[33m:[39m {}[33m,[39m 
truncate[33m:[39m [36mtrue[39m[33m,[39m cascade[33m:[39m 
[36mtrue[39m })[33m;[39m
     [90m     |[39m   [31m[1m^[22m[39m
     [90m 135 |[39m   [36mawait[39m 
[33mShipCargo[39m[33m.[39mdestroy({ where[33m:[39m {}[33m,[39m 
truncate[33m:[39m [36mtrue[39m[33m,[39m cascade[33m:[39m 
[36mtrue[39m })[33m;[39m
     [90m 136 |[39m   [36mawait[39m 
[33mPortCommodity[39m[33m.[39mdestroy({ where[33m:[39m {}[33m,[39m 
truncate[33m:[39m [36mtrue[39m[33m,[39m cascade[33m:[39m 
[36mtrue[39m })[33m;[39m
     [90m 137 |[39m   [36mawait[39m [33mPort[39m[33m.[39mdestroy({ 
where[33m:[39m {}[33m,[39m truncate[33m:[39m [36mtrue[39m[33m,[39m 
cascade[33m:[39m [36mtrue[39m })[33m;[39m[0m

      at Database.<anonymous> 
(node_modules/sequelize/src/dialects/sqlite/query.js:236:27)
      at node_modules/sequelize/src/dialects/sqlite/query.js:234:50
      at Query.run (node_modules/sequelize/src/dialects/sqlite/query.js:234:12)
      at node_modules/sequelize/src/sequelize.js:650:28
      at Transaction.destroy (node_modules/sequelize/src/model.js:3083:16)
      at cleanDatabase (tests/helpers.js:134:3)
      at Object.<anonymous> (tests/services/tradeService.test.js:12:5)

  ΓùÅ Trade Service ΓÇ║ buyCommodity ΓÇ║ should create transaction record



    [0m [90m 14 |[39m beforeAll([36masync[39m () [33m=>[39m {
     [90m 15 |[39m   [90m// Sync database with force to ensure clean 
state[39m
    [31m[1m>[22m[39m[90m 16 |[39m   [36mawait[39m 
sequelize[33m.[39msync({ force[33m:[39m [36mtrue[39m })[33m;[39m
     [90m    |[39m   [31m[1m^[22m[39m
     [90m 17 |[39m })[33m;[39m
     [90m 18 |[39m
     [90m 19 |[39m [90m// Cleanup after all tests[39m[0m

      at Database.<anonymous> 
(node_modules/sequelize/src/dialects/sqlite/query.js:236:27)
      at node_modules/sequelize/src/dialects/sqlite/query.js:234:50
      at Query.run (node_modules/sequelize/src/dialects/sqlite/query.js:234:12)
      at node_modules/sequelize/src/sequelize.js:650:28
      at SQLiteQueryInterface.addIndex 
(node_modules/sequelize/src/dialects/abstract/query-interface.js:586:12)
      at Sector.sync (node_modules/sequelize/src/model.js:1427:7)
      at Sequelize.sync (node_modules/sequelize/src/sequelize.js:825:9)
      at Object.<anonymous> (tests/setup.js:16:3)

  ΓùÅ Trade Service ΓÇ║ buyCommodity ΓÇ║ should create transaction record



    [0m [90m 132 |[39m [90m */[39m
     [90m 133 |[39m [36mconst[39m cleanDatabase [33m=[39m 
[36masync[39m () [33m=>[39m {
    [31m[1m>[22m[39m[90m 134 |[39m   [36mawait[39m 
[33mTransaction[39m[33m.[39mdestroy({ where[33m:[39m {}[33m,[39m 
truncate[33m:[39m [36mtrue[39m[33m,[39m cascade[33m:[39m 
[36mtrue[39m })[33m;[39m
     [90m     |[39m   [31m[1m^[22m[39m
     [90m 135 |[39m   [36mawait[39m 
[33mShipCargo[39m[33m.[39mdestroy({ where[33m:[39m {}[33m,[39m 
truncate[33m:[39m [36mtrue[39m[33m,[39m cascade[33m:[39m 
[36mtrue[39m })[33m;[39m
     [90m 136 |[39m   [36mawait[39m 
[33mPortCommodity[39m[33m.[39mdestroy({ where[33m:[39m {}[33m,[39m 
truncate[33m:[39m [36mtrue[39m[33m,[39m cascade[33m:[39m 
[36mtrue[39m })[33m;[39m
     [90m 137 |[39m   [36mawait[39m [33mPort[39m[33m.[39mdestroy({ 
where[33m:[39m {}[33m,[39m truncate[33m:[39m [36mtrue[39m[33m,[39m 
cascade[33m:[39m [36mtrue[39m })[33m;[39m[0m

      at Database.<anonymous> 
(node_modules/sequelize/src/dialects/sqlite/query.js:236:27)
      at node_modules/sequelize/src/dialects/sqlite/query.js:234:50
      at Query.run (node_modules/sequelize/src/dialects/sqlite/query.js:234:12)
      at node_modules/sequelize/src/sequelize.js:650:28
      at Transaction.destroy (node_modules/sequelize/src/model.js:3083:16)
      at cleanDatabase (tests/helpers.js:134:3)
      at Object.<anonymous> (tests/services/tradeService.test.js:12:5)

  ΓùÅ Trade Service ΓÇ║ buyCommodity ΓÇ║ should fail with insufficient credits



    [0m [90m 14 |[39m beforeAll([36masync[39m () [33m=>[39m {
     [90m 15 |[39m   [90m// Sync database with force to ensure clean 
state[39m
    [31m[1m>[22m[39m[90m 16 |[39m   [36mawait[39m 
sequelize[33m.[39msync({ force[33m:[39m [36mtrue[39m })[33m;[39m
     [90m    |[39m   [31m[1m^[22m[39m
     [90m 17 |[39m })[33m;[39m
     [90m 18 |[39m
     [90m 19 |[39m [90m// Cleanup after all tests[39m[0m

      at Database.<anonymous> 
(node_modules/sequelize/src/dialects/sqlite/query.js:236:27)
      at node_modules/sequelize/src/dialects/sqlite/query.js:234:50
      at Query.run (node_modules/sequelize/src/dialects/sqlite/query.js:234:12)
      at node_modules/sequelize/src/sequelize.js:650:28
      at SQLiteQueryInterface.addIndex 
(node_modules/sequelize/src/dialects/abstract/query-interface.js:586:12)
      at Sector.sync (node_modules/sequelize/src/model.js:1427:7)
      at Sequelize.sync (node_modules/sequelize/src/sequelize.js:825:9)
      at Object.<anonymous> (tests/setup.js:16:3)

  ΓùÅ Trade Service ΓÇ║ buyCommodity ΓÇ║ should fail with insufficient credits



    [0m [90m 132 |[39m [90m */[39m
     [90m 133 |[39m [36mconst[39m cleanDatabase [33m=[39m 
[36masync[39m () [33m=>[39m {
    [31m[1m>[22m[39m[90m 134 |[39m   [36mawait[39m 
[33mTransaction[39m[33m.[39mdestroy({ where[33m:[39m {}[33m,[39m 
truncate[33m:[39m [36mtrue[39m[33m,[39m cascade[33m:[39m 
[36mtrue[39m })[33m;[39m
     [90m     |[39m   [31m[1m^[22m[39m
     [90m 135 |[39m   [36mawait[39m 
[33mShipCargo[39m[33m.[39mdestroy({ where[33m:[39m {}[33m,[39m 
truncate[33m:[39m [36mtrue[39m[33m,[39m cascade[33m:[39m 
[36mtrue[39m })[33m;[39m
     [90m 136 |[39m   [36mawait[39m 
[33mPortCommodity[39m[33m.[39mdestroy({ where[33m:[39m {}[33m,[39m 
truncate[33m:[39m [36mtrue[39m[33m,[39m cascade[33m:[39m 
[36mtrue[39m })[33m;[39m
     [90m 137 |[39m   [36mawait[39m [33mPort[39m[33m.[39mdestroy({ 
where[33m:[39m {}[33m,[39m truncate[33m:[39m [36mtrue[39m[33m,[39m 
cascade[33m:[39m [36mtrue[39m })[33m;[39m[0m

      at Database.<anonymous> 
(node_modules/sequelize/src/dialects/sqlite/query.js:236:27)
      at node_modules/sequelize/src/dialects/sqlite/query.js:234:50
      at Query.run (node_modules/sequelize/src/dialects/sqlite/query.js:234:12)
      at node_modules/sequelize/src/sequelize.js:650:28
      at Transaction.destroy (node_modules/sequelize/src/model.js:3083:16)
      at cleanDatabase (tests/helpers.js:134:3)
      at Object.<anonymous> (tests/services/tradeService.test.js:12:5)

  ΓùÅ Trade Service ΓÇ║ buyCommodity ΓÇ║ should fail with insufficient cargo 
space



    [0m [90m 14 |[39m beforeAll([36masync[39m () [33m=>[39m {
     [90m 15 |[39m   [90m// Sync database with force to ensure clean 
state[39m
    [31m[1m>[22m[39m[90m 16 |[39m   [36mawait[39m 
sequelize[33m.[39msync({ force[33m:[39m [36mtrue[39m })[33m;[39m
     [90m    |[39m   [31m[1m^[22m[39m
     [90m 17 |[39m })[33m;[39m
     [90m 18 |[39m
     [90m 19 |[39m [90m// Cleanup after all tests[39m[0m

      at Database.<anonymous> 
(node_modules/sequelize/src/dialects/sqlite/query.js:236:27)
      at node_modules/sequelize/src/dialects/sqlite/query.js:234:50
      at Query.run (node_modules/sequelize/src/dialects/sqlite/query.js:234:12)
      at node_modules/sequelize/src/sequelize.js:650:28
      at SQLiteQueryInterface.addIndex 
(node_modules/sequelize/src/dialects/abstract/query-interface.js:586:12)
      at Sector.sync (node_modules/sequelize/src/model.js:1427:7)
      at Sequelize.sync (node_modules/sequelize/src/sequelize.js:825:9)
      at Object.<anonymous> (tests/setup.js:16:3)

  ΓùÅ Trade Service ΓÇ║ buyCommodity ΓÇ║ should fail with insufficient cargo 
space



    [0m [90m 132 |[39m [90m */[39m
     [90m 133 |[39m [36mconst[39m cleanDatabase [33m=[39m 
[36masync[39m () [33m=>[39m {
    [31m[1m>[22m[39m[90m 134 |[39m   [36mawait[39m 
[33mTransaction[39m[33m.[39mdestroy({ where[33m:[39m {}[33m,[39m 
truncate[33m:[39m [36mtrue[39m[33m,[39m cascade[33m:[39m 
[36mtrue[39m })[33m;[39m
     [90m     |[39m   [31m[1m^[22m[39m
     [90m 135 |[39m   [36mawait[39m 
[33mShipCargo[39m[33m.[39mdestroy({ where[33m:[39m {}[33m,[39m 
truncate[33m:[39m [36mtrue[39m[33m,[39m cascade[33m:[39m 
[36mtrue[39m })[33m;[39m
     [90m 136 |[39m   [36mawait[39m 
[33mPortCommodity[39m[33m.[39mdestroy({ where[33m:[39m {}[33m,[39m 
truncate[33m:[39m [36mtrue[39m[33m,[39m cascade[33m:[39m 
[36mtrue[39m })[33m;[39m
     [90m 137 |[39m   [36mawait[39m [33mPort[39m[33m.[39mdestroy({ 
where[33m:[39m {}[33m,[39m truncate[33m:[39m [36mtrue[39m[33m,[39m 
cascade[33m:[39m [36mtrue[39m })[33m;[39m[0m

      at Database.<anonymous> 
(node_modules/sequelize/src/dialects/sqlite/query.js:236:27)
      at node_modules/sequelize/src/dialects/sqlite/query.js:234:50
      at Query.run (node_modules/sequelize/src/dialects/sqlite/query.js:234:12)
      at node_modules/sequelize/src/sequelize.js:650:28
      at Transaction.destroy (node_modules/sequelize/src/model.js:3083:16)
      at cleanDatabase (tests/helpers.js:134:3)
      at Object.<anonymous> (tests/services/tradeService.test.js:12:5)

  ΓùÅ Trade Service ΓÇ║ buyCommodity ΓÇ║ should fail when ship is not in port 
sector



    [0m [90m 14 |[39m beforeAll([36masync[39m () [33m=>[39m {
     [90m 15 |[39m   [90m// Sync database with force to ensure clean 
state[39m
    [31m[1m>[22m[39m[90m 16 |[39m   [36mawait[39m 
sequelize[33m.[39msync({ force[33m:[39m [36mtrue[39m })[33m;[39m
     [90m    |[39m   [31m[1m^[22m[39m
     [90m 17 |[39m })[33m;[39m
     [90m 18 |[39m
     [90m 19 |[39m [90m// Cleanup after all tests[39m[0m

      at Database.<anonymous> 
(node_modules/sequelize/src/dialects/sqlite/query.js:236:27)
      at node_modules/sequelize/src/dialects/sqlite/query.js:234:50
      at Query.run (node_modules/sequelize/src/dialects/sqlite/query.js:234:12)
      at node_modules/sequelize/src/sequelize.js:650:28
      at SQLiteQueryInterface.addIndex 
(node_modules/sequelize/src/dialects/abstract/query-interface.js:586:12)
      at Sector.sync (node_modules/sequelize/src/model.js:1427:7)
      at Sequelize.sync (node_modules/sequelize/src/sequelize.js:825:9)
      at Object.<anonymous> (tests/setup.js:16:3)

  ΓùÅ Trade Service ΓÇ║ buyCommodity ΓÇ║ should fail when ship is not in port 
sector



    [0m [90m 132 |[39m [90m */[39m
     [90m 133 |[39m [36mconst[39m cleanDatabase [33m=[39m 
[36masync[39m () [33m=>[39m {
    [31m[1m>[22m[39m[90m 134 |[39m   [36mawait[39m 
[33mTransaction[39m[33m.[39mdestroy({ where[33m:[39m {}[33m,[39m 
truncate[33m:[39m [36mtrue[39m[33m,[39m cascade[33m:[39m 
[36mtrue[39m })[33m;[39m
     [90m     |[39m   [31m[1m^[22m[39m
     [90m 135 |[39m   [36mawait[39m 
[33mShipCargo[39m[33m.[39mdestroy({ where[33m:[39m {}[33m,[39m 
truncate[33m:[39m [36mtrue[39m[33m,[39m cascade[33m:[39m 
[36mtrue[39m })[33m;[39m
     [90m 136 |[39m   [36mawait[39m 
[33mPortCommodity[39m[33m.[39mdestroy({ where[33m:[39m {}[33m,[39m 
truncate[33m:[39m [36mtrue[39m[33m,[39m cascade[33m:[39m 
[36mtrue[39m })[33m;[39m
     [90m 137 |[39m   [36mawait[39m [33mPort[39m[33m.[39mdestroy({ 
where[33m:[39m {}[33m,[39m truncate[33m:[39m [36mtrue[39m[33m,[39m 
cascade[33m:[39m [36mtrue[39m })[33m;[39m[0m

      at Database.<anonymous> 
(node_modules/sequelize/src/dialects/sqlite/query.js:236:27)
      at node_modules/sequelize/src/dialects/sqlite/query.js:234:50
      at Query.run (node_modules/sequelize/src/dialects/sqlite/query.js:234:12)
      at node_modules/sequelize/src/sequelize.js:650:28
      at Transaction.destroy (node_modules/sequelize/src/model.js:3083:16)
      at cleanDatabase (tests/helpers.js:134:3)
      at Object.<anonymous> (tests/services/tradeService.test.js:12:5)

  ΓùÅ Trade Service ΓÇ║ sellCommodity ΓÇ║ should successfully sell commodities



    [0m [90m 14 |[39m beforeAll([36masync[39m () [33m=>[39m {
     [90m 15 |[39m   [90m// Sync database with force to ensure clean 
state[39m
    [31m[1m>[22m[39m[90m 16 |[39m   [36mawait[39m 
sequelize[33m.[39msync({ force[33m:[39m [36mtrue[39m })[33m;[39m
     [90m    |[39m   [31m[1m^[22m[39m
     [90m 17 |[39m })[33m;[39m
     [90m 18 |[39m
     [90m 19 |[39m [90m// Cleanup after all tests[39m[0m

      at Database.<anonymous> 
(node_modules/sequelize/src/dialects/sqlite/query.js:236:27)
      at node_modules/sequelize/src/dialects/sqlite/query.js:234:50
      at Query.run (node_modules/sequelize/src/dialects/sqlite/query.js:234:12)
      at node_modules/sequelize/src/sequelize.js:650:28
      at SQLiteQueryInterface.addIndex 
(node_modules/sequelize/src/dialects/abstract/query-interface.js:586:12)
      at Sector.sync (node_modules/sequelize/src/model.js:1427:7)
      at Sequelize.sync (node_modules/sequelize/src/sequelize.js:825:9)
      at Object.<anonymous> (tests/setup.js:16:3)

  ΓùÅ Trade Service ΓÇ║ sellCommodity ΓÇ║ should successfully sell commodities



    [0m [90m 132 |[39m [90m */[39m
     [90m 133 |[39m [36mconst[39m cleanDatabase [33m=[39m 
[36masync[39m () [33m=>[39m {
    [31m[1m>[22m[39m[90m 134 |[39m   [36mawait[39m 
[33mTransaction[39m[33m.[39mdestroy({ where[33m:[39m {}[33m,[39m 
truncate[33m:[39m [36mtrue[39m[33m,[39m cascade[33m:[39m 
[36mtrue[39m })[33m;[39m
     [90m     |[39m   [31m[1m^[22m[39m
     [90m 135 |[39m   [36mawait[39m 
[33mShipCargo[39m[33m.[39mdestroy({ where[33m:[39m {}[33m,[39m 
truncate[33m:[39m [36mtrue[39m[33m,[39m cascade[33m:[39m 
[36mtrue[39m })[33m;[39m
     [90m 136 |[39m   [36mawait[39m 
[33mPortCommodity[39m[33m.[39mdestroy({ where[33m:[39m {}[33m,[39m 
truncate[33m:[39m [36mtrue[39m[33m,[39m cascade[33m:[39m 
[36mtrue[39m })[33m;[39m
     [90m 137 |[39m   [36mawait[39m [33mPort[39m[33m.[39mdestroy({ 
where[33m:[39m {}[33m,[39m truncate[33m:[39m [36mtrue[39m[33m,[39m 
cascade[33m:[39m [36mtrue[39m })[33m;[39m[0m

      at Database.<anonymous> 
(node_modules/sequelize/src/dialects/sqlite/query.js:236:27)
      at node_modules/sequelize/src/dialects/sqlite/query.js:234:50
      at Query.run (node_modules/sequelize/src/dialects/sqlite/query.js:234:12)
      at node_modules/sequelize/src/sequelize.js:650:28
      at Transaction.destroy (node_modules/sequelize/src/model.js:3083:16)
      at cleanDatabase (tests/helpers.js:134:3)
      at Object.<anonymous> (tests/services/tradeService.test.js:12:5)

  ΓùÅ Trade Service ΓÇ║ sellCommodity ΓÇ║ should add credits to user (minus 
tax)



    [0m [90m 14 |[39m beforeAll([36masync[39m () [33m=>[39m {
     [90m 15 |[39m   [90m// Sync database with force to ensure clean 
state[39m
    [31m[1m>[22m[39m[90m 16 |[39m   [36mawait[39m 
sequelize[33m.[39msync({ force[33m:[39m [36mtrue[39m })[33m;[39m
     [90m    |[39m   [31m[1m^[22m[39m
     [90m 17 |[39m })[33m;[39m
     [90m 18 |[39m
     [90m 19 |[39m [90m// Cleanup after all tests[39m[0m

      at Database.<anonymous> 
(node_modules/sequelize/src/dialects/sqlite/query.js:236:27)
      at node_modules/sequelize/src/dialects/sqlite/query.js:234:50
      at Query.run (node_modules/sequelize/src/dialects/sqlite/query.js:234:12)
      at node_modules/sequelize/src/sequelize.js:650:28
      at SQLiteQueryInterface.addIndex 
(node_modules/sequelize/src/dialects/abstract/query-interface.js:586:12)
      at Sector.sync (node_modules/sequelize/src/model.js:1427:7)
      at Sequelize.sync (node_modules/sequelize/src/sequelize.js:825:9)
      at Object.<anonymous> (tests/setup.js:16:3)

  ΓùÅ Trade Service ΓÇ║ sellCommodity ΓÇ║ should add credits to user (minus 
tax)



    [0m [90m 132 |[39m [90m */[39m
     [90m 133 |[39m [36mconst[39m cleanDatabase [33m=[39m 
[36masync[39m () [33m=>[39m {
    [31m[1m>[22m[39m[90m 134 |[39m   [36mawait[39m 
[33mTransaction[39m[33m.[39mdestroy({ where[33m:[39m {}[33m,[39m 
truncate[33m:[39m [36mtrue[39m[33m,[39m cascade[33m:[39m 
[36mtrue[39m })[33m;[39m
     [90m     |[39m   [31m[1m^[22m[39m
     [90m 135 |[39m   [36mawait[39m 
[33mShipCargo[39m[33m.[39mdestroy({ where[33m:[39m {}[33m,[39m 
truncate[33m:[39m [36mtrue[39m[33m,[39m cascade[33m:[39m 
[36mtrue[39m })[33m;[39m
     [90m 136 |[39m   [36mawait[39m 
[33mPortCommodity[39m[33m.[39mdestroy({ where[33m:[39m {}[33m,[39m 
truncate[33m:[39m [36mtrue[39m[33m,[39m cascade[33m:[39m 
[36mtrue[39m })[33m;[39m
     [90m 137 |[39m   [36mawait[39m [33mPort[39m[33m.[39mdestroy({ 
where[33m:[39m {}[33m,[39m truncate[33m:[39m [36mtrue[39m[33m,[39m 
cascade[33m:[39m [36mtrue[39m })[33m;[39m[0m

      at Database.<anonymous> 
(node_modules/sequelize/src/dialects/sqlite/query.js:236:27)
      at node_modules/sequelize/src/dialects/sqlite/query.js:234:50
      at Query.run (node_modules/sequelize/src/dialects/sqlite/query.js:234:12)
      at node_modules/sequelize/src/sequelize.js:650:28
      at Transaction.destroy (node_modules/sequelize/src/model.js:3083:16)
      at cleanDatabase (tests/helpers.js:134:3)
      at Object.<anonymous> (tests/services/tradeService.test.js:12:5)

  ΓùÅ Trade Service ΓÇ║ sellCommodity ΓÇ║ should remove cargo from ship



    [0m [90m 14 |[39m beforeAll([36masync[39m () [33m=>[39m {
     [90m 15 |[39m   [90m// Sync database with force to ensure clean 
state[39m
    [31m[1m>[22m[39m[90m 16 |[39m   [36mawait[39m 
sequelize[33m.[39msync({ force[33m:[39m [36mtrue[39m })[33m;[39m
     [90m    |[39m   [31m[1m^[22m[39m
     [90m 17 |[39m })[33m;[39m
     [90m 18 |[39m
     [90m 19 |[39m [90m// Cleanup after all tests[39m[0m

      at Database.<anonymous> 
(node_modules/sequelize/src/dialects/sqlite/query.js:236:27)
      at node_modules/sequelize/src/dialects/sqlite/query.js:234:50
      at Query.run (node_modules/sequelize/src/dialects/sqlite/query.js:234:12)
      at node_modules/sequelize/src/sequelize.js:650:28
      at SQLiteQueryInterface.addIndex 
(node_modules/sequelize/src/dialects/abstract/query-interface.js:586:12)
      at Sector.sync (node_modules/sequelize/src/model.js:1427:7)
      at Sequelize.sync (node_modules/sequelize/src/sequelize.js:825:9)
      at Object.<anonymous> (tests/setup.js:16:3)

  ΓùÅ Trade Service ΓÇ║ sellCommodity ΓÇ║ should remove cargo from ship



    [0m [90m 132 |[39m [90m */[39m
     [90m 133 |[39m [36mconst[39m cleanDatabase [33m=[39m 
[36masync[39m () [33m=>[39m {
    [31m[1m>[22m[39m[90m 134 |[39m   [36mawait[39m 
[33mTransaction[39m[33m.[39mdestroy({ where[33m:[39m {}[33m,[39m 
truncate[33m:[39m [36mtrue[39m[33m,[39m cascade[33m:[39m 
[36mtrue[39m })[33m;[39m
     [90m     |[39m   [31m[1m^[22m[39m
     [90m 135 |[39m   [36mawait[39m 
[33mShipCargo[39m[33m.[39mdestroy({ where[33m:[39m {}[33m,[39m 
truncate[33m:[39m [36mtrue[39m[33m,[39m cascade[33m:[39m 
[36mtrue[39m })[33m;[39m
     [90m 136 |[39m   [36mawait[39m 
[33mPortCommodity[39m[33m.[39mdestroy({ where[33m:[39m {}[33m,[39m 
truncate[33m:[39m [36mtrue[39m[33m,[39m cascade[33m:[39m 
[36mtrue[39m })[33m;[39m
     [90m 137 |[39m   [36mawait[39m [33mPort[39m[33m.[39mdestroy({ 
where[33m:[39m {}[33m,[39m truncate[33m:[39m [36mtrue[39m[33m,[39m 
cascade[33m:[39m [36mtrue[39m })[33m;[39m[0m

      at Database.<anonymous> 
(node_modules/sequelize/src/dialects/sqlite/query.js:236:27)
      at node_modules/sequelize/src/dialects/sqlite/query.js:234:50
      at Query.run (node_modules/sequelize/src/dialects/sqlite/query.js:234:12)
      at node_modules/sequelize/src/sequelize.js:650:28
      at Transaction.destroy (node_modules/sequelize/src/model.js:3083:16)
      at cleanDatabase (tests/helpers.js:134:3)
      at Object.<anonymous> (tests/services/tradeService.test.js:12:5)

  ΓùÅ Trade Service ΓÇ║ sellCommodity ΓÇ║ should fail with insufficient cargo



    [0m [90m 14 |[39m beforeAll([36masync[39m () [33m=>[39m {
     [90m 15 |[39m   [90m// Sync database with force to ensure clean 
state[39m
    [31m[1m>[22m[39m[90m 16 |[39m   [36mawait[39m 
sequelize[33m.[39msync({ force[33m:[39m [36mtrue[39m })[33m;[39m
     [90m    |[39m   [31m[1m^[22m[39m
     [90m 17 |[39m })[33m;[39m
     [90m 18 |[39m
     [90m 19 |[39m [90m// Cleanup after all tests[39m[0m

      at Database.<anonymous> 
(node_modules/sequelize/src/dialects/sqlite/query.js:236:27)
      at node_modules/sequelize/src/dialects/sqlite/query.js:234:50
      at Query.run (node_modules/sequelize/src/dialects/sqlite/query.js:234:12)
      at node_modules/sequelize/src/sequelize.js:650:28
      at SQLiteQueryInterface.addIndex 
(node_modules/sequelize/src/dialects/abstract/query-interface.js:586:12)
      at Sector.sync (node_modules/sequelize/src/model.js:1427:7)
      at Sequelize.sync (node_modules/sequelize/src/sequelize.js:825:9)
      at Object.<anonymous> (tests/setup.js:16:3)

  ΓùÅ Trade Service ΓÇ║ sellCommodity ΓÇ║ should fail with insufficient cargo



    [0m [90m 132 |[39m [90m */[39m
     [90m 133 |[39m [36mconst[39m cleanDatabase [33m=[39m 
[36masync[39m () [33m=>[39m {
    [31m[1m>[22m[39m[90m 134 |[39m   [36mawait[39m 
[33mTransaction[39m[33m.[39mdestroy({ where[33m:[39m {}[33m,[39m 
truncate[33m:[39m [36mtrue[39m[33m,[39m cascade[33m:[39m 
[36mtrue[39m })[33m;[39m
     [90m     |[39m   [31m[1m^[22m[39m
     [90m 135 |[39m   [36mawait[39m 
[33mShipCargo[39m[33m.[39mdestroy({ where[33m:[39m {}[33m,[39m 
truncate[33m:[39m [36mtrue[39m[33m,[39m cascade[33m:[39m 
[36mtrue[39m })[33m;[39m
     [90m 136 |[39m   [36mawait[39m 
[33mPortCommodity[39m[33m.[39mdestroy({ where[33m:[39m {}[33m,[39m 
truncate[33m:[39m [36mtrue[39m[33m,[39m cascade[33m:[39m 
[36mtrue[39m })[33m;[39m
     [90m 137 |[39m   [36mawait[39m [33mPort[39m[33m.[39mdestroy({ 
where[33m:[39m {}[33m,[39m truncate[33m:[39m [36mtrue[39m[33m,[39m 
cascade[33m:[39m [36mtrue[39m })[33m;[39m[0m

      at Database.<anonymous> 
(node_modules/sequelize/src/dialects/sqlite/query.js:236:27)
      at node_modules/sequelize/src/dialects/sqlite/query.js:234:50
      at Query.run (node_modules/sequelize/src/dialects/sqlite/query.js:234:12)
      at node_modules/sequelize/src/sequelize.js:650:28
      at Transaction.destroy (node_modules/sequelize/src/model.js:3083:16)
      at cleanDatabase (tests/helpers.js:134:3)
      at Object.<anonymous> (tests/services/tradeService.test.js:12:5)


  ΓùÅ Test suite failed to run



    [0m [90m 132 |[39m [90m */[39m
     [90m 133 |[39m [36mconst[39m cleanDatabase [33m=[39m 
[36masync[39m () [33m=>[39m {
    [31m[1m>[22m[39m[90m 134 |[39m   [36mawait[39m 
[33mTransaction[39m[33m.[39mdestroy({ where[33m:[39m {}[33m,[39m 
truncate[33m:[39m [36mtrue[39m[33m,[39m cascade[33m:[39m 
[36mtrue[39m })[33m;[39m
     [90m     |[39m   [31m[1m^[22m[39m
     [90m 135 |[39m   [36mawait[39m 
[33mShipCargo[39m[33m.[39mdestroy({ where[33m:[39m {}[33m,[39m 
truncate[33m:[39m [36mtrue[39m[33m,[39m cascade[33m:[39m 
[36mtrue[39m })[33m;[39m
     [90m 136 |[39m   [36mawait[39m 
[33mPortCommodity[39m[33m.[39mdestroy({ where[33m:[39m {}[33m,[39m 
truncate[33m:[39m [36mtrue[39m[33m,[39m cascade[33m:[39m 
[36mtrue[39m })[33m;[39m
     [90m 137 |[39m   [36mawait[39m [33mPort[39m[33m.[39mdestroy({ 
where[33m:[39m {}[33m,[39m truncate[33m:[39m [36mtrue[39m[33m,[39m 
cascade[33m:[39m [36mtrue[39m })[33m;[39m[0m

      at Database.<anonymous> 
(node_modules/sequelize/src/dialects/sqlite/query.js:236:27)
      at node_modules/sequelize/src/dialects/sqlite/query.js:234:50
      at Query.run (node_modules/sequelize/src/dialects/sqlite/query.js:234:12)
      at node_modules/sequelize/src/sequelize.js:650:28
      at Transaction.destroy (node_modules/sequelize/src/model.js:3083:16)
      at cleanDatabase (tests/helpers.js:134:3)
      at Object.<anonymous> (tests/services/tradeService.test.js:26:5)

FAIL tests/services/sectorService.test.js
  ΓùÅ Sector Service ΓÇ║ getSectorById ΓÇ║ should return sector details



    [0m [90m 14 |[39m beforeAll([36masync[39m () [33m=>[39m {
     [90m 15 |[39m   [90m// Sync database with force to ensure clean 
state[39m
    [31m[1m>[22m[39m[90m 16 |[39m   [36mawait[39m 
sequelize[33m.[39msync({ force[33m:[39m [36mtrue[39m })[33m;[39m
     [90m    |[39m   [31m[1m^[22m[39m
     [90m 17 |[39m })[33m;[39m
     [90m 18 |[39m
     [90m 19 |[39m [90m// Cleanup after all tests[39m[0m

      at Database.<anonymous> 
(node_modules/sequelize/src/dialects/sqlite/query.js:236:27)
      at node_modules/sequelize/src/dialects/sqlite/query.js:234:50
      at Query.run (node_modules/sequelize/src/dialects/sqlite/query.js:234:12)
      at node_modules/sequelize/src/sequelize.js:650:28
      at SQLiteQueryInterface.addIndex 
(node_modules/sequelize/src/dialects/abstract/query-interface.js:586:12)
      at Sector.sync (node_modules/sequelize/src/model.js:1427:7)
      at Sequelize.sync (node_modules/sequelize/src/sequelize.js:825:9)
      at Object.<anonymous> (tests/setup.js:16:3)

  ΓùÅ Sector Service ΓÇ║ getSectorById ΓÇ║ should return sector details



    [0m [90m 132 |[39m [90m */[39m
     [90m 133 |[39m [36mconst[39m cleanDatabase [33m=[39m 
[36masync[39m () [33m=>[39m {
    [31m[1m>[22m[39m[90m 134 |[39m   [36mawait[39m 
[33mTransaction[39m[33m.[39mdestroy({ where[33m:[39m {}[33m,[39m 
truncate[33m:[39m [36mtrue[39m[33m,[39m cascade[33m:[39m 
[36mtrue[39m })[33m;[39m
     [90m     |[39m   [31m[1m^[22m[39m
     [90m 135 |[39m   [36mawait[39m 
[33mShipCargo[39m[33m.[39mdestroy({ where[33m:[39m {}[33m,[39m 
truncate[33m:[39m [36mtrue[39m[33m,[39m cascade[33m:[39m 
[36mtrue[39m })[33m;[39m
     [90m 136 |[39m   [36mawait[39m 
[33mPortCommodity[39m[33m.[39mdestroy({ where[33m:[39m {}[33m,[39m 
truncate[33m:[39m [36mtrue[39m[33m,[39m cascade[33m:[39m 
[36mtrue[39m })[33m;[39m
     [90m 137 |[39m   [36mawait[39m [33mPort[39m[33m.[39mdestroy({ 
where[33m:[39m {}[33m,[39m truncate[33m:[39m [36mtrue[39m[33m,[39m 
cascade[33m:[39m [36mtrue[39m })[33m;[39m[0m

      at Database.<anonymous> 
(node_modules/sequelize/src/dialects/sqlite/query.js:236:27)
      at node_modules/sequelize/src/dialects/sqlite/query.js:234:50
      at Query.run (node_modules/sequelize/src/dialects/sqlite/query.js:234:12)
      at node_modules/sequelize/src/sequelize.js:650:28
      at Transaction.destroy (node_modules/sequelize/src/model.js:3083:16)
      at cleanDatabase (tests/helpers.js:134:3)
      at Object.<anonymous> (tests/services/sectorService.test.js:12:5)

  ΓùÅ Sector Service ΓÇ║ getSectorById ΓÇ║ should include connected sectors



    [0m [90m 14 |[39m beforeAll([36masync[39m () [33m=>[39m {
     [90m 15 |[39m   [90m// Sync database with force to ensure clean 
state[39m
    [31m[1m>[22m[39m[90m 16 |[39m   [36mawait[39m 
sequelize[33m.[39msync({ force[33m:[39m [36mtrue[39m })[33m;[39m
     [90m    |[39m   [31m[1m^[22m[39m
     [90m 17 |[39m })[33m;[39m
     [90m 18 |[39m
     [90m 19 |[39m [90m// Cleanup after all tests[39m[0m

      at Database.<anonymous> 
(node_modules/sequelize/src/dialects/sqlite/query.js:236:27)
      at node_modules/sequelize/src/dialects/sqlite/query.js:234:50
      at Query.run (node_modules/sequelize/src/dialects/sqlite/query.js:234:12)
      at node_modules/sequelize/src/sequelize.js:650:28
      at SQLiteQueryInterface.addIndex 
(node_modules/sequelize/src/dialects/abstract/query-interface.js:586:12)
      at Sector.sync (node_modules/sequelize/src/model.js:1427:7)
      at Sequelize.sync (node_modules/sequelize/src/sequelize.js:825:9)
      at Object.<anonymous> (tests/setup.js:16:3)

  ΓùÅ Sector Service ΓÇ║ getSectorById ΓÇ║ should include connected sectors



    [0m [90m 132 |[39m [90m */[39m
     [90m 133 |[39m [36mconst[39m cleanDatabase [33m=[39m 
[36masync[39m () [33m=>[39m {
    [31m[1m>[22m[39m[90m 134 |[39m   [36mawait[39m 
[33mTransaction[39m[33m.[39mdestroy({ where[33m:[39m {}[33m,[39m 
truncate[33m:[39m [36mtrue[39m[33m,[39m cascade[33m:[39m 
[36mtrue[39m })[33m;[39m
     [90m     |[39m   [31m[1m^[22m[39m
     [90m 135 |[39m   [36mawait[39m 
[33mShipCargo[39m[33m.[39mdestroy({ where[33m:[39m {}[33m,[39m 
truncate[33m:[39m [36mtrue[39m[33m,[39m cascade[33m:[39m 
[36mtrue[39m })[33m;[39m
     [90m 136 |[39m   [36mawait[39m 
[33mPortCommodity[39m[33m.[39mdestroy({ where[33m:[39m {}[33m,[39m 
truncate[33m:[39m [36mtrue[39m[33m,[39m cascade[33m:[39m 
[36mtrue[39m })[33m;[39m
     [90m 137 |[39m   [36mawait[39m [33mPort[39m[33m.[39mdestroy({ 
where[33m:[39m {}[33m,[39m truncate[33m:[39m [36mtrue[39m[33m,[39m 
cascade[33m:[39m [36mtrue[39m })[33m;[39m[0m

      at Database.<anonymous> 
(node_modules/sequelize/src/dialects/sqlite/query.js:236:27)
      at node_modules/sequelize/src/dialects/sqlite/query.js:234:50
      at Query.run (node_modules/sequelize/src/dialects/sqlite/query.js:234:12)
      at node_modules/sequelize/src/sequelize.js:650:28
      at Transaction.destroy (node_modules/sequelize/src/model.js:3083:16)
      at cleanDatabase (tests/helpers.js:134:3)
      at Object.<anonymous> (tests/services/sectorService.test.js:12:5)

  ΓùÅ Sector Service ΓÇ║ getSectorById ΓÇ║ should throw error for non-existent 
sector



    [0m [90m 14 |[39m beforeAll([36masync[39m () [33m=>[39m {
     [90m 15 |[39m   [90m// Sync database with force to ensure clean 
state[39m
    [31m[1m>[22m[39m[90m 16 |[39m   [36mawait[39m 
sequelize[33m.[39msync({ force[33m:[39m [36mtrue[39m })[33m;[39m
     [90m    |[39m   [31m[1m^[22m[39m
     [90m 17 |[39m })[33m;[39m
     [90m 18 |[39m
     [90m 19 |[39m [90m// Cleanup after all tests[39m[0m

      at Database.<anonymous> 
(node_modules/sequelize/src/dialects/sqlite/query.js:236:27)
      at node_modules/sequelize/src/dialects/sqlite/query.js:234:50
      at Query.run (node_modules/sequelize/src/dialects/sqlite/query.js:234:12)
      at node_modules/sequelize/src/sequelize.js:650:28
      at SQLiteQueryInterface.addIndex 
(node_modules/sequelize/src/dialects/abstract/query-interface.js:586:12)
      at Sector.sync (node_modules/sequelize/src/model.js:1427:7)
      at Sequelize.sync (node_modules/sequelize/src/sequelize.js:825:9)
      at Object.<anonymous> (tests/setup.js:16:3)

  ΓùÅ Sector Service ΓÇ║ getSectorById ΓÇ║ should throw error for non-existent 
sector



    [0m [90m 132 |[39m [90m */[39m
     [90m 133 |[39m [36mconst[39m cleanDatabase [33m=[39m 
[36masync[39m () [33m=>[39m {
    [31m[1m>[22m[39m[90m 134 |[39m   [36mawait[39m 
[33mTransaction[39m[33m.[39mdestroy({ where[33m:[39m {}[33m,[39m 
truncate[33m:[39m [36mtrue[39m[33m,[39m cascade[33m:[39m 
[36mtrue[39m })[33m;[39m
     [90m     |[39m   [31m[1m^[22m[39m
     [90m 135 |[39m   [36mawait[39m 
[33mShipCargo[39m[33m.[39mdestroy({ where[33m:[39m {}[33m,[39m 
truncate[33m:[39m [36mtrue[39m[33m,[39m cascade[33m:[39m 
[36mtrue[39m })[33m;[39m
     [90m 136 |[39m   [36mawait[39m 
[33mPortCommodity[39m[33m.[39mdestroy({ where[33m:[39m {}[33m,[39m 
truncate[33m:[39m [36mtrue[39m[33m,[39m cascade[33m:[39m 
[36mtrue[39m })[33m;[39m
     [90m 137 |[39m   [36mawait[39m [33mPort[39m[33m.[39mdestroy({ 
where[33m:[39m {}[33m,[39m truncate[33m:[39m [36mtrue[39m[33m,[39m 
cascade[33m:[39m [36mtrue[39m })[33m;[39m[0m

      at Database.<anonymous> 
(node_modules/sequelize/src/dialects/sqlite/query.js:236:27)
      at node_modules/sequelize/src/dialects/sqlite/query.js:234:50
      at Query.run (node_modules/sequelize/src/dialects/sqlite/query.js:234:12)
      at node_modules/sequelize/src/sequelize.js:650:28
      at Transaction.destroy (node_modules/sequelize/src/model.js:3083:16)
      at cleanDatabase (tests/helpers.js:134:3)
      at Object.<anonymous> (tests/services/sectorService.test.js:12:5)

  ΓùÅ Sector Service ΓÇ║ getConnectedSectors ΓÇ║ should return all directly 
connected sectors



    [0m [90m 14 |[39m beforeAll([36masync[39m () [33m=>[39m {
     [90m 15 |[39m   [90m// Sync database with force to ensure clean 
state[39m
    [31m[1m>[22m[39m[90m 16 |[39m   [36mawait[39m 
sequelize[33m.[39msync({ force[33m:[39m [36mtrue[39m })[33m;[39m
     [90m    |[39m   [31m[1m^[22m[39m
     [90m 17 |[39m })[33m;[39m
     [90m 18 |[39m
     [90m 19 |[39m [90m// Cleanup after all tests[39m[0m

      at Database.<anonymous> 
(node_modules/sequelize/src/dialects/sqlite/query.js:236:27)
      at node_modules/sequelize/src/dialects/sqlite/query.js:234:50
      at Query.run (node_modules/sequelize/src/dialects/sqlite/query.js:234:12)
      at node_modules/sequelize/src/sequelize.js:650:28
      at SQLiteQueryInterface.addIndex 
(node_modules/sequelize/src/dialects/abstract/query-interface.js:586:12)
      at Sector.sync (node_modules/sequelize/src/model.js:1427:7)
      at Sequelize.sync (node_modules/sequelize/src/sequelize.js:825:9)
      at Object.<anonymous> (tests/setup.js:16:3)

  ΓùÅ Sector Service ΓÇ║ getConnectedSectors ΓÇ║ should return all directly 
connected sectors



    [0m [90m 132 |[39m [90m */[39m
     [90m 133 |[39m [36mconst[39m cleanDatabase [33m=[39m 
[36masync[39m () [33m=>[39m {
    [31m[1m>[22m[39m[90m 134 |[39m   [36mawait[39m 
[33mTransaction[39m[33m.[39mdestroy({ where[33m:[39m {}[33m,[39m 
truncate[33m:[39m [36mtrue[39m[33m,[39m cascade[33m:[39m 
[36mtrue[39m })[33m;[39m
     [90m     |[39m   [31m[1m^[22m[39m
     [90m 135 |[39m   [36mawait[39m 
[33mShipCargo[39m[33m.[39mdestroy({ where[33m:[39m {}[33m,[39m 
truncate[33m:[39m [36mtrue[39m[33m,[39m cascade[33m:[39m 
[36mtrue[39m })[33m;[39m
     [90m 136 |[39m   [36mawait[39m 
[33mPortCommodity[39m[33m.[39mdestroy({ where[33m:[39m {}[33m,[39m 
truncate[33m:[39m [36mtrue[39m[33m,[39m cascade[33m:[39m 
[36mtrue[39m })[33m;[39m
     [90m 137 |[39m   [36mawait[39m [33mPort[39m[33m.[39mdestroy({ 
where[33m:[39m {}[33m,[39m truncate[33m:[39m [36mtrue[39m[33m,[39m 
cascade[33m:[39m [36mtrue[39m })[33m;[39m[0m

      at Database.<anonymous> 
(node_modules/sequelize/src/dialects/sqlite/query.js:236:27)
      at node_modules/sequelize/src/dialects/sqlite/query.js:234:50
      at Query.run (node_modules/sequelize/src/dialects/sqlite/query.js:234:12)
      at node_modules/sequelize/src/sequelize.js:650:28
      at Transaction.destroy (node_modules/sequelize/src/model.js:3083:16)
      at cleanDatabase (tests/helpers.js:134:3)
      at Object.<anonymous> (tests/services/sectorService.test.js:12:5)

  ΓùÅ Sector Service ΓÇ║ getConnectedSectors ΓÇ║ should return sector details 
for each connection



    [0m [90m 14 |[39m beforeAll([36masync[39m () [33m=>[39m {
     [90m 15 |[39m   [90m// Sync database with force to ensure clean 
state[39m
    [31m[1m>[22m[39m[90m 16 |[39m   [36mawait[39m 
sequelize[33m.[39msync({ force[33m:[39m [36mtrue[39m })[33m;[39m
     [90m    |[39m   [31m[1m^[22m[39m
     [90m 17 |[39m })[33m;[39m
     [90m 18 |[39m
     [90m 19 |[39m [90m// Cleanup after all tests[39m[0m

      at Database.<anonymous> 
(node_modules/sequelize/src/dialects/sqlite/query.js:236:27)
      at node_modules/sequelize/src/dialects/sqlite/query.js:234:50
      at Query.run (node_modules/sequelize/src/dialects/sqlite/query.js:234:12)
      at node_modules/sequelize/src/sequelize.js:650:28
      at SQLiteQueryInterface.addIndex 
(node_modules/sequelize/src/dialects/abstract/query-interface.js:586:12)
      at Sector.sync (node_modules/sequelize/src/model.js:1427:7)
      at Sequelize.sync (node_modules/sequelize/src/sequelize.js:825:9)
      at Object.<anonymous> (tests/setup.js:16:3)

  ΓùÅ Sector Service ΓÇ║ getConnectedSectors ΓÇ║ should return sector details 
for each connection



    [0m [90m 132 |[39m [90m */[39m
     [90m 133 |[39m [36mconst[39m cleanDatabase [33m=[39m 
[36masync[39m () [33m=>[39m {
    [31m[1m>[22m[39m[90m 134 |[39m   [36mawait[39m 
[33mTransaction[39m[33m.[39mdestroy({ where[33m:[39m {}[33m,[39m 
truncate[33m:[39m [36mtrue[39m[33m,[39m cascade[33m:[39m 
[36mtrue[39m })[33m;[39m
     [90m     |[39m   [31m[1m^[22m[39m
     [90m 135 |[39m   [36mawait[39m 
[33mShipCargo[39m[33m.[39mdestroy({ where[33m:[39m {}[33m,[39m 
truncate[33m:[39m [36mtrue[39m[33m,[39m cascade[33m:[39m 
[36mtrue[39m })[33m;[39m
     [90m 136 |[39m   [36mawait[39m 
[33mPortCommodity[39m[33m.[39mdestroy({ where[33m:[39m {}[33m,[39m 
truncate[33m:[39m [36mtrue[39m[33m,[39m cascade[33m:[39m 
[36mtrue[39m })[33m;[39m
     [90m 137 |[39m   [36mawait[39m [33mPort[39m[33m.[39mdestroy({ 
where[33m:[39m {}[33m,[39m truncate[33m:[39m [36mtrue[39m[33m,[39m 
cascade[33m:[39m [36mtrue[39m })[33m;[39m[0m

      at Database.<anonymous> 
(node_modules/sequelize/src/dialects/sqlite/query.js:236:27)
      at node_modules/sequelize/src/dialects/sqlite/query.js:234:50
      at Query.run (node_modules/sequelize/src/dialects/sqlite/query.js:234:12)
      at node_modules/sequelize/src/sequelize.js:650:28
      at Transaction.destroy (node_modules/sequelize/src/model.js:3083:16)
      at cleanDatabase (tests/helpers.js:134:3)
      at Object.<anonymous> (tests/services/sectorService.test.js:12:5)

  ΓùÅ Sector Service ΓÇ║ getConnectedSectors ΓÇ║ should return empty array for 
isolated sector



    [0m [90m 14 |[39m beforeAll([36masync[39m () [33m=>[39m {
     [90m 15 |[39m   [90m// Sync database with force to ensure clean 
state[39m
    [31m[1m>[22m[39m[90m 16 |[39m   [36mawait[39m 
sequelize[33m.[39msync({ force[33m:[39m [36mtrue[39m })[33m;[39m
     [90m    |[39m   [31m[1m^[22m[39m
     [90m 17 |[39m })[33m;[39m
     [90m 18 |[39m
     [90m 19 |[39m [90m// Cleanup after all tests[39m[0m

      at Database.<anonymous> 
(node_modules/sequelize/src/dialects/sqlite/query.js:236:27)
      at node_modules/sequelize/src/dialects/sqlite/query.js:234:50
      at Query.run (node_modules/sequelize/src/dialects/sqlite/query.js:234:12)
      at node_modules/sequelize/src/sequelize.js:650:28
      at SQLiteQueryInterface.addIndex 
(node_modules/sequelize/src/dialects/abstract/query-interface.js:586:12)
      at Sector.sync (node_modules/sequelize/src/model.js:1427:7)
      at Sequelize.sync (node_modules/sequelize/src/sequelize.js:825:9)
      at Object.<anonymous> (tests/setup.js:16:3)

  ΓùÅ Sector Service ΓÇ║ getConnectedSectors ΓÇ║ should return empty array for 
isolated sector



    [0m [90m 132 |[39m [90m */[39m
     [90m 133 |[39m [36mconst[39m cleanDatabase [33m=[39m 
[36masync[39m () [33m=>[39m {
    [31m[1m>[22m[39m[90m 134 |[39m   [36mawait[39m 
[33mTransaction[39m[33m.[39mdestroy({ where[33m:[39m {}[33m,[39m 
truncate[33m:[39m [36mtrue[39m[33m,[39m cascade[33m:[39m 
[36mtrue[39m })[33m;[39m
     [90m     |[39m   [31m[1m^[22m[39m
     [90m 135 |[39m   [36mawait[39m 
[33mShipCargo[39m[33m.[39mdestroy({ where[33m:[39m {}[33m,[39m 
truncate[33m:[39m [36mtrue[39m[33m,[39m cascade[33m:[39m 
[36mtrue[39m })[33m;[39m
     [90m 136 |[39m   [36mawait[39m 
[33mPortCommodity[39m[33m.[39mdestroy({ where[33m:[39m {}[33m,[39m 
truncate[33m:[39m [36mtrue[39m[33m,[39m cascade[33m:[39m 
[36mtrue[39m })[33m;[39m
     [90m 137 |[39m   [36mawait[39m [33mPort[39m[33m.[39mdestroy({ 
where[33m:[39m {}[33m,[39m truncate[33m:[39m [36mtrue[39m[33m,[39m 
cascade[33m:[39m [36mtrue[39m })[33m;[39m[0m

      at Database.<anonymous> 
(node_modules/sequelize/src/dialects/sqlite/query.js:236:27)
      at node_modules/sequelize/src/dialects/sqlite/query.js:234:50
      at Query.run (node_modules/sequelize/src/dialects/sqlite/query.js:234:12)
      at node_modules/sequelize/src/sequelize.js:650:28
      at Transaction.destroy (node_modules/sequelize/src/model.js:3083:16)
      at cleanDatabase (tests/helpers.js:134:3)
      at Object.<anonymous> (tests/services/sectorService.test.js:12:5)

  ΓùÅ Sector Service ΓÇ║ getAllSectors ΓÇ║ should return all sectors



    [0m [90m 14 |[39m beforeAll([36masync[39m () [33m=>[39m {
     [90m 15 |[39m   [90m// Sync database with force to ensure clean 
state[39m
    [31m[1m>[22m[39m[90m 16 |[39m   [36mawait[39m 
sequelize[33m.[39msync({ force[33m:[39m [36mtrue[39m })[33m;[39m
     [90m    |[39m   [31m[1m^[22m[39m
     [90m 17 |[39m })[33m;[39m
     [90m 18 |[39m
     [90m 19 |[39m [90m// Cleanup after all tests[39m[0m

      at Database.<anonymous> 
(node_modules/sequelize/src/dialects/sqlite/query.js:236:27)
      at node_modules/sequelize/src/dialects/sqlite/query.js:234:50
      at Query.run (node_modules/sequelize/src/dialects/sqlite/query.js:234:12)
      at node_modules/sequelize/src/sequelize.js:650:28
      at SQLiteQueryInterface.addIndex 
(node_modules/sequelize/src/dialects/abstract/query-interface.js:586:12)
      at Sector.sync (node_modules/sequelize/src/model.js:1427:7)
      at Sequelize.sync (node_modules/sequelize/src/sequelize.js:825:9)
      at Object.<anonymous> (tests/setup.js:16:3)

  ΓùÅ Sector Service ΓÇ║ getAllSectors ΓÇ║ should return all sectors



    [0m [90m 132 |[39m [90m */[39m
     [90m 133 |[39m [36mconst[39m cleanDatabase [33m=[39m 
[36masync[39m () [33m=>[39m {
    [31m[1m>[22m[39m[90m 134 |[39m   [36mawait[39m 
[33mTransaction[39m[33m.[39mdestroy({ where[33m:[39m {}[33m,[39m 
truncate[33m:[39m [36mtrue[39m[33m,[39m cascade[33m:[39m 
[36mtrue[39m })[33m;[39m
     [90m     |[39m   [31m[1m^[22m[39m
     [90m 135 |[39m   [36mawait[39m 
[33mShipCargo[39m[33m.[39mdestroy({ where[33m:[39m {}[33m,[39m 
truncate[33m:[39m [36mtrue[39m[33m,[39m cascade[33m:[39m 
[36mtrue[39m })[33m;[39m
     [90m 136 |[39m   [36mawait[39m 
[33mPortCommodity[39m[33m.[39mdestroy({ where[33m:[39m {}[33m,[39m 
truncate[33m:[39m [36mtrue[39m[33m,[39m cascade[33m:[39m 
[36mtrue[39m })[33m;[39m
     [90m 137 |[39m   [36mawait[39m [33mPort[39m[33m.[39mdestroy({ 
where[33m:[39m {}[33m,[39m truncate[33m:[39m [36mtrue[39m[33m,[39m 
cascade[33m:[39m [36mtrue[39m })[33m;[39m[0m

      at Database.<anonymous> 
(node_modules/sequelize/src/dialects/sqlite/query.js:236:27)
      at node_modules/sequelize/src/dialects/sqlite/query.js:234:50
      at Query.run (node_modules/sequelize/src/dialects/sqlite/query.js:234:12)
      at node_modules/sequelize/src/sequelize.js:650:28
      at Transaction.destroy (node_modules/sequelize/src/model.js:3083:16)
      at cleanDatabase (tests/helpers.js:134:3)
      at Object.<anonymous> (tests/services/sectorService.test.js:12:5)

  ΓùÅ Sector Service ΓÇ║ getAllSectors ΓÇ║ should support pagination



    [0m [90m 14 |[39m beforeAll([36masync[39m () [33m=>[39m {
     [90m 15 |[39m   [90m// Sync database with force to ensure clean 
state[39m
    [31m[1m>[22m[39m[90m 16 |[39m   [36mawait[39m 
sequelize[33m.[39msync({ force[33m:[39m [36mtrue[39m })[33m;[39m
     [90m    |[39m   [31m[1m^[22m[39m
     [90m 17 |[39m })[33m;[39m
     [90m 18 |[39m
     [90m 19 |[39m [90m// Cleanup after all tests[39m[0m

      at Database.<anonymous> 
(node_modules/sequelize/src/dialects/sqlite/query.js:236:27)
      at node_modules/sequelize/src/dialects/sqlite/query.js:234:50
      at Query.run (node_modules/sequelize/src/dialects/sqlite/query.js:234:12)
      at node_modules/sequelize/src/sequelize.js:650:28
      at SQLiteQueryInterface.addIndex 
(node_modules/sequelize/src/dialects/abstract/query-interface.js:586:12)
      at Sector.sync (node_modules/sequelize/src/model.js:1427:7)
      at Sequelize.sync (node_modules/sequelize/src/sequelize.js:825:9)
      at Object.<anonymous> (tests/setup.js:16:3)

  ΓùÅ Sector Service ΓÇ║ getAllSectors ΓÇ║ should support pagination



    [0m [90m 132 |[39m [90m */[39m
     [90m 133 |[39m [36mconst[39m cleanDatabase [33m=[39m 
[36masync[39m () [33m=>[39m {
    [31m[1m>[22m[39m[90m 134 |[39m   [36mawait[39m 
[33mTransaction[39m[33m.[39mdestroy({ where[33m:[39m {}[33m,[39m 
truncate[33m:[39m [36mtrue[39m[33m,[39m cascade[33m:[39m 
[36mtrue[39m })[33m;[39m
     [90m     |[39m   [31m[1m^[22m[39m
     [90m 135 |[39m   [36mawait[39m 
[33mShipCargo[39m[33m.[39mdestroy({ where[33m:[39m {}[33m,[39m 
truncate[33m:[39m [36mtrue[39m[33m,[39m cascade[33m:[39m 
[36mtrue[39m })[33m;[39m
     [90m 136 |[39m   [36mawait[39m 
[33mPortCommodity[39m[33m.[39mdestroy({ where[33m:[39m {}[33m,[39m 
truncate[33m:[39m [36mtrue[39m[33m,[39m cascade[33m:[39m 
[36mtrue[39m })[33m;[39m
     [90m 137 |[39m   [36mawait[39m [33mPort[39m[33m.[39mdestroy({ 
where[33m:[39m {}[33m,[39m truncate[33m:[39m [36mtrue[39m[33m,[39m 
cascade[33m:[39m [36mtrue[39m })[33m;[39m[0m

      at Database.<anonymous> 
(node_modules/sequelize/src/dialects/sqlite/query.js:236:27)
      at node_modules/sequelize/src/dialects/sqlite/query.js:234:50
      at Query.run (node_modules/sequelize/src/dialects/sqlite/query.js:234:12)
      at node_modules/sequelize/src/sequelize.js:650:28
      at Transaction.destroy (node_modules/sequelize/src/model.js:3083:16)
      at cleanDatabase (tests/helpers.js:134:3)
      at Object.<anonymous> (tests/services/sectorService.test.js:12:5)

  ΓùÅ Sector Service ΓÇ║ getSectorMap ΓÇ║ should return sector map data



    [0m [90m 14 |[39m beforeAll([36masync[39m () [33m=>[39m {
     [90m 15 |[39m   [90m// Sync database with force to ensure clean 
state[39m
    [31m[1m>[22m[39m[90m 16 |[39m   [36mawait[39m 
sequelize[33m.[39msync({ force[33m:[39m [36mtrue[39m })[33m;[39m
     [90m    |[39m   [31m[1m^[22m[39m
     [90m 17 |[39m })[33m;[39m
     [90m 18 |[39m
     [90m 19 |[39m [90m// Cleanup after all tests[39m[0m

      at Database.<anonymous> 
(node_modules/sequelize/src/dialects/sqlite/query.js:236:27)
      at node_modules/sequelize/src/dialects/sqlite/query.js:234:50
      at Query.run (node_modules/sequelize/src/dialects/sqlite/query.js:234:12)
      at node_modules/sequelize/src/sequelize.js:650:28
      at SQLiteQueryInterface.addIndex 
(node_modules/sequelize/src/dialects/abstract/query-interface.js:586:12)
      at Sector.sync (node_modules/sequelize/src/model.js:1427:7)
      at Sequelize.sync (node_modules/sequelize/src/sequelize.js:825:9)
      at Object.<anonymous> (tests/setup.js:16:3)

  ΓùÅ Sector Service ΓÇ║ getSectorMap ΓÇ║ should return sector map data



    [0m [90m 132 |[39m [90m */[39m
     [90m 133 |[39m [36mconst[39m cleanDatabase [33m=[39m 
[36masync[39m () [33m=>[39m {
    [31m[1m>[22m[39m[90m 134 |[39m   [36mawait[39m 
[33mTransaction[39m[33m.[39mdestroy({ where[33m:[39m {}[33m,[39m 
truncate[33m:[39m [36mtrue[39m[33m,[39m cascade[33m:[39m 
[36mtrue[39m })[33m;[39m
     [90m     |[39m   [31m[1m^[22m[39m
     [90m 135 |[39m   [36mawait[39m 
[33mShipCargo[39m[33m.[39mdestroy({ where[33m:[39m {}[33m,[39m 
truncate[33m:[39m [36mtrue[39m[33m,[39m cascade[33m:[39m 
[36mtrue[39m })[33m;[39m
     [90m 136 |[39m   [36mawait[39m 
[33mPortCommodity[39m[33m.[39mdestroy({ where[33m:[39m {}[33m,[39m 
truncate[33m:[39m [36mtrue[39m[33m,[39m cascade[33m:[39m 
[36mtrue[39m })[33m;[39m
     [90m 137 |[39m   [36mawait[39m [33mPort[39m[33m.[39mdestroy({ 
where[33m:[39m {}[33m,[39m truncate[33m:[39m [36mtrue[39m[33m,[39m 
cascade[33m:[39m [36mtrue[39m })[33m;[39m[0m

      at Database.<anonymous> 
(node_modules/sequelize/src/dialects/sqlite/query.js:236:27)
      at node_modules/sequelize/src/dialects/sqlite/query.js:234:50
      at Query.run (node_modules/sequelize/src/dialects/sqlite/query.js:234:12)
      at node_modules/sequelize/src/sequelize.js:650:28
      at Transaction.destroy (node_modules/sequelize/src/model.js:3083:16)
      at cleanDatabase (tests/helpers.js:134:3)
      at Object.<anonymous> (tests/services/sectorService.test.js:12:5)

  ΓùÅ Sector Service ΓÇ║ getSectorMap ΓÇ║ should include coordinates for each 
sector



    [0m [90m 14 |[39m beforeAll([36masync[39m () [33m=>[39m {
     [90m 15 |[39m   [90m// Sync database with force to ensure clean 
state[39m
    [31m[1m>[22m[39m[90m 16 |[39m   [36mawait[39m 
sequelize[33m.[39msync({ force[33m:[39m [36mtrue[39m })[33m;[39m
     [90m    |[39m   [31m[1m^[22m[39m
     [90m 17 |[39m })[33m;[39m
     [90m 18 |[39m
     [90m 19 |[39m [90m// Cleanup after all tests[39m[0m

      at Database.<anonymous> 
(node_modules/sequelize/src/dialects/sqlite/query.js:236:27)
      at node_modules/sequelize/src/dialects/sqlite/query.js:234:50
      at Query.run (node_modules/sequelize/src/dialects/sqlite/query.js:234:12)
      at node_modules/sequelize/src/sequelize.js:650:28
      at SQLiteQueryInterface.addIndex 
(node_modules/sequelize/src/dialects/abstract/query-interface.js:586:12)
      at Sector.sync (node_modules/sequelize/src/model.js:1427:7)
      at Sequelize.sync (node_modules/sequelize/src/sequelize.js:825:9)
      at Object.<anonymous> (tests/setup.js:16:3)

  ΓùÅ Sector Service ΓÇ║ getSectorMap ΓÇ║ should include coordinates for each 
sector



    [0m [90m 132 |[39m [90m */[39m
     [90m 133 |[39m [36mconst[39m cleanDatabase [33m=[39m 
[36masync[39m () [33m=>[39m {
    [31m[1m>[22m[39m[90m 134 |[39m   [36mawait[39m 
[33mTransaction[39m[33m.[39mdestroy({ where[33m:[39m {}[33m,[39m 
truncate[33m:[39m [36mtrue[39m[33m,[39m cascade[33m:[39m 
[36mtrue[39m })[33m;[39m
     [90m     |[39m   [31m[1m^[22m[39m
     [90m 135 |[39m   [36mawait[39m 
[33mShipCargo[39m[33m.[39mdestroy({ where[33m:[39m {}[33m,[39m 
truncate[33m:[39m [36mtrue[39m[33m,[39m cascade[33m:[39m 
[36mtrue[39m })[33m;[39m
     [90m 136 |[39m   [36mawait[39m 
[33mPortCommodity[39m[33m.[39mdestroy({ where[33m:[39m {}[33m,[39m 
truncate[33m:[39m [36mtrue[39m[33m,[39m cascade[33m:[39m 
[36mtrue[39m })[33m;[39m
     [90m 137 |[39m   [36mawait[39m [33mPort[39m[33m.[39mdestroy({ 
where[33m:[39m {}[33m,[39m truncate[33m:[39m [36mtrue[39m[33m,[39m 
cascade[33m:[39m [36mtrue[39m })[33m;[39m[0m

      at Database.<anonymous> 
(node_modules/sequelize/src/dialects/sqlite/query.js:236:27)
      at node_modules/sequelize/src/dialects/sqlite/query.js:234:50
      at Query.run (node_modules/sequelize/src/dialects/sqlite/query.js:234:12)
      at node_modules/sequelize/src/sequelize.js:650:28
      at Transaction.destroy (node_modules/sequelize/src/model.js:3083:16)
      at cleanDatabase (tests/helpers.js:134:3)
      at Object.<anonymous> (tests/services/sectorService.test.js:12:5)

  ΓùÅ Sector Service ΓÇ║ isConnected ΓÇ║ should return true for connected 
sectors



    [0m [90m 14 |[39m beforeAll([36masync[39m () [33m=>[39m {
     [90m 15 |[39m   [90m// Sync database with force to ensure clean 
state[39m
    [31m[1m>[22m[39m[90m 16 |[39m   [36mawait[39m 
sequelize[33m.[39msync({ force[33m:[39m [36mtrue[39m })[33m;[39m
     [90m    |[39m   [31m[1m^[22m[39m
     [90m 17 |[39m })[33m;[39m
     [90m 18 |[39m
     [90m 19 |[39m [90m// Cleanup after all tests[39m[0m

      at Database.<anonymous> 
(node_modules/sequelize/src/dialects/sqlite/query.js:236:27)
      at node_modules/sequelize/src/dialects/sqlite/query.js:234:50
      at Query.run (node_modules/sequelize/src/dialects/sqlite/query.js:234:12)
      at node_modules/sequelize/src/sequelize.js:650:28
      at SQLiteQueryInterface.addIndex 
(node_modules/sequelize/src/dialects/abstract/query-interface.js:586:12)
      at Sector.sync (node_modules/sequelize/src/model.js:1427:7)
      at Sequelize.sync (node_modules/sequelize/src/sequelize.js:825:9)
      at Object.<anonymous> (tests/setup.js:16:3)

  ΓùÅ Sector Service ΓÇ║ isConnected ΓÇ║ should return true for connected 
sectors



    [0m [90m 132 |[39m [90m */[39m
     [90m 133 |[39m [36mconst[39m cleanDatabase [33m=[39m 
[36masync[39m () [33m=>[39m {
    [31m[1m>[22m[39m[90m 134 |[39m   [36mawait[39m 
[33mTransaction[39m[33m.[39mdestroy({ where[33m:[39m {}[33m,[39m 
truncate[33m:[39m [36mtrue[39m[33m,[39m cascade[33m:[39m 
[36mtrue[39m })[33m;[39m
     [90m     |[39m   [31m[1m^[22m[39m
     [90m 135 |[39m   [36mawait[39m 
[33mShipCargo[39m[33m.[39mdestroy({ where[33m:[39m {}[33m,[39m 
truncate[33m:[39m [36mtrue[39m[33m,[39m cascade[33m:[39m 
[36mtrue[39m })[33m;[39m
     [90m 136 |[39m   [36mawait[39m 
[33mPortCommodity[39m[33m.[39mdestroy({ where[33m:[39m {}[33m,[39m 
truncate[33m:[39m [36mtrue[39m[33m,[39m cascade[33m:[39m 
[36mtrue[39m })[33m;[39m
     [90m 137 |[39m   [36mawait[39m [33mPort[39m[33m.[39mdestroy({ 
where[33m:[39m {}[33m,[39m truncate[33m:[39m [36mtrue[39m[33m,[39m 
cascade[33m:[39m [36mtrue[39m })[33m;[39m[0m

      at Database.<anonymous> 
(node_modules/sequelize/src/dialects/sqlite/query.js:236:27)
      at node_modules/sequelize/src/dialects/sqlite/query.js:234:50
      at Query.run (node_modules/sequelize/src/dialects/sqlite/query.js:234:12)
      at node_modules/sequelize/src/sequelize.js:650:28
      at Transaction.destroy (node_modules/sequelize/src/model.js:3083:16)
      at cleanDatabase (tests/helpers.js:134:3)
      at Object.<anonymous> (tests/services/sectorService.test.js:12:5)

  ΓùÅ Sector Service ΓÇ║ isConnected ΓÇ║ should return false for non-connected 
sectors



    [0m [90m 14 |[39m beforeAll([36masync[39m () [33m=>[39m {
     [90m 15 |[39m   [90m// Sync database with force to ensure clean 
state[39m
    [31m[1m>[22m[39m[90m 16 |[39m   [36mawait[39m 
sequelize[33m.[39msync({ force[33m:[39m [36mtrue[39m })[33m;[39m
     [90m    |[39m   [31m[1m^[22m[39m
     [90m 17 |[39m })[33m;[39m
     [90m 18 |[39m
     [90m 19 |[39m [90m// Cleanup after all tests[39m[0m

      at Database.<anonymous> 
(node_modules/sequelize/src/dialects/sqlite/query.js:236:27)
      at node_modules/sequelize/src/dialects/sqlite/query.js:234:50
      at Query.run (node_modules/sequelize/src/dialects/sqlite/query.js:234:12)
      at node_modules/sequelize/src/sequelize.js:650:28
      at SQLiteQueryInterface.addIndex 
(node_modules/sequelize/src/dialects/abstract/query-interface.js:586:12)
      at Sector.sync (node_modules/sequelize/src/model.js:1427:7)
      at Sequelize.sync (node_modules/sequelize/src/sequelize.js:825:9)
      at Object.<anonymous> (tests/setup.js:16:3)

  ΓùÅ Sector Service ΓÇ║ isConnected ΓÇ║ should return false for non-connected 
sectors



    [0m [90m 132 |[39m [90m */[39m
     [90m 133 |[39m [36mconst[39m cleanDatabase [33m=[39m 
[36masync[39m () [33m=>[39m {
    [31m[1m>[22m[39m[90m 134 |[39m   [36mawait[39m 
[33mTransaction[39m[33m.[39mdestroy({ where[33m:[39m {}[33m,[39m 
truncate[33m:[39m [36mtrue[39m[33m,[39m cascade[33m:[39m 
[36mtrue[39m })[33m;[39m
     [90m     |[39m   [31m[1m^[22m[39m
     [90m 135 |[39m   [36mawait[39m 
[33mShipCargo[39m[33m.[39mdestroy({ where[33m:[39m {}[33m,[39m 
truncate[33m:[39m [36mtrue[39m[33m,[39m cascade[33m:[39m 
[36mtrue[39m })[33m;[39m
     [90m 136 |[39m   [36mawait[39m 
[33mPortCommodity[39m[33m.[39mdestroy({ where[33m:[39m {}[33m,[39m 
truncate[33m:[39m [36mtrue[39m[33m,[39m cascade[33m:[39m 
[36mtrue[39m })[33m;[39m
     [90m 137 |[39m   [36mawait[39m [33mPort[39m[33m.[39mdestroy({ 
where[33m:[39m {}[33m,[39m truncate[33m:[39m [36mtrue[39m[33m,[39m 
cascade[33m:[39m [36mtrue[39m })[33m;[39m[0m

      at Database.<anonymous> 
(node_modules/sequelize/src/dialects/sqlite/query.js:236:27)
      at node_modules/sequelize/src/dialects/sqlite/query.js:234:50
      at Query.run (node_modules/sequelize/src/dialects/sqlite/query.js:234:12)
      at node_modules/sequelize/src/sequelize.js:650:28
      at Transaction.destroy (node_modules/sequelize/src/model.js:3083:16)
      at cleanDatabase (tests/helpers.js:134:3)
      at Object.<anonymous> (tests/services/sectorService.test.js:12:5)

  ΓùÅ Sector Service ΓÇ║ isConnected ΓÇ║ should return false for same sector



    [0m [90m 14 |[39m beforeAll([36masync[39m () [33m=>[39m {
     [90m 15 |[39m   [90m// Sync database with force to ensure clean 
state[39m
    [31m[1m>[22m[39m[90m 16 |[39m   [36mawait[39m 
sequelize[33m.[39msync({ force[33m:[39m [36mtrue[39m })[33m;[39m
     [90m    |[39m   [31m[1m^[22m[39m
     [90m 17 |[39m })[33m;[39m
     [90m 18 |[39m
     [90m 19 |[39m [90m// Cleanup after all tests[39m[0m

      at Database.<anonymous> 
(node_modules/sequelize/src/dialects/sqlite/query.js:236:27)
      at node_modules/sequelize/src/dialects/sqlite/query.js:234:50
      at Query.run (node_modules/sequelize/src/dialects/sqlite/query.js:234:12)
      at node_modules/sequelize/src/sequelize.js:650:28
      at SQLiteQueryInterface.addIndex 
(node_modules/sequelize/src/dialects/abstract/query-interface.js:586:12)
      at Sector.sync (node_modules/sequelize/src/model.js:1427:7)
      at Sequelize.sync (node_modules/sequelize/src/sequelize.js:825:9)
      at Object.<anonymous> (tests/setup.js:16:3)

  ΓùÅ Sector Service ΓÇ║ isConnected ΓÇ║ should return false for same sector



    [0m [90m 132 |[39m [90m */[39m
     [90m 133 |[39m [36mconst[39m cleanDatabase [33m=[39m 
[36masync[39m () [33m=>[39m {
    [31m[1m>[22m[39m[90m 134 |[39m   [36mawait[39m 
[33mTransaction[39m[33m.[39mdestroy({ where[33m:[39m {}[33m,[39m 
truncate[33m:[39m [36mtrue[39m[33m,[39m cascade[33m:[39m 
[36mtrue[39m })[33m;[39m
     [90m     |[39m   [31m[1m^[22m[39m
     [90m 135 |[39m   [36mawait[39m 
[33mShipCargo[39m[33m.[39mdestroy({ where[33m:[39m {}[33m,[39m 
truncate[33m:[39m [36mtrue[39m[33m,[39m cascade[33m:[39m 
[36mtrue[39m })[33m;[39m
     [90m 136 |[39m   [36mawait[39m 
[33mPortCommodity[39m[33m.[39mdestroy({ where[33m:[39m {}[33m,[39m 
truncate[33m:[39m [36mtrue[39m[33m,[39m cascade[33m:[39m 
[36mtrue[39m })[33m;[39m
     [90m 137 |[39m   [36mawait[39m [33mPort[39m[33m.[39mdestroy({ 
where[33m:[39m {}[33m,[39m truncate[33m:[39m [36mtrue[39m[33m,[39m 
cascade[33m:[39m [36mtrue[39m })[33m;[39m[0m

      at Database.<anonymous> 
(node_modules/sequelize/src/dialects/sqlite/query.js:236:27)
      at node_modules/sequelize/src/dialects/sqlite/query.js:234:50
      at Query.run (node_modules/sequelize/src/dialects/sqlite/query.js:234:12)
      at node_modules/sequelize/src/sequelize.js:650:28
      at Transaction.destroy (node_modules/sequelize/src/model.js:3083:16)
      at cleanDatabase (tests/helpers.js:134:3)
      at Object.<anonymous> (tests/services/sectorService.test.js:12:5)

  ΓùÅ Sector Service ΓÇ║ searchSectors ΓÇ║ should find sectors by name



    [0m [90m 14 |[39m beforeAll([36masync[39m () [33m=>[39m {
     [90m 15 |[39m   [90m// Sync database with force to ensure clean 
state[39m
    [31m[1m>[22m[39m[90m 16 |[39m   [36mawait[39m 
sequelize[33m.[39msync({ force[33m:[39m [36mtrue[39m })[33m;[39m
     [90m    |[39m   [31m[1m^[22m[39m
     [90m 17 |[39m })[33m;[39m
     [90m 18 |[39m
     [90m 19 |[39m [90m// Cleanup after all tests[39m[0m

      at Database.<anonymous> 
(node_modules/sequelize/src/dialects/sqlite/query.js:236:27)
      at node_modules/sequelize/src/dialects/sqlite/query.js:234:50
      at Query.run (node_modules/sequelize/src/dialects/sqlite/query.js:234:12)
      at node_modules/sequelize/src/sequelize.js:650:28
      at SQLiteQueryInterface.addIndex 
(node_modules/sequelize/src/dialects/abstract/query-interface.js:586:12)
      at Sector.sync (node_modules/sequelize/src/model.js:1427:7)
      at Sequelize.sync (node_modules/sequelize/src/sequelize.js:825:9)
      at Object.<anonymous> (tests/setup.js:16:3)

  ΓùÅ Sector Service ΓÇ║ searchSectors ΓÇ║ should find sectors by name



    [0m [90m 132 |[39m [90m */[39m
     [90m 133 |[39m [36mconst[39m cleanDatabase [33m=[39m 
[36masync[39m () [33m=>[39m {
    [31m[1m>[22m[39m[90m 134 |[39m   [36mawait[39m 
[33mTransaction[39m[33m.[39mdestroy({ where[33m:[39m {}[33m,[39m 
truncate[33m:[39m [36mtrue[39m[33m,[39m cascade[33m:[39m 
[36mtrue[39m })[33m;[39m
     [90m     |[39m   [31m[1m^[22m[39m
     [90m 135 |[39m   [36mawait[39m 
[33mShipCargo[39m[33m.[39mdestroy({ where[33m:[39m {}[33m,[39m 
truncate[33m:[39m [36mtrue[39m[33m,[39m cascade[33m:[39m 
[36mtrue[39m })[33m;[39m
     [90m 136 |[39m   [36mawait[39m 
[33mPortCommodity[39m[33m.[39mdestroy({ where[33m:[39m {}[33m,[39m 
truncate[33m:[39m [36mtrue[39m[33m,[39m cascade[33m:[39m 
[36mtrue[39m })[33m;[39m
     [90m 137 |[39m   [36mawait[39m [33mPort[39m[33m.[39mdestroy({ 
where[33m:[39m {}[33m,[39m truncate[33m:[39m [36mtrue[39m[33m,[39m 
cascade[33m:[39m [36mtrue[39m })[33m;[39m[0m

      at Database.<anonymous> 
(node_modules/sequelize/src/dialects/sqlite/query.js:236:27)
      at node_modules/sequelize/src/dialects/sqlite/query.js:234:50
      at Query.run (node_modules/sequelize/src/dialects/sqlite/query.js:234:12)
      at node_modules/sequelize/src/sequelize.js:650:28
      at Transaction.destroy (node_modules/sequelize/src/model.js:3083:16)
      at cleanDatabase (tests/helpers.js:134:3)
      at Object.<anonymous> (tests/services/sectorService.test.js:12:5)

  ΓùÅ Sector Service ΓÇ║ searchSectors ΓÇ║ should return empty for no matches



    [0m [90m 14 |[39m beforeAll([36masync[39m () [33m=>[39m {
     [90m 15 |[39m   [90m// Sync database with force to ensure clean 
state[39m
    [31m[1m>[22m[39m[90m 16 |[39m   [36mawait[39m 
sequelize[33m.[39msync({ force[33m:[39m [36mtrue[39m })[33m;[39m
     [90m    |[39m   [31m[1m^[22m[39m
     [90m 17 |[39m })[33m;[39m
     [90m 18 |[39m
     [90m 19 |[39m [90m// Cleanup after all tests[39m[0m

      at Database.<anonymous> 
(node_modules/sequelize/src/dialects/sqlite/query.js:236:27)
      at node_modules/sequelize/src/dialects/sqlite/query.js:234:50
      at Query.run (node_modules/sequelize/src/dialects/sqlite/query.js:234:12)
      at node_modules/sequelize/src/sequelize.js:650:28
      at SQLiteQueryInterface.addIndex 
(node_modules/sequelize/src/dialects/abstract/query-interface.js:586:12)
      at Sector.sync (node_modules/sequelize/src/model.js:1427:7)
      at Sequelize.sync (node_modules/sequelize/src/sequelize.js:825:9)
      at Object.<anonymous> (tests/setup.js:16:3)

  ΓùÅ Sector Service ΓÇ║ searchSectors ΓÇ║ should return empty for no matches



    [0m [90m 132 |[39m [90m */[39m
     [90m 133 |[39m [36mconst[39m cleanDatabase [33m=[39m 
[36masync[39m () [33m=>[39m {
    [31m[1m>[22m[39m[90m 134 |[39m   [36mawait[39m 
[33mTransaction[39m[33m.[39mdestroy({ where[33m:[39m {}[33m,[39m 
truncate[33m:[39m [36mtrue[39m[33m,[39m cascade[33m:[39m 
[36mtrue[39m })[33m;[39m
     [90m     |[39m   [31m[1m^[22m[39m
     [90m 135 |[39m   [36mawait[39m 
[33mShipCargo[39m[33m.[39mdestroy({ where[33m:[39m {}[33m,[39m 
truncate[33m:[39m [36mtrue[39m[33m,[39m cascade[33m:[39m 
[36mtrue[39m })[33m;[39m
     [90m 136 |[39m   [36mawait[39m 
[33mPortCommodity[39m[33m.[39mdestroy({ where[33m:[39m {}[33m,[39m 
truncate[33m:[39m [36mtrue[39m[33m,[39m cascade[33m:[39m 
[36mtrue[39m })[33m;[39m
     [90m 137 |[39m   [36mawait[39m [33mPort[39m[33m.[39mdestroy({ 
where[33m:[39m {}[33m,[39m truncate[33m:[39m [36mtrue[39m[33m,[39m 
cascade[33m:[39m [36mtrue[39m })[33m;[39m[0m

      at Database.<anonymous> 
(node_modules/sequelize/src/dialects/sqlite/query.js:236:27)
      at node_modules/sequelize/src/dialects/sqlite/query.js:234:50
      at Query.run (node_modules/sequelize/src/dialects/sqlite/query.js:234:12)
      at node_modules/sequelize/src/sequelize.js:650:28
      at Transaction.destroy (node_modules/sequelize/src/model.js:3083:16)
      at cleanDatabase (tests/helpers.js:134:3)
      at Object.<anonymous> (tests/services/sectorService.test.js:12:5)


  ΓùÅ Test suite failed to run



    [0m [90m 132 |[39m [90m */[39m
     [90m 133 |[39m [36mconst[39m cleanDatabase [33m=[39m 
[36masync[39m () [33m=>[39m {
    [31m[1m>[22m[39m[90m 134 |[39m   [36mawait[39m 
[33mTransaction[39m[33m.[39mdestroy({ where[33m:[39m {}[33m,[39m 
truncate[33m:[39m [36mtrue[39m[33m,[39m cascade[33m:[39m 
[36mtrue[39m })[33m;[39m
     [90m     |[39m   [31m[1m^[22m[39m
     [90m 135 |[39m   [36mawait[39m 
[33mShipCargo[39m[33m.[39mdestroy({ where[33m:[39m {}[33m,[39m 
truncate[33m:[39m [36mtrue[39m[33m,[39m cascade[33m:[39m 
[36mtrue[39m })[33m;[39m
     [90m 136 |[39m   [36mawait[39m 
[33mPortCommodity[39m[33m.[39mdestroy({ where[33m:[39m {}[33m,[39m 
truncate[33m:[39m [36mtrue[39m[33m,[39m cascade[33m:[39m 
[36mtrue[39m })[33m;[39m
     [90m 137 |[39m   [36mawait[39m [33mPort[39m[33m.[39mdestroy({ 
where[33m:[39m {}[33m,[39m truncate[33m:[39m [36mtrue[39m[33m,[39m 
cascade[33m:[39m [36mtrue[39m })[33m;[39m[0m

      at Database.<anonymous> 
(node_modules/sequelize/src/dialects/sqlite/query.js:236:27)
      at node_modules/sequelize/src/dialects/sqlite/query.js:234:50
      at Query.run (node_modules/sequelize/src/dialects/sqlite/query.js:234:12)
      at node_modules/sequelize/src/sequelize.js:650:28
      at Transaction.destroy (node_modules/sequelize/src/model.js:3083:16)
      at cleanDatabase (tests/helpers.js:134:3)
      at Object.<anonymous> (tests/services/sectorService.test.js:32:5)

FAIL tests/services/shipService.test.js
  ΓùÅ Ship Service ΓÇ║ getUserShips ΓÇ║ should return all ships owned by user



    [0m [90m 14 |[39m beforeAll([36masync[39m () [33m=>[39m {
     [90m 15 |[39m   [90m// Sync database with force to ensure clean 
state[39m
    [31m[1m>[22m[39m[90m 16 |[39m   [36mawait[39m 
sequelize[33m.[39msync({ force[33m:[39m [36mtrue[39m })[33m;[39m
     [90m    |[39m   [31m[1m^[22m[39m
     [90m 17 |[39m })[33m;[39m
     [90m 18 |[39m
     [90m 19 |[39m [90m// Cleanup after all tests[39m[0m

      at Database.<anonymous> 
(node_modules/sequelize/src/dialects/sqlite/query.js:236:27)
      at node_modules/sequelize/src/dialects/sqlite/query.js:234:50
      at Query.run (node_modules/sequelize/src/dialects/sqlite/query.js:234:12)
      at node_modules/sequelize/src/sequelize.js:650:28
      at SQLiteQueryInterface.addIndex 
(node_modules/sequelize/src/dialects/abstract/query-interface.js:586:12)
      at Sector.sync (node_modules/sequelize/src/model.js:1427:7)
      at Sequelize.sync (node_modules/sequelize/src/sequelize.js:825:9)
      at Object.<anonymous> (tests/setup.js:16:3)

  ΓùÅ Ship Service ΓÇ║ getUserShips ΓÇ║ should return all ships owned by user



    [0m [90m 132 |[39m [90m */[39m
     [90m 133 |[39m [36mconst[39m cleanDatabase [33m=[39m 
[36masync[39m () [33m=>[39m {
    [31m[1m>[22m[39m[90m 134 |[39m   [36mawait[39m 
[33mTransaction[39m[33m.[39mdestroy({ where[33m:[39m {}[33m,[39m 
truncate[33m:[39m [36mtrue[39m[33m,[39m cascade[33m:[39m 
[36mtrue[39m })[33m;[39m
     [90m     |[39m   [31m[1m^[22m[39m
     [90m 135 |[39m   [36mawait[39m 
[33mShipCargo[39m[33m.[39mdestroy({ where[33m:[39m {}[33m,[39m 
truncate[33m:[39m [36mtrue[39m[33m,[39m cascade[33m:[39m 
[36mtrue[39m })[33m;[39m
     [90m 136 |[39m   [36mawait[39m 
[33mPortCommodity[39m[33m.[39mdestroy({ where[33m:[39m {}[33m,[39m 
truncate[33m:[39m [36mtrue[39m[33m,[39m cascade[33m:[39m 
[36mtrue[39m })[33m;[39m
     [90m 137 |[39m   [36mawait[39m [33mPort[39m[33m.[39mdestroy({ 
where[33m:[39m {}[33m,[39m truncate[33m:[39m [36mtrue[39m[33m,[39m 
cascade[33m:[39m [36mtrue[39m })[33m;[39m[0m

      at Database.<anonymous> 
(node_modules/sequelize/src/dialects/sqlite/query.js:236:27)
      at node_modules/sequelize/src/dialects/sqlite/query.js:234:50
      at Query.run (node_modules/sequelize/src/dialects/sqlite/query.js:234:12)
      at node_modules/sequelize/src/sequelize.js:650:28
      at Transaction.destroy (node_modules/sequelize/src/model.js:3083:16)
      at cleanDatabase (tests/helpers.js:134:3)
      at Object.<anonymous> (tests/services/shipService.test.js:12:5)

  ΓùÅ Ship Service ΓÇ║ getUserShips ΓÇ║ should include current sector info



    [0m [90m 14 |[39m beforeAll([36masync[39m () [33m=>[39m {
     [90m 15 |[39m   [90m// Sync database with force to ensure clean 
state[39m
    [31m[1m>[22m[39m[90m 16 |[39m   [36mawait[39m 
sequelize[33m.[39msync({ force[33m:[39m [36mtrue[39m })[33m;[39m
     [90m    |[39m   [31m[1m^[22m[39m
     [90m 17 |[39m })[33m;[39m
     [90m 18 |[39m
     [90m 19 |[39m [90m// Cleanup after all tests[39m[0m

      at Database.<anonymous> 
(node_modules/sequelize/src/dialects/sqlite/query.js:236:27)
      at node_modules/sequelize/src/dialects/sqlite/query.js:234:50
      at Query.run (node_modules/sequelize/src/dialects/sqlite/query.js:234:12)
      at node_modules/sequelize/src/sequelize.js:650:28
      at SQLiteQueryInterface.addIndex 
(node_modules/sequelize/src/dialects/abstract/query-interface.js:586:12)
      at Sector.sync (node_modules/sequelize/src/model.js:1427:7)
      at Sequelize.sync (node_modules/sequelize/src/sequelize.js:825:9)
      at Object.<anonymous> (tests/setup.js:16:3)

  ΓùÅ Ship Service ΓÇ║ getUserShips ΓÇ║ should include current sector info



    [0m [90m 132 |[39m [90m */[39m
     [90m 133 |[39m [36mconst[39m cleanDatabase [33m=[39m 
[36masync[39m () [33m=>[39m {
    [31m[1m>[22m[39m[90m 134 |[39m   [36mawait[39m 
[33mTransaction[39m[33m.[39mdestroy({ where[33m:[39m {}[33m,[39m 
truncate[33m:[39m [36mtrue[39m[33m,[39m cascade[33m:[39m 
[36mtrue[39m })[33m;[39m
     [90m     |[39m   [31m[1m^[22m[39m
     [90m 135 |[39m   [36mawait[39m 
[33mShipCargo[39m[33m.[39mdestroy({ where[33m:[39m {}[33m,[39m 
truncate[33m:[39m [36mtrue[39m[33m,[39m cascade[33m:[39m 
[36mtrue[39m })[33m;[39m
     [90m 136 |[39m   [36mawait[39m 
[33mPortCommodity[39m[33m.[39mdestroy({ where[33m:[39m {}[33m,[39m 
truncate[33m:[39m [36mtrue[39m[33m,[39m cascade[33m:[39m 
[36mtrue[39m })[33m;[39m
     [90m 137 |[39m   [36mawait[39m [33mPort[39m[33m.[39mdestroy({ 
where[33m:[39m {}[33m,[39m truncate[33m:[39m [36mtrue[39m[33m,[39m 
cascade[33m:[39m [36mtrue[39m })[33m;[39m[0m

      at Database.<anonymous> 
(node_modules/sequelize/src/dialects/sqlite/query.js:236:27)
      at node_modules/sequelize/src/dialects/sqlite/query.js:234:50
      at Query.run (node_modules/sequelize/src/dialects/sqlite/query.js:234:12)
      at node_modules/sequelize/src/sequelize.js:650:28
      at Transaction.destroy (node_modules/sequelize/src/model.js:3083:16)
      at cleanDatabase (tests/helpers.js:134:3)
      at Object.<anonymous> (tests/services/shipService.test.js:12:5)

  ΓùÅ Ship Service ΓÇ║ getUserShips ΓÇ║ should return empty array for user 
with no ships



    [0m [90m 14 |[39m beforeAll([36masync[39m () [33m=>[39m {
     [90m 15 |[39m   [90m// Sync database with force to ensure clean 
state[39m
    [31m[1m>[22m[39m[90m 16 |[39m   [36mawait[39m 
sequelize[33m.[39msync({ force[33m:[39m [36mtrue[39m })[33m;[39m
     [90m    |[39m   [31m[1m^[22m[39m
     [90m 17 |[39m })[33m;[39m
     [90m 18 |[39m
     [90m 19 |[39m [90m// Cleanup after all tests[39m[0m

      at Database.<anonymous> 
(node_modules/sequelize/src/dialects/sqlite/query.js:236:27)
      at node_modules/sequelize/src/dialects/sqlite/query.js:234:50
      at Query.run (node_modules/sequelize/src/dialects/sqlite/query.js:234:12)
      at node_modules/sequelize/src/sequelize.js:650:28
      at SQLiteQueryInterface.addIndex 
(node_modules/sequelize/src/dialects/abstract/query-interface.js:586:12)
      at Sector.sync (node_modules/sequelize/src/model.js:1427:7)
      at Sequelize.sync (node_modules/sequelize/src/sequelize.js:825:9)
      at Object.<anonymous> (tests/setup.js:16:3)

  ΓùÅ Ship Service ΓÇ║ getUserShips ΓÇ║ should return empty array for user 
with no ships



    [0m [90m 132 |[39m [90m */[39m
     [90m 133 |[39m [36mconst[39m cleanDatabase [33m=[39m 
[36masync[39m () [33m=>[39m {
    [31m[1m>[22m[39m[90m 134 |[39m   [36mawait[39m 
[33mTransaction[39m[33m.[39mdestroy({ where[33m:[39m {}[33m,[39m 
truncate[33m:[39m [36mtrue[39m[33m,[39m cascade[33m:[39m 
[36mtrue[39m })[33m;[39m
     [90m     |[39m   [31m[1m^[22m[39m
     [90m 135 |[39m   [36mawait[39m 
[33mShipCargo[39m[33m.[39mdestroy({ where[33m:[39m {}[33m,[39m 
truncate[33m:[39m [36mtrue[39m[33m,[39m cascade[33m:[39m 
[36mtrue[39m })[33m;[39m
     [90m 136 |[39m   [36mawait[39m 
[33mPortCommodity[39m[33m.[39mdestroy({ where[33m:[39m {}[33m,[39m 
truncate[33m:[39m [36mtrue[39m[33m,[39m cascade[33m:[39m 
[36mtrue[39m })[33m;[39m
     [90m 137 |[39m   [36mawait[39m [33mPort[39m[33m.[39mdestroy({ 
where[33m:[39m {}[33m,[39m truncate[33m:[39m [36mtrue[39m[33m,[39m 
cascade[33m:[39m [36mtrue[39m })[33m;[39m[0m

      at Database.<anonymous> 
(node_modules/sequelize/src/dialects/sqlite/query.js:236:27)
      at node_modules/sequelize/src/dialects/sqlite/query.js:234:50
      at Query.run (node_modules/sequelize/src/dialects/sqlite/query.js:234:12)
      at node_modules/sequelize/src/sequelize.js:650:28
      at Transaction.destroy (node_modules/sequelize/src/model.js:3083:16)
      at cleanDatabase (tests/helpers.js:134:3)
      at Object.<anonymous> (tests/services/shipService.test.js:12:5)

  ΓùÅ Ship Service ΓÇ║ getShipById ΓÇ║ should return ship details



    [0m [90m 14 |[39m beforeAll([36masync[39m () [33m=>[39m {
     [90m 15 |[39m   [90m// Sync database with force to ensure clean 
state[39m
    [31m[1m>[22m[39m[90m 16 |[39m   [36mawait[39m 
sequelize[33m.[39msync({ force[33m:[39m [36mtrue[39m })[33m;[39m
     [90m    |[39m   [31m[1m^[22m[39m
     [90m 17 |[39m })[33m;[39m
     [90m 18 |[39m
     [90m 19 |[39m [90m// Cleanup after all tests[39m[0m

      at Database.<anonymous> 
(node_modules/sequelize/src/dialects/sqlite/query.js:236:27)
      at node_modules/sequelize/src/dialects/sqlite/query.js:234:50
      at Query.run (node_modules/sequelize/src/dialects/sqlite/query.js:234:12)
      at node_modules/sequelize/src/sequelize.js:650:28
      at SQLiteQueryInterface.addIndex 
(node_modules/sequelize/src/dialects/abstract/query-interface.js:586:12)
      at Sector.sync (node_modules/sequelize/src/model.js:1427:7)
      at Sequelize.sync (node_modules/sequelize/src/sequelize.js:825:9)
      at Object.<anonymous> (tests/setup.js:16:3)

  ΓùÅ Ship Service ΓÇ║ getShipById ΓÇ║ should return ship details



    [0m [90m 132 |[39m [90m */[39m
     [90m 133 |[39m [36mconst[39m cleanDatabase [33m=[39m 
[36masync[39m () [33m=>[39m {
    [31m[1m>[22m[39m[90m 134 |[39m   [36mawait[39m 
[33mTransaction[39m[33m.[39mdestroy({ where[33m:[39m {}[33m,[39m 
truncate[33m:[39m [36mtrue[39m[33m,[39m cascade[33m:[39m 
[36mtrue[39m })[33m;[39m
     [90m     |[39m   [31m[1m^[22m[39m
     [90m 135 |[39m   [36mawait[39m 
[33mShipCargo[39m[33m.[39mdestroy({ where[33m:[39m {}[33m,[39m 
truncate[33m:[39m [36mtrue[39m[33m,[39m cascade[33m:[39m 
[36mtrue[39m })[33m;[39m
     [90m 136 |[39m   [36mawait[39m 
[33mPortCommodity[39m[33m.[39mdestroy({ where[33m:[39m {}[33m,[39m 
truncate[33m:[39m [36mtrue[39m[33m,[39m cascade[33m:[39m 
[36mtrue[39m })[33m;[39m
     [90m 137 |[39m   [36mawait[39m [33mPort[39m[33m.[39mdestroy({ 
where[33m:[39m {}[33m,[39m truncate[33m:[39m [36mtrue[39m[33m,[39m 
cascade[33m:[39m [36mtrue[39m })[33m;[39m[0m

      at Database.<anonymous> 
(node_modules/sequelize/src/dialects/sqlite/query.js:236:27)
      at node_modules/sequelize/src/dialects/sqlite/query.js:234:50
      at Query.run (node_modules/sequelize/src/dialects/sqlite/query.js:234:12)
      at node_modules/sequelize/src/sequelize.js:650:28
      at Transaction.destroy (node_modules/sequelize/src/model.js:3083:16)
      at cleanDatabase (tests/helpers.js:134:3)
      at Object.<anonymous> (tests/services/shipService.test.js:12:5)

  ΓùÅ Ship Service ΓÇ║ getShipById ΓÇ║ should throw error for non-existent ship



    [0m [90m 14 |[39m beforeAll([36masync[39m () [33m=>[39m {
     [90m 15 |[39m   [90m// Sync database with force to ensure clean 
state[39m
    [31m[1m>[22m[39m[90m 16 |[39m   [36mawait[39m 
sequelize[33m.[39msync({ force[33m:[39m [36mtrue[39m })[33m;[39m
     [90m    |[39m   [31m[1m^[22m[39m
     [90m 17 |[39m })[33m;[39m
     [90m 18 |[39m
     [90m 19 |[39m [90m// Cleanup after all tests[39m[0m

      at Database.<anonymous> 
(node_modules/sequelize/src/dialects/sqlite/query.js:236:27)
      at node_modules/sequelize/src/dialects/sqlite/query.js:234:50
      at Query.run (node_modules/sequelize/src/dialects/sqlite/query.js:234:12)
      at node_modules/sequelize/src/sequelize.js:650:28
      at SQLiteQueryInterface.addIndex 
(node_modules/sequelize/src/dialects/abstract/query-interface.js:586:12)
      at Sector.sync (node_modules/sequelize/src/model.js:1427:7)
      at Sequelize.sync (node_modules/sequelize/src/sequelize.js:825:9)
      at Object.<anonymous> (tests/setup.js:16:3)

  ΓùÅ Ship Service ΓÇ║ getShipById ΓÇ║ should throw error for non-existent ship



    [0m [90m 132 |[39m [90m */[39m
     [90m 133 |[39m [36mconst[39m cleanDatabase [33m=[39m 
[36masync[39m () [33m=>[39m {
    [31m[1m>[22m[39m[90m 134 |[39m   [36mawait[39m 
[33mTransaction[39m[33m.[39mdestroy({ where[33m:[39m {}[33m,[39m 
truncate[33m:[39m [36mtrue[39m[33m,[39m cascade[33m:[39m 
[36mtrue[39m })[33m;[39m
     [90m     |[39m   [31m[1m^[22m[39m
     [90m 135 |[39m   [36mawait[39m 
[33mShipCargo[39m[33m.[39mdestroy({ where[33m:[39m {}[33m,[39m 
truncate[33m:[39m [36mtrue[39m[33m,[39m cascade[33m:[39m 
[36mtrue[39m })[33m;[39m
     [90m 136 |[39m   [36mawait[39m 
[33mPortCommodity[39m[33m.[39mdestroy({ where[33m:[39m {}[33m,[39m 
truncate[33m:[39m [36mtrue[39m[33m,[39m cascade[33m:[39m 
[36mtrue[39m })[33m;[39m
     [90m 137 |[39m   [36mawait[39m [33mPort[39m[33m.[39mdestroy({ 
where[33m:[39m {}[33m,[39m truncate[33m:[39m [36mtrue[39m[33m,[39m 
cascade[33m:[39m [36mtrue[39m })[33m;[39m[0m

      at Database.<anonymous> 
(node_modules/sequelize/src/dialects/sqlite/query.js:236:27)
      at node_modules/sequelize/src/dialects/sqlite/query.js:234:50
      at Query.run (node_modules/sequelize/src/dialects/sqlite/query.js:234:12)
      at node_modules/sequelize/src/sequelize.js:650:28
      at Transaction.destroy (node_modules/sequelize/src/model.js:3083:16)
      at cleanDatabase (tests/helpers.js:134:3)
      at Object.<anonymous> (tests/services/shipService.test.js:12:5)

  ΓùÅ Ship Service ΓÇ║ getShipById ΓÇ║ should throw error when accessing 
another user's ship



    [0m [90m 14 |[39m beforeAll([36masync[39m () [33m=>[39m {
     [90m 15 |[39m   [90m// Sync database with force to ensure clean 
state[39m
    [31m[1m>[22m[39m[90m 16 |[39m   [36mawait[39m 
sequelize[33m.[39msync({ force[33m:[39m [36mtrue[39m })[33m;[39m
     [90m    |[39m   [31m[1m^[22m[39m
     [90m 17 |[39m })[33m;[39m
     [90m 18 |[39m
     [90m 19 |[39m [90m// Cleanup after all tests[39m[0m

      at Database.<anonymous> 
(node_modules/sequelize/src/dialects/sqlite/query.js:236:27)
      at node_modules/sequelize/src/dialects/sqlite/query.js:234:50
      at Query.run (node_modules/sequelize/src/dialects/sqlite/query.js:234:12)
      at node_modules/sequelize/src/sequelize.js:650:28
      at SQLiteQueryInterface.addIndex 
(node_modules/sequelize/src/dialects/abstract/query-interface.js:586:12)
      at Sector.sync (node_modules/sequelize/src/model.js:1427:7)
      at Sequelize.sync (node_modules/sequelize/src/sequelize.js:825:9)
      at Object.<anonymous> (tests/setup.js:16:3)

  ΓùÅ Ship Service ΓÇ║ getShipById ΓÇ║ should throw error when accessing 
another user's ship



    [0m [90m 132 |[39m [90m */[39m
     [90m 133 |[39m [36mconst[39m cleanDatabase [33m=[39m 
[36masync[39m () [33m=>[39m {
    [31m[1m>[22m[39m[90m 134 |[39m   [36mawait[39m 
[33mTransaction[39m[33m.[39mdestroy({ where[33m:[39m {}[33m,[39m 
truncate[33m:[39m [36mtrue[39m[33m,[39m cascade[33m:[39m 
[36mtrue[39m })[33m;[39m
     [90m     |[39m   [31m[1m^[22m[39m
     [90m 135 |[39m   [36mawait[39m 
[33mShipCargo[39m[33m.[39mdestroy({ where[33m:[39m {}[33m,[39m 
truncate[33m:[39m [36mtrue[39m[33m,[39m cascade[33m:[39m 
[36mtrue[39m })[33m;[39m
     [90m 136 |[39m   [36mawait[39m 
[33mPortCommodity[39m[33m.[39mdestroy({ where[33m:[39m {}[33m,[39m 
truncate[33m:[39m [36mtrue[39m[33m,[39m cascade[33m:[39m 
[36mtrue[39m })[33m;[39m
     [90m 137 |[39m   [36mawait[39m [33mPort[39m[33m.[39mdestroy({ 
where[33m:[39m {}[33m,[39m truncate[33m:[39m [36mtrue[39m[33m,[39m 
cascade[33m:[39m [36mtrue[39m })[33m;[39m[0m

      at Database.<anonymous> 
(node_modules/sequelize/src/dialects/sqlite/query.js:236:27)
      at node_modules/sequelize/src/dialects/sqlite/query.js:234:50
      at Query.run (node_modules/sequelize/src/dialects/sqlite/query.js:234:12)
      at node_modules/sequelize/src/sequelize.js:650:28
      at Transaction.destroy (node_modules/sequelize/src/model.js:3083:16)
      at cleanDatabase (tests/helpers.js:134:3)
      at Object.<anonymous> (tests/services/shipService.test.js:12:5)

  ΓùÅ Ship Service ΓÇ║ moveShip ΓÇ║ should move ship to connected sector



    [0m [90m 14 |[39m beforeAll([36masync[39m () [33m=>[39m {
     [90m 15 |[39m   [90m// Sync database with force to ensure clean 
state[39m
    [31m[1m>[22m[39m[90m 16 |[39m   [36mawait[39m 
sequelize[33m.[39msync({ force[33m:[39m [36mtrue[39m })[33m;[39m
     [90m    |[39m   [31m[1m^[22m[39m
     [90m 17 |[39m })[33m;[39m
     [90m 18 |[39m
     [90m 19 |[39m [90m// Cleanup after all tests[39m[0m

      at Database.<anonymous> 
(node_modules/sequelize/src/dialects/sqlite/query.js:236:27)
      at node_modules/sequelize/src/dialects/sqlite/query.js:234:50
      at Query.run (node_modules/sequelize/src/dialects/sqlite/query.js:234:12)
      at node_modules/sequelize/src/sequelize.js:650:28
      at SQLiteQueryInterface.addIndex 
(node_modules/sequelize/src/dialects/abstract/query-interface.js:586:12)
      at Sector.sync (node_modules/sequelize/src/model.js:1427:7)
      at Sequelize.sync (node_modules/sequelize/src/sequelize.js:825:9)
      at Object.<anonymous> (tests/setup.js:16:3)

  ΓùÅ Ship Service ΓÇ║ moveShip ΓÇ║ should move ship to connected sector



    [0m [90m 132 |[39m [90m */[39m
     [90m 133 |[39m [36mconst[39m cleanDatabase [33m=[39m 
[36masync[39m () [33m=>[39m {
    [31m[1m>[22m[39m[90m 134 |[39m   [36mawait[39m 
[33mTransaction[39m[33m.[39mdestroy({ where[33m:[39m {}[33m,[39m 
truncate[33m:[39m [36mtrue[39m[33m,[39m cascade[33m:[39m 
[36mtrue[39m })[33m;[39m
     [90m     |[39m   [31m[1m^[22m[39m
     [90m 135 |[39m   [36mawait[39m 
[33mShipCargo[39m[33m.[39mdestroy({ where[33m:[39m {}[33m,[39m 
truncate[33m:[39m [36mtrue[39m[33m,[39m cascade[33m:[39m 
[36mtrue[39m })[33m;[39m
     [90m 136 |[39m   [36mawait[39m 
[33mPortCommodity[39m[33m.[39mdestroy({ where[33m:[39m {}[33m,[39m 
truncate[33m:[39m [36mtrue[39m[33m,[39m cascade[33m:[39m 
[36mtrue[39m })[33m;[39m
     [90m 137 |[39m   [36mawait[39m [33mPort[39m[33m.[39mdestroy({ 
where[33m:[39m {}[33m,[39m truncate[33m:[39m [36mtrue[39m[33m,[39m 
cascade[33m:[39m [36mtrue[39m })[33m;[39m[0m

      at Database.<anonymous> 
(node_modules/sequelize/src/dialects/sqlite/query.js:236:27)
      at node_modules/sequelize/src/dialects/sqlite/query.js:234:50
      at Query.run (node_modules/sequelize/src/dialects/sqlite/query.js:234:12)
      at node_modules/sequelize/src/sequelize.js:650:28
      at Transaction.destroy (node_modules/sequelize/src/model.js:3083:16)
      at cleanDatabase (tests/helpers.js:134:3)
      at Object.<anonymous> (tests/services/shipService.test.js:12:5)

  ΓùÅ Ship Service ΓÇ║ moveShip ΓÇ║ should consume fuel on movement



    [0m [90m 14 |[39m beforeAll([36masync[39m () [33m=>[39m {
     [90m 15 |[39m   [90m// Sync database with force to ensure clean 
state[39m
    [31m[1m>[22m[39m[90m 16 |[39m   [36mawait[39m 
sequelize[33m.[39msync({ force[33m:[39m [36mtrue[39m })[33m;[39m
     [90m    |[39m   [31m[1m^[22m[39m
     [90m 17 |[39m })[33m;[39m
     [90m 18 |[39m
     [90m 19 |[39m [90m// Cleanup after all tests[39m[0m

      at Database.<anonymous> 
(node_modules/sequelize/src/dialects/sqlite/query.js:236:27)
      at node_modules/sequelize/src/dialects/sqlite/query.js:234:50
      at Query.run (node_modules/sequelize/src/dialects/sqlite/query.js:234:12)
      at node_modules/sequelize/src/sequelize.js:650:28
      at SQLiteQueryInterface.addIndex 
(node_modules/sequelize/src/dialects/abstract/query-interface.js:586:12)
      at Sector.sync (node_modules/sequelize/src/model.js:1427:7)
      at Sequelize.sync (node_modules/sequelize/src/sequelize.js:825:9)
      at Object.<anonymous> (tests/setup.js:16:3)

  ΓùÅ Ship Service ΓÇ║ moveShip ΓÇ║ should consume fuel on movement



    [0m [90m 132 |[39m [90m */[39m
     [90m 133 |[39m [36mconst[39m cleanDatabase [33m=[39m 
[36masync[39m () [33m=>[39m {
    [31m[1m>[22m[39m[90m 134 |[39m   [36mawait[39m 
[33mTransaction[39m[33m.[39mdestroy({ where[33m:[39m {}[33m,[39m 
truncate[33m:[39m [36mtrue[39m[33m,[39m cascade[33m:[39m 
[36mtrue[39m })[33m;[39m
     [90m     |[39m   [31m[1m^[22m[39m
     [90m 135 |[39m   [36mawait[39m 
[33mShipCargo[39m[33m.[39mdestroy({ where[33m:[39m {}[33m,[39m 
truncate[33m:[39m [36mtrue[39m[33m,[39m cascade[33m:[39m 
[36mtrue[39m })[33m;[39m
     [90m 136 |[39m   [36mawait[39m 
[33mPortCommodity[39m[33m.[39mdestroy({ where[33m:[39m {}[33m,[39m 
truncate[33m:[39m [36mtrue[39m[33m,[39m cascade[33m:[39m 
[36mtrue[39m })[33m;[39m
     [90m 137 |[39m   [36mawait[39m [33mPort[39m[33m.[39mdestroy({ 
where[33m:[39m {}[33m,[39m truncate[33m:[39m [36mtrue[39m[33m,[39m 
cascade[33m:[39m [36mtrue[39m })[33m;[39m[0m

      at Database.<anonymous> 
(node_modules/sequelize/src/dialects/sqlite/query.js:236:27)
      at node_modules/sequelize/src/dialects/sqlite/query.js:234:50
      at Query.run (node_modules/sequelize/src/dialects/sqlite/query.js:234:12)
      at node_modules/sequelize/src/sequelize.js:650:28
      at Transaction.destroy (node_modules/sequelize/src/model.js:3083:16)
      at cleanDatabase (tests/helpers.js:134:3)
      at Object.<anonymous> (tests/services/shipService.test.js:12:5)

  ΓùÅ Ship Service ΓÇ║ moveShip ΓÇ║ should fail when moving to non-connected 
sector



    [0m [90m 14 |[39m beforeAll([36masync[39m () [33m=>[39m {
     [90m 15 |[39m   [90m// Sync database with force to ensure clean 
state[39m
    [31m[1m>[22m[39m[90m 16 |[39m   [36mawait[39m 
sequelize[33m.[39msync({ force[33m:[39m [36mtrue[39m })[33m;[39m
     [90m    |[39m   [31m[1m^[22m[39m
     [90m 17 |[39m })[33m;[39m
     [90m 18 |[39m
     [90m 19 |[39m [90m// Cleanup after all tests[39m[0m

      at Database.<anonymous> 
(node_modules/sequelize/src/dialects/sqlite/query.js:236:27)
      at node_modules/sequelize/src/dialects/sqlite/query.js:234:50
      at Query.run (node_modules/sequelize/src/dialects/sqlite/query.js:234:12)
      at node_modules/sequelize/src/sequelize.js:650:28
      at SQLiteQueryInterface.addIndex 
(node_modules/sequelize/src/dialects/abstract/query-interface.js:586:12)
      at Sector.sync (node_modules/sequelize/src/model.js:1427:7)
      at Sequelize.sync (node_modules/sequelize/src/sequelize.js:825:9)
      at Object.<anonymous> (tests/setup.js:16:3)

  ΓùÅ Ship Service ΓÇ║ moveShip ΓÇ║ should fail when moving to non-connected 
sector



    [0m [90m 132 |[39m [90m */[39m
     [90m 133 |[39m [36mconst[39m cleanDatabase [33m=[39m 
[36masync[39m () [33m=>[39m {
    [31m[1m>[22m[39m[90m 134 |[39m   [36mawait[39m 
[33mTransaction[39m[33m.[39mdestroy({ where[33m:[39m {}[33m,[39m 
truncate[33m:[39m [36mtrue[39m[33m,[39m cascade[33m:[39m 
[36mtrue[39m })[33m;[39m
     [90m     |[39m   [31m[1m^[22m[39m
     [90m 135 |[39m   [36mawait[39m 
[33mShipCargo[39m[33m.[39mdestroy({ where[33m:[39m {}[33m,[39m 
truncate[33m:[39m [36mtrue[39m[33m,[39m cascade[33m:[39m 
[36mtrue[39m })[33m;[39m
     [90m 136 |[39m   [36mawait[39m 
[33mPortCommodity[39m[33m.[39mdestroy({ where[33m:[39m {}[33m,[39m 
truncate[33m:[39m [36mtrue[39m[33m,[39m cascade[33m:[39m 
[36mtrue[39m })[33m;[39m
     [90m 137 |[39m   [36mawait[39m [33mPort[39m[33m.[39mdestroy({ 
where[33m:[39m {}[33m,[39m truncate[33m:[39m [36mtrue[39m[33m,[39m 
cascade[33m:[39m [36mtrue[39m })[33m;[39m[0m

      at Database.<anonymous> 
(node_modules/sequelize/src/dialects/sqlite/query.js:236:27)
      at node_modules/sequelize/src/dialects/sqlite/query.js:234:50
      at Query.run (node_modules/sequelize/src/dialects/sqlite/query.js:234:12)
      at node_modules/sequelize/src/sequelize.js:650:28
      at Transaction.destroy (node_modules/sequelize/src/model.js:3083:16)
      at cleanDatabase (tests/helpers.js:134:3)
      at Object.<anonymous> (tests/services/shipService.test.js:12:5)

  ΓùÅ Ship Service ΓÇ║ moveShip ΓÇ║ should fail when out of fuel



    [0m [90m 14 |[39m beforeAll([36masync[39m () [33m=>[39m {
     [90m 15 |[39m   [90m// Sync database with force to ensure clean 
state[39m
    [31m[1m>[22m[39m[90m 16 |[39m   [36mawait[39m 
sequelize[33m.[39msync({ force[33m:[39m [36mtrue[39m })[33m;[39m
     [90m    |[39m   [31m[1m^[22m[39m
     [90m 17 |[39m })[33m;[39m
     [90m 18 |[39m
     [90m 19 |[39m [90m// Cleanup after all tests[39m[0m

      at Database.<anonymous> 
(node_modules/sequelize/src/dialects/sqlite/query.js:236:27)
      at node_modules/sequelize/src/dialects/sqlite/query.js:234:50
      at Query.run (node_modules/sequelize/src/dialects/sqlite/query.js:234:12)
      at node_modules/sequelize/src/sequelize.js:650:28
      at SQLiteQueryInterface.addIndex 
(node_modules/sequelize/src/dialects/abstract/query-interface.js:586:12)
      at Sector.sync (node_modules/sequelize/src/model.js:1427:7)
      at Sequelize.sync (node_modules/sequelize/src/sequelize.js:825:9)
      at Object.<anonymous> (tests/setup.js:16:3)

  ΓùÅ Ship Service ΓÇ║ moveShip ΓÇ║ should fail when out of fuel



    [0m [90m 132 |[39m [90m */[39m
     [90m 133 |[39m [36mconst[39m cleanDatabase [33m=[39m 
[36masync[39m () [33m=>[39m {
    [31m[1m>[22m[39m[90m 134 |[39m   [36mawait[39m 
[33mTransaction[39m[33m.[39mdestroy({ where[33m:[39m {}[33m,[39m 
truncate[33m:[39m [36mtrue[39m[33m,[39m cascade[33m:[39m 
[36mtrue[39m })[33m;[39m
     [90m     |[39m   [31m[1m^[22m[39m
     [90m 135 |[39m   [36mawait[39m 
[33mShipCargo[39m[33m.[39mdestroy({ where[33m:[39m {}[33m,[39m 
truncate[33m:[39m [36mtrue[39m[33m,[39m cascade[33m:[39m 
[36mtrue[39m })[33m;[39m
     [90m 136 |[39m   [36mawait[39m 
[33mPortCommodity[39m[33m.[39mdestroy({ where[33m:[39m {}[33m,[39m 
truncate[33m:[39m [36mtrue[39m[33m,[39m cascade[33m:[39m 
[36mtrue[39m })[33m;[39m
     [90m 137 |[39m   [36mawait[39m [33mPort[39m[33m.[39mdestroy({ 
where[33m:[39m {}[33m,[39m truncate[33m:[39m [36mtrue[39m[33m,[39m 
cascade[33m:[39m [36mtrue[39m })[33m;[39m[0m

      at Database.<anonymous> 
(node_modules/sequelize/src/dialects/sqlite/query.js:236:27)
      at node_modules/sequelize/src/dialects/sqlite/query.js:234:50
      at Query.run (node_modules/sequelize/src/dialects/sqlite/query.js:234:12)
      at node_modules/sequelize/src/sequelize.js:650:28
      at Transaction.destroy (node_modules/sequelize/src/model.js:3083:16)
      at cleanDatabase (tests/helpers.js:134:3)
      at Object.<anonymous> (tests/services/shipService.test.js:12:5)

  ΓùÅ Ship Service ΓÇ║ moveShip ΓÇ║ should fail when ship is already in target 
sector



    [0m [90m 14 |[39m beforeAll([36masync[39m () [33m=>[39m {
     [90m 15 |[39m   [90m// Sync database with force to ensure clean 
state[39m
    [31m[1m>[22m[39m[90m 16 |[39m   [36mawait[39m 
sequelize[33m.[39msync({ force[33m:[39m [36mtrue[39m })[33m;[39m
     [90m    |[39m   [31m[1m^[22m[39m
     [90m 17 |[39m })[33m;[39m
     [90m 18 |[39m
     [90m 19 |[39m [90m// Cleanup after all tests[39m[0m

      at Database.<anonymous> 
(node_modules/sequelize/src/dialects/sqlite/query.js:236:27)
      at node_modules/sequelize/src/dialects/sqlite/query.js:234:50
      at Query.run (node_modules/sequelize/src/dialects/sqlite/query.js:234:12)
      at node_modules/sequelize/src/sequelize.js:650:28
      at SQLiteQueryInterface.addIndex 
(node_modules/sequelize/src/dialects/abstract/query-interface.js:586:12)
      at Sector.sync (node_modules/sequelize/src/model.js:1427:7)
      at Sequelize.sync (node_modules/sequelize/src/sequelize.js:825:9)
      at Object.<anonymous> (tests/setup.js:16:3)

  ΓùÅ Ship Service ΓÇ║ moveShip ΓÇ║ should fail when ship is already in target 
sector



    [0m [90m 132 |[39m [90m */[39m
     [90m 133 |[39m [36mconst[39m cleanDatabase [33m=[39m 
[36masync[39m () [33m=>[39m {
    [31m[1m>[22m[39m[90m 134 |[39m   [36mawait[39m 
[33mTransaction[39m[33m.[39mdestroy({ where[33m:[39m {}[33m,[39m 
truncate[33m:[39m [36mtrue[39m[33m,[39m cascade[33m:[39m 
[36mtrue[39m })[33m;[39m
     [90m     |[39m   [31m[1m^[22m[39m
     [90m 135 |[39m   [36mawait[39m 
[33mShipCargo[39m[33m.[39mdestroy({ where[33m:[39m {}[33m,[39m 
truncate[33m:[39m [36mtrue[39m[33m,[39m cascade[33m:[39m 
[36mtrue[39m })[33m;[39m
     [90m 136 |[39m   [36mawait[39m 
[33mPortCommodity[39m[33m.[39mdestroy({ where[33m:[39m {}[33m,[39m 
truncate[33m:[39m [36mtrue[39m[33m,[39m cascade[33m:[39m 
[36mtrue[39m })[33m;[39m
     [90m 137 |[39m   [36mawait[39m [33mPort[39m[33m.[39mdestroy({ 
where[33m:[39m {}[33m,[39m truncate[33m:[39m [36mtrue[39m[33m,[39m 
cascade[33m:[39m [36mtrue[39m })[33m;[39m[0m

      at Database.<anonymous> 
(node_modules/sequelize/src/dialects/sqlite/query.js:236:27)
      at node_modules/sequelize/src/dialects/sqlite/query.js:234:50
      at Query.run (node_modules/sequelize/src/dialects/sqlite/query.js:234:12)
      at node_modules/sequelize/src/sequelize.js:650:28
      at Transaction.destroy (node_modules/sequelize/src/model.js:3083:16)
      at cleanDatabase (tests/helpers.js:134:3)
      at Object.<anonymous> (tests/services/shipService.test.js:12:5)

  ΓùÅ Ship Service ΓÇ║ getAdjacentSectors ΓÇ║ should return adjacent sectors



    [0m [90m 14 |[39m beforeAll([36masync[39m () [33m=>[39m {
     [90m 15 |[39m   [90m// Sync database with force to ensure clean 
state[39m
    [31m[1m>[22m[39m[90m 16 |[39m   [36mawait[39m 
sequelize[33m.[39msync({ force[33m:[39m [36mtrue[39m })[33m;[39m
     [90m    |[39m   [31m[1m^[22m[39m
     [90m 17 |[39m })[33m;[39m
     [90m 18 |[39m
     [90m 19 |[39m [90m// Cleanup after all tests[39m[0m

      at Database.<anonymous> 
(node_modules/sequelize/src/dialects/sqlite/query.js:236:27)
      at node_modules/sequelize/src/dialects/sqlite/query.js:234:50
      at Query.run (node_modules/sequelize/src/dialects/sqlite/query.js:234:12)
      at node_modules/sequelize/src/sequelize.js:650:28
      at SQLiteQueryInterface.addIndex 
(node_modules/sequelize/src/dialects/abstract/query-interface.js:586:12)
      at Sector.sync (node_modules/sequelize/src/model.js:1427:7)
      at Sequelize.sync (node_modules/sequelize/src/sequelize.js:825:9)
      at Object.<anonymous> (tests/setup.js:16:3)

  ΓùÅ Ship Service ΓÇ║ getAdjacentSectors ΓÇ║ should return adjacent sectors



    [0m [90m 132 |[39m [90m */[39m
     [90m 133 |[39m [36mconst[39m cleanDatabase [33m=[39m 
[36masync[39m () [33m=>[39m {
    [31m[1m>[22m[39m[90m 134 |[39m   [36mawait[39m 
[33mTransaction[39m[33m.[39mdestroy({ where[33m:[39m {}[33m,[39m 
truncate[33m:[39m [36mtrue[39m[33m,[39m cascade[33m:[39m 
[36mtrue[39m })[33m;[39m
     [90m     |[39m   [31m[1m^[22m[39m
     [90m 135 |[39m   [36mawait[39m 
[33mShipCargo[39m[33m.[39mdestroy({ where[33m:[39m {}[33m,[39m 
truncate[33m:[39m [36mtrue[39m[33m,[39m cascade[33m:[39m 
[36mtrue[39m })[33m;[39m
     [90m 136 |[39m   [36mawait[39m 
[33mPortCommodity[39m[33m.[39mdestroy({ where[33m:[39m {}[33m,[39m 
truncate[33m:[39m [36mtrue[39m[33m,[39m cascade[33m:[39m 
[36mtrue[39m })[33m;[39m
     [90m 137 |[39m   [36mawait[39m [33mPort[39m[33m.[39mdestroy({ 
where[33m:[39m {}[33m,[39m truncate[33m:[39m [36mtrue[39m[33m,[39m 
cascade[33m:[39m [36mtrue[39m })[33m;[39m[0m

      at Database.<anonymous> 
(node_modules/sequelize/src/dialects/sqlite/query.js:236:27)
      at node_modules/sequelize/src/dialects/sqlite/query.js:234:50
      at Query.run (node_modules/sequelize/src/dialects/sqlite/query.js:234:12)
      at node_modules/sequelize/src/sequelize.js:650:28
      at Transaction.destroy (node_modules/sequelize/src/model.js:3083:16)
      at cleanDatabase (tests/helpers.js:134:3)
      at Object.<anonymous> (tests/services/shipService.test.js:12:5)

  ΓùÅ Ship Service ΓÇ║ getAdjacentSectors ΓÇ║ should include connection details



    [0m [90m 14 |[39m beforeAll([36masync[39m () [33m=>[39m {
     [90m 15 |[39m   [90m// Sync database with force to ensure clean 
state[39m
    [31m[1m>[22m[39m[90m 16 |[39m   [36mawait[39m 
sequelize[33m.[39msync({ force[33m:[39m [36mtrue[39m })[33m;[39m
     [90m    |[39m   [31m[1m^[22m[39m
     [90m 17 |[39m })[33m;[39m
     [90m 18 |[39m
     [90m 19 |[39m [90m// Cleanup after all tests[39m[0m

      at Database.<anonymous> 
(node_modules/sequelize/src/dialects/sqlite/query.js:236:27)
      at node_modules/sequelize/src/dialects/sqlite/query.js:234:50
      at Query.run (node_modules/sequelize/src/dialects/sqlite/query.js:234:12)
      at node_modules/sequelize/src/sequelize.js:650:28
      at SQLiteQueryInterface.addIndex 
(node_modules/sequelize/src/dialects/abstract/query-interface.js:586:12)
      at Sector.sync (node_modules/sequelize/src/model.js:1427:7)
      at Sequelize.sync (node_modules/sequelize/src/sequelize.js:825:9)
      at Object.<anonymous> (tests/setup.js:16:3)

  ΓùÅ Ship Service ΓÇ║ getAdjacentSectors ΓÇ║ should include connection details



    [0m [90m 132 |[39m [90m */[39m
     [90m 133 |[39m [36mconst[39m cleanDatabase [33m=[39m 
[36masync[39m () [33m=>[39m {
    [31m[1m>[22m[39m[90m 134 |[39m   [36mawait[39m 
[33mTransaction[39m[33m.[39mdestroy({ where[33m:[39m {}[33m,[39m 
truncate[33m:[39m [36mtrue[39m[33m,[39m cascade[33m:[39m 
[36mtrue[39m })[33m;[39m
     [90m     |[39m   [31m[1m^[22m[39m
     [90m 135 |[39m   [36mawait[39m 
[33mShipCargo[39m[33m.[39mdestroy({ where[33m:[39m {}[33m,[39m 
truncate[33m:[39m [36mtrue[39m[33m,[39m cascade[33m:[39m 
[36mtrue[39m })[33m;[39m
     [90m 136 |[39m   [36mawait[39m 
[33mPortCommodity[39m[33m.[39mdestroy({ where[33m:[39m {}[33m,[39m 
truncate[33m:[39m [36mtrue[39m[33m,[39m cascade[33m:[39m 
[36mtrue[39m })[33m;[39m
     [90m 137 |[39m   [36mawait[39m [33mPort[39m[33m.[39mdestroy({ 
where[33m:[39m {}[33m,[39m truncate[33m:[39m [36mtrue[39m[33m,[39m 
cascade[33m:[39m [36mtrue[39m })[33m;[39m[0m

      at Database.<anonymous> 
(node_modules/sequelize/src/dialects/sqlite/query.js:236:27)
      at node_modules/sequelize/src/dialects/sqlite/query.js:234:50
      at Query.run (node_modules/sequelize/src/dialects/sqlite/query.js:234:12)
      at node_modules/sequelize/src/sequelize.js:650:28
      at Transaction.destroy (node_modules/sequelize/src/model.js:3083:16)
      at cleanDatabase (tests/helpers.js:134:3)
      at Object.<anonymous> (tests/services/shipService.test.js:12:5)

  ΓùÅ Ship Service ΓÇ║ isAdjacent ΓÇ║ should return true for connected sectors



    [0m [90m 14 |[39m beforeAll([36masync[39m () [33m=>[39m {
     [90m 15 |[39m   [90m// Sync database with force to ensure clean 
state[39m
    [31m[1m>[22m[39m[90m 16 |[39m   [36mawait[39m 
sequelize[33m.[39msync({ force[33m:[39m [36mtrue[39m })[33m;[39m
     [90m    |[39m   [31m[1m^[22m[39m
     [90m 17 |[39m })[33m;[39m
     [90m 18 |[39m
     [90m 19 |[39m [90m// Cleanup after all tests[39m[0m

      at Database.<anonymous> 
(node_modules/sequelize/src/dialects/sqlite/query.js:236:27)
      at node_modules/sequelize/src/dialects/sqlite/query.js:234:50
      at Query.run (node_modules/sequelize/src/dialects/sqlite/query.js:234:12)
      at node_modules/sequelize/src/sequelize.js:650:28
      at SQLiteQueryInterface.addIndex 
(node_modules/sequelize/src/dialects/abstract/query-interface.js:586:12)
      at Sector.sync (node_modules/sequelize/src/model.js:1427:7)
      at Sequelize.sync (node_modules/sequelize/src/sequelize.js:825:9)
      at Object.<anonymous> (tests/setup.js:16:3)

  ΓùÅ Ship Service ΓÇ║ isAdjacent ΓÇ║ should return true for connected sectors



    [0m [90m 132 |[39m [90m */[39m
     [90m 133 |[39m [36mconst[39m cleanDatabase [33m=[39m 
[36masync[39m () [33m=>[39m {
    [31m[1m>[22m[39m[90m 134 |[39m   [36mawait[39m 
[33mTransaction[39m[33m.[39mdestroy({ where[33m:[39m {}[33m,[39m 
truncate[33m:[39m [36mtrue[39m[33m,[39m cascade[33m:[39m 
[36mtrue[39m })[33m;[39m
     [90m     |[39m   [31m[1m^[22m[39m
     [90m 135 |[39m   [36mawait[39m 
[33mShipCargo[39m[33m.[39mdestroy({ where[33m:[39m {}[33m,[39m 
truncate[33m:[39m [36mtrue[39m[33m,[39m cascade[33m:[39m 
[36mtrue[39m })[33m;[39m
     [90m 136 |[39m   [36mawait[39m 
[33mPortCommodity[39m[33m.[39mdestroy({ where[33m:[39m {}[33m,[39m 
truncate[33m:[39m [36mtrue[39m[33m,[39m cascade[33m:[39m 
[36mtrue[39m })[33m;[39m
     [90m 137 |[39m   [36mawait[39m [33mPort[39m[33m.[39mdestroy({ 
where[33m:[39m {}[33m,[39m truncate[33m:[39m [36mtrue[39m[33m,[39m 
cascade[33m:[39m [36mtrue[39m })[33m;[39m[0m

      at Database.<anonymous> 
(node_modules/sequelize/src/dialects/sqlite/query.js:236:27)
      at node_modules/sequelize/src/dialects/sqlite/query.js:234:50
      at Query.run (node_modules/sequelize/src/dialects/sqlite/query.js:234:12)
      at node_modules/sequelize/src/sequelize.js:650:28
      at Transaction.destroy (node_modules/sequelize/src/model.js:3083:16)
      at cleanDatabase (tests/helpers.js:134:3)
      at Object.<anonymous> (tests/services/shipService.test.js:12:5)

  ΓùÅ Ship Service ΓÇ║ isAdjacent ΓÇ║ should return false for non-connected 
sectors



    [0m [90m 14 |[39m beforeAll([36masync[39m () [33m=>[39m {
     [90m 15 |[39m   [90m// Sync database with force to ensure clean 
state[39m
    [31m[1m>[22m[39m[90m 16 |[39m   [36mawait[39m 
sequelize[33m.[39msync({ force[33m:[39m [36mtrue[39m })[33m;[39m
     [90m    |[39m   [31m[1m^[22m[39m
     [90m 17 |[39m })[33m;[39m
     [90m 18 |[39m
     [90m 19 |[39m [90m// Cleanup after all tests[39m[0m

      at Database.<anonymous> 
(node_modules/sequelize/src/dialects/sqlite/query.js:236:27)
      at node_modules/sequelize/src/dialects/sqlite/query.js:234:50
      at Query.run (node_modules/sequelize/src/dialects/sqlite/query.js:234:12)
      at node_modules/sequelize/src/sequelize.js:650:28
      at SQLiteQueryInterface.addIndex 
(node_modules/sequelize/src/dialects/abstract/query-interface.js:586:12)
      at Sector.sync (node_modules/sequelize/src/model.js:1427:7)
      at Sequelize.sync (node_modules/sequelize/src/sequelize.js:825:9)
      at Object.<anonymous> (tests/setup.js:16:3)

  ΓùÅ Ship Service ΓÇ║ isAdjacent ΓÇ║ should return false for non-connected 
sectors



    [0m [90m 132 |[39m [90m */[39m
     [90m 133 |[39m [36mconst[39m cleanDatabase [33m=[39m 
[36masync[39m () [33m=>[39m {
    [31m[1m>[22m[39m[90m 134 |[39m   [36mawait[39m 
[33mTransaction[39m[33m.[39mdestroy({ where[33m:[39m {}[33m,[39m 
truncate[33m:[39m [36mtrue[39m[33m,[39m cascade[33m:[39m 
[36mtrue[39m })[33m;[39m
     [90m     |[39m   [31m[1m^[22m[39m
     [90m 135 |[39m   [36mawait[39m 
[33mShipCargo[39m[33m.[39mdestroy({ where[33m:[39m {}[33m,[39m 
truncate[33m:[39m [36mtrue[39m[33m,[39m cascade[33m:[39m 
[36mtrue[39m })[33m;[39m
     [90m 136 |[39m   [36mawait[39m 
[33mPortCommodity[39m[33m.[39mdestroy({ where[33m:[39m {}[33m,[39m 
truncate[33m:[39m [36mtrue[39m[33m,[39m cascade[33m:[39m 
[36mtrue[39m })[33m;[39m
     [90m 137 |[39m   [36mawait[39m [33mPort[39m[33m.[39mdestroy({ 
where[33m:[39m {}[33m,[39m truncate[33m:[39m [36mtrue[39m[33m,[39m 
cascade[33m:[39m [36mtrue[39m })[33m;[39m[0m

      at Database.<anonymous> 
(node_modules/sequelize/src/dialects/sqlite/query.js:236:27)
      at node_modules/sequelize/src/dialects/sqlite/query.js:234:50
      at Query.run (node_modules/sequelize/src/dialects/sqlite/query.js:234:12)
      at node_modules/sequelize/src/sequelize.js:650:28
      at Transaction.destroy (node_modules/sequelize/src/model.js:3083:16)
      at cleanDatabase (tests/helpers.js:134:3)
      at Object.<anonymous> (tests/services/shipService.test.js:12:5)


  ΓùÅ Test suite failed to run



    [0m [90m 132 |[39m [90m */[39m
     [90m 133 |[39m [36mconst[39m cleanDatabase [33m=[39m 
[36masync[39m () [33m=>[39m {
    [31m[1m>[22m[39m[90m 134 |[39m   [36mawait[39m 
[33mTransaction[39m[33m.[39mdestroy({ where[33m:[39m {}[33m,[39m 
truncate[33m:[39m [36mtrue[39m[33m,[39m cascade[33m:[39m 
[36mtrue[39m })[33m;[39m
     [90m     |[39m   [31m[1m^[22m[39m
     [90m 135 |[39m   [36mawait[39m 
[33mShipCargo[39m[33m.[39mdestroy({ where[33m:[39m {}[33m,[39m 
truncate[33m:[39m [36mtrue[39m[33m,[39m cascade[33m:[39m 
[36mtrue[39m })[33m;[39m
     [90m 136 |[39m   [36mawait[39m 
[33mPortCommodity[39m[33m.[39mdestroy({ where[33m:[39m {}[33m,[39m 
truncate[33m:[39m [36mtrue[39m[33m,[39m cascade[33m:[39m 
[36mtrue[39m })[33m;[39m
     [90m 137 |[39m   [36mawait[39m [33mPort[39m[33m.[39mdestroy({ 
where[33m:[39m {}[33m,[39m truncate[33m:[39m [36mtrue[39m[33m,[39m 
cascade[33m:[39m [36mtrue[39m })[33m;[39m[0m

      at Database.<anonymous> 
(node_modules/sequelize/src/dialects/sqlite/query.js:236:27)
      at node_modules/sequelize/src/dialects/sqlite/query.js:234:50
      at Query.run (node_modules/sequelize/src/dialects/sqlite/query.js:234:12)
      at node_modules/sequelize/src/sequelize.js:650:28
      at Transaction.destroy (node_modules/sequelize/src/model.js:3083:16)
      at cleanDatabase (tests/helpers.js:134:3)
      at Object.<anonymous> (tests/services/shipService.test.js:30:5)

FAIL tests/services/pricingService.test.js
  Pricing Service
    calculateBuyPrice
      ├ù should return higher price when stock is low (7 ms)
      ├ù should return base price approximately when stock is at 50% (1 ms)
      ├ù should apply port modifier
      ├ù should clamp prices to min/max multipliers
      ├ù should return rounded integer
    calculateSellPrice
      ├ù should return higher price when stock is low (scarcity)
      ├ù should be higher than buy price (spread)
    calculateTotalWithTax
      ├ù should calculate correct subtotal
      ├ù should calculate correct tax amount
      ├ù should calculate correct total (subtotal + tax) (1 ms)
      ├ù should handle zero tax rate
      ├ù should round tax to nearest integer
    calculateSaleRevenue
      ├ù should calculate correct subtotal (1 ms)
      ├ù should deduct tax from total (seller pays tax)
      ├ù should handle zero tax rate
    getPriceInfo
      ├ù should return price info object
      ├ù should return null buy_price when port does not buy

  ΓùÅ Pricing Service ΓÇ║ calculateBuyPrice ΓÇ║ should return higher price 
when stock is low



    [0m [90m 14 |[39m beforeAll([36masync[39m () [33m=>[39m {
     [90m 15 |[39m   [90m// Sync database with force to ensure clean 
state[39m
    [31m[1m>[22m[39m[90m 16 |[39m   [36mawait[39m 
sequelize[33m.[39msync({ force[33m:[39m [36mtrue[39m })[33m;[39m
     [90m    |[39m   [31m[1m^[22m[39m
     [90m 17 |[39m })[33m;[39m
     [90m 18 |[39m
     [90m 19 |[39m [90m// Cleanup after all tests[39m[0m

      at Database.<anonymous> 
(node_modules/sequelize/src/dialects/sqlite/query.js:236:27)
      at node_modules/sequelize/src/dialects/sqlite/query.js:234:50
      at Query.run (node_modules/sequelize/src/dialects/sqlite/query.js:234:12)
      at node_modules/sequelize/src/sequelize.js:650:28
      at SQLiteQueryInterface.addIndex 
(node_modules/sequelize/src/dialects/abstract/query-interface.js:586:12)
      at Sector.sync (node_modules/sequelize/src/model.js:1427:7)
      at Sequelize.sync (node_modules/sequelize/src/sequelize.js:825:9)
      at Object.<anonymous> (tests/setup.js:16:3)

  ΓùÅ Pricing Service ΓÇ║ calculateBuyPrice ΓÇ║ should return base price 
approximately when stock is at 50%



    [0m [90m 14 |[39m beforeAll([36masync[39m () [33m=>[39m {
     [90m 15 |[39m   [90m// Sync database with force to ensure clean 
state[39m
    [31m[1m>[22m[39m[90m 16 |[39m   [36mawait[39m 
sequelize[33m.[39msync({ force[33m:[39m [36mtrue[39m })[33m;[39m
     [90m    |[39m   [31m[1m^[22m[39m
     [90m 17 |[39m })[33m;[39m
     [90m 18 |[39m
     [90m 19 |[39m [90m// Cleanup after all tests[39m[0m

      at Database.<anonymous> 
(node_modules/sequelize/src/dialects/sqlite/query.js:236:27)
      at node_modules/sequelize/src/dialects/sqlite/query.js:234:50
      at Query.run (node_modules/sequelize/src/dialects/sqlite/query.js:234:12)
      at node_modules/sequelize/src/sequelize.js:650:28
      at SQLiteQueryInterface.addIndex 
(node_modules/sequelize/src/dialects/abstract/query-interface.js:586:12)
      at Sector.sync (node_modules/sequelize/src/model.js:1427:7)
      at Sequelize.sync (node_modules/sequelize/src/sequelize.js:825:9)
      at Object.<anonymous> (tests/setup.js:16:3)

  ΓùÅ Pricing Service ΓÇ║ calculateBuyPrice ΓÇ║ should apply port modifier



    [0m [90m 14 |[39m beforeAll([36masync[39m () [33m=>[39m {
     [90m 15 |[39m   [90m// Sync database with force to ensure clean 
state[39m
    [31m[1m>[22m[39m[90m 16 |[39m   [36mawait[39m 
sequelize[33m.[39msync({ force[33m:[39m [36mtrue[39m })[33m;[39m
     [90m    |[39m   [31m[1m^[22m[39m
     [90m 17 |[39m })[33m;[39m
     [90m 18 |[39m
     [90m 19 |[39m [90m// Cleanup after all tests[39m[0m

      at Database.<anonymous> 
(node_modules/sequelize/src/dialects/sqlite/query.js:236:27)
      at node_modules/sequelize/src/dialects/sqlite/query.js:234:50
      at Query.run (node_modules/sequelize/src/dialects/sqlite/query.js:234:12)
      at node_modules/sequelize/src/sequelize.js:650:28
      at SQLiteQueryInterface.addIndex 
(node_modules/sequelize/src/dialects/abstract/query-interface.js:586:12)
      at Sector.sync (node_modules/sequelize/src/model.js:1427:7)
      at Sequelize.sync (node_modules/sequelize/src/sequelize.js:825:9)
      at Object.<anonymous> (tests/setup.js:16:3)

  ΓùÅ Pricing Service ΓÇ║ calculateBuyPrice ΓÇ║ should clamp prices to min/max 
multipliers



    [0m [90m 14 |[39m beforeAll([36masync[39m () [33m=>[39m {
     [90m 15 |[39m   [90m// Sync database with force to ensure clean 
state[39m
    [31m[1m>[22m[39m[90m 16 |[39m   [36mawait[39m 
sequelize[33m.[39msync({ force[33m:[39m [36mtrue[39m })[33m;[39m
     [90m    |[39m   [31m[1m^[22m[39m
     [90m 17 |[39m })[33m;[39m
     [90m 18 |[39m
     [90m 19 |[39m [90m// Cleanup after all tests[39m[0m

      at Database.<anonymous> 
(node_modules/sequelize/src/dialects/sqlite/query.js:236:27)
      at node_modules/sequelize/src/dialects/sqlite/query.js:234:50
      at Query.run (node_modules/sequelize/src/dialects/sqlite/query.js:234:12)
      at node_modules/sequelize/src/sequelize.js:650:28
      at SQLiteQueryInterface.addIndex 
(node_modules/sequelize/src/dialects/abstract/query-interface.js:586:12)
      at Sector.sync (node_modules/sequelize/src/model.js:1427:7)
      at Sequelize.sync (node_modules/sequelize/src/sequelize.js:825:9)
      at Object.<anonymous> (tests/setup.js:16:3)

  ΓùÅ Pricing Service ΓÇ║ calculateBuyPrice ΓÇ║ should return rounded integer



    [0m [90m 14 |[39m beforeAll([36masync[39m () [33m=>[39m {
     [90m 15 |[39m   [90m// Sync database with force to ensure clean 
state[39m
    [31m[1m>[22m[39m[90m 16 |[39m   [36mawait[39m 
sequelize[33m.[39msync({ force[33m:[39m [36mtrue[39m })[33m;[39m
     [90m    |[39m   [31m[1m^[22m[39m
     [90m 17 |[39m })[33m;[39m
     [90m 18 |[39m
     [90m 19 |[39m [90m// Cleanup after all tests[39m[0m

      at Database.<anonymous> 
(node_modules/sequelize/src/dialects/sqlite/query.js:236:27)
      at node_modules/sequelize/src/dialects/sqlite/query.js:234:50
      at Query.run (node_modules/sequelize/src/dialects/sqlite/query.js:234:12)
      at node_modules/sequelize/src/sequelize.js:650:28
      at SQLiteQueryInterface.addIndex 
(node_modules/sequelize/src/dialects/abstract/query-interface.js:586:12)
      at Sector.sync (node_modules/sequelize/src/model.js:1427:7)
      at Sequelize.sync (node_modules/sequelize/src/sequelize.js:825:9)
      at Object.<anonymous> (tests/setup.js:16:3)

  ΓùÅ Pricing Service ΓÇ║ calculateSellPrice ΓÇ║ should return higher price 
when stock is low (scarcity)



    [0m [90m 14 |[39m beforeAll([36masync[39m () [33m=>[39m {
     [90m 15 |[39m   [90m// Sync database with force to ensure clean 
state[39m
    [31m[1m>[22m[39m[90m 16 |[39m   [36mawait[39m 
sequelize[33m.[39msync({ force[33m:[39m [36mtrue[39m })[33m;[39m
     [90m    |[39m   [31m[1m^[22m[39m
     [90m 17 |[39m })[33m;[39m
     [90m 18 |[39m
     [90m 19 |[39m [90m// Cleanup after all tests[39m[0m

      at Database.<anonymous> 
(node_modules/sequelize/src/dialects/sqlite/query.js:236:27)
      at node_modules/sequelize/src/dialects/sqlite/query.js:234:50
      at Query.run (node_modules/sequelize/src/dialects/sqlite/query.js:234:12)
      at node_modules/sequelize/src/sequelize.js:650:28
      at SQLiteQueryInterface.addIndex 
(node_modules/sequelize/src/dialects/abstract/query-interface.js:586:12)
      at Sector.sync (node_modules/sequelize/src/model.js:1427:7)
      at Sequelize.sync (node_modules/sequelize/src/sequelize.js:825:9)
      at Object.<anonymous> (tests/setup.js:16:3)

  ΓùÅ Pricing Service ΓÇ║ calculateSellPrice ΓÇ║ should be higher than buy 
price (spread)



    [0m [90m 14 |[39m beforeAll([36masync[39m () [33m=>[39m {
     [90m 15 |[39m   [90m// Sync database with force to ensure clean 
state[39m
    [31m[1m>[22m[39m[90m 16 |[39m   [36mawait[39m 
sequelize[33m.[39msync({ force[33m:[39m [36mtrue[39m })[33m;[39m
     [90m    |[39m   [31m[1m^[22m[39m
     [90m 17 |[39m })[33m;[39m
     [90m 18 |[39m
     [90m 19 |[39m [90m// Cleanup after all tests[39m[0m

      at Database.<anonymous> 
(node_modules/sequelize/src/dialects/sqlite/query.js:236:27)
      at node_modules/sequelize/src/dialects/sqlite/query.js:234:50
      at Query.run (node_modules/sequelize/src/dialects/sqlite/query.js:234:12)
      at node_modules/sequelize/src/sequelize.js:650:28
      at SQLiteQueryInterface.addIndex 
(node_modules/sequelize/src/dialects/abstract/query-interface.js:586:12)
      at Sector.sync (node_modules/sequelize/src/model.js:1427:7)
      at Sequelize.sync (node_modules/sequelize/src/sequelize.js:825:9)
      at Object.<anonymous> (tests/setup.js:16:3)

  ΓùÅ Pricing Service ΓÇ║ calculateTotalWithTax ΓÇ║ should calculate correct 
subtotal



    [0m [90m 14 |[39m beforeAll([36masync[39m () [33m=>[39m {
     [90m 15 |[39m   [90m// Sync database with force to ensure clean 
state[39m
    [31m[1m>[22m[39m[90m 16 |[39m   [36mawait[39m 
sequelize[33m.[39msync({ force[33m:[39m [36mtrue[39m })[33m;[39m
     [90m    |[39m   [31m[1m^[22m[39m
     [90m 17 |[39m })[33m;[39m
     [90m 18 |[39m
     [90m 19 |[39m [90m// Cleanup after all tests[39m[0m

      at Database.<anonymous> 
(node_modules/sequelize/src/dialects/sqlite/query.js:236:27)
      at node_modules/sequelize/src/dialects/sqlite/query.js:234:50
      at Query.run (node_modules/sequelize/src/dialects/sqlite/query.js:234:12)
      at node_modules/sequelize/src/sequelize.js:650:28
      at SQLiteQueryInterface.addIndex 
(node_modules/sequelize/src/dialects/abstract/query-interface.js:586:12)
      at Sector.sync (node_modules/sequelize/src/model.js:1427:7)
      at Sequelize.sync (node_modules/sequelize/src/sequelize.js:825:9)
      at Object.<anonymous> (tests/setup.js:16:3)

  ΓùÅ Pricing Service ΓÇ║ calculateTotalWithTax ΓÇ║ should calculate correct 
tax amount



    [0m [90m 14 |[39m beforeAll([36masync[39m () [33m=>[39m {
     [90m 15 |[39m   [90m// Sync database with force to ensure clean 
state[39m
    [31m[1m>[22m[39m[90m 16 |[39m   [36mawait[39m 
sequelize[33m.[39msync({ force[33m:[39m [36mtrue[39m })[33m;[39m
     [90m    |[39m   [31m[1m^[22m[39m
     [90m 17 |[39m })[33m;[39m
     [90m 18 |[39m
     [90m 19 |[39m [90m// Cleanup after all tests[39m[0m

      at Database.<anonymous> 
(node_modules/sequelize/src/dialects/sqlite/query.js:236:27)
      at node_modules/sequelize/src/dialects/sqlite/query.js:234:50
      at Query.run (node_modules/sequelize/src/dialects/sqlite/query.js:234:12)
      at node_modules/sequelize/src/sequelize.js:650:28
      at SQLiteQueryInterface.addIndex 
(node_modules/sequelize/src/dialects/abstract/query-interface.js:586:12)
      at Sector.sync (node_modules/sequelize/src/model.js:1427:7)
      at Sequelize.sync (node_modules/sequelize/src/sequelize.js:825:9)
      at Object.<anonymous> (tests/setup.js:16:3)

  ΓùÅ Pricing Service ΓÇ║ calculateTotalWithTax ΓÇ║ should calculate correct 
total (subtotal + tax)



    [0m [90m 14 |[39m beforeAll([36masync[39m () [33m=>[39m {
     [90m 15 |[39m   [90m// Sync database with force to ensure clean 
state[39m
    [31m[1m>[22m[39m[90m 16 |[39m   [36mawait[39m 
sequelize[33m.[39msync({ force[33m:[39m [36mtrue[39m })[33m;[39m
     [90m    |[39m   [31m[1m^[22m[39m
     [90m 17 |[39m })[33m;[39m
     [90m 18 |[39m
     [90m 19 |[39m [90m// Cleanup after all tests[39m[0m

      at Database.<anonymous> 
(node_modules/sequelize/src/dialects/sqlite/query.js:236:27)
      at node_modules/sequelize/src/dialects/sqlite/query.js:234:50
      at Query.run (node_modules/sequelize/src/dialects/sqlite/query.js:234:12)
      at node_modules/sequelize/src/sequelize.js:650:28
      at SQLiteQueryInterface.addIndex 
(node_modules/sequelize/src/dialects/abstract/query-interface.js:586:12)
      at Sector.sync (node_modules/sequelize/src/model.js:1427:7)
      at Sequelize.sync (node_modules/sequelize/src/sequelize.js:825:9)
      at Object.<anonymous> (tests/setup.js:16:3)

  ΓùÅ Pricing Service ΓÇ║ calculateTotalWithTax ΓÇ║ should handle zero tax rate



    [0m [90m 14 |[39m beforeAll([36masync[39m () [33m=>[39m {
     [90m 15 |[39m   [90m// Sync database with force to ensure clean 
state[39m
    [31m[1m>[22m[39m[90m 16 |[39m   [36mawait[39m 
sequelize[33m.[39msync({ force[33m:[39m [36mtrue[39m })[33m;[39m
     [90m    |[39m   [31m[1m^[22m[39m
     [90m 17 |[39m })[33m;[39m
     [90m 18 |[39m
     [90m 19 |[39m [90m// Cleanup after all tests[39m[0m

      at Database.<anonymous> 
(node_modules/sequelize/src/dialects/sqlite/query.js:236:27)
      at node_modules/sequelize/src/dialects/sqlite/query.js:234:50
      at Query.run (node_modules/sequelize/src/dialects/sqlite/query.js:234:12)
      at node_modules/sequelize/src/sequelize.js:650:28
      at SQLiteQueryInterface.addIndex 
(node_modules/sequelize/src/dialects/abstract/query-interface.js:586:12)
      at Sector.sync (node_modules/sequelize/src/model.js:1427:7)
      at Sequelize.sync (node_modules/sequelize/src/sequelize.js:825:9)
      at Object.<anonymous> (tests/setup.js:16:3)

  ΓùÅ Pricing Service ΓÇ║ calculateTotalWithTax ΓÇ║ should round tax to 
nearest integer



    [0m [90m 14 |[39m beforeAll([36masync[39m () [33m=>[39m {
     [90m 15 |[39m   [90m// Sync database with force to ensure clean 
state[39m
    [31m[1m>[22m[39m[90m 16 |[39m   [36mawait[39m 
sequelize[33m.[39msync({ force[33m:[39m [36mtrue[39m })[33m;[39m
     [90m    |[39m   [31m[1m^[22m[39m
     [90m 17 |[39m })[33m;[39m
     [90m 18 |[39m
     [90m 19 |[39m [90m// Cleanup after all tests[39m[0m

      at Database.<anonymous> 
(node_modules/sequelize/src/dialects/sqlite/query.js:236:27)
      at node_modules/sequelize/src/dialects/sqlite/query.js:234:50
      at Query.run (node_modules/sequelize/src/dialects/sqlite/query.js:234:12)
      at node_modules/sequelize/src/sequelize.js:650:28
      at SQLiteQueryInterface.addIndex 
(node_modules/sequelize/src/dialects/abstract/query-interface.js:586:12)
      at Sector.sync (node_modules/sequelize/src/model.js:1427:7)
      at Sequelize.sync (node_modules/sequelize/src/sequelize.js:825:9)
      at Object.<anonymous> (tests/setup.js:16:3)

  ΓùÅ Pricing Service ΓÇ║ calculateSaleRevenue ΓÇ║ should calculate correct 
subtotal



    [0m [90m 14 |[39m beforeAll([36masync[39m () [33m=>[39m {
     [90m 15 |[39m   [90m// Sync database with force to ensure clean 
state[39m
    [31m[1m>[22m[39m[90m 16 |[39m   [36mawait[39m 
sequelize[33m.[39msync({ force[33m:[39m [36mtrue[39m })[33m;[39m
     [90m    |[39m   [31m[1m^[22m[39m
     [90m 17 |[39m })[33m;[39m
     [90m 18 |[39m
     [90m 19 |[39m [90m// Cleanup after all tests[39m[0m

      at Database.<anonymous> 
(node_modules/sequelize/src/dialects/sqlite/query.js:236:27)
      at node_modules/sequelize/src/dialects/sqlite/query.js:234:50
      at Query.run (node_modules/sequelize/src/dialects/sqlite/query.js:234:12)
      at node_modules/sequelize/src/sequelize.js:650:28
      at SQLiteQueryInterface.addIndex 
(node_modules/sequelize/src/dialects/abstract/query-interface.js:586:12)
      at Sector.sync (node_modules/sequelize/src/model.js:1427:7)
      at Sequelize.sync (node_modules/sequelize/src/sequelize.js:825:9)
      at Object.<anonymous> (tests/setup.js:16:3)

  ΓùÅ Pricing Service ΓÇ║ calculateSaleRevenue ΓÇ║ should deduct tax from 
total (seller pays tax)



    [0m [90m 14 |[39m beforeAll([36masync[39m () [33m=>[39m {
     [90m 15 |[39m   [90m// Sync database with force to ensure clean 
state[39m
    [31m[1m>[22m[39m[90m 16 |[39m   [36mawait[39m 
sequelize[33m.[39msync({ force[33m:[39m [36mtrue[39m })[33m;[39m
     [90m    |[39m   [31m[1m^[22m[39m
     [90m 17 |[39m })[33m;[39m
     [90m 18 |[39m
     [90m 19 |[39m [90m// Cleanup after all tests[39m[0m

      at Database.<anonymous> 
(node_modules/sequelize/src/dialects/sqlite/query.js:236:27)
      at node_modules/sequelize/src/dialects/sqlite/query.js:234:50
      at Query.run (node_modules/sequelize/src/dialects/sqlite/query.js:234:12)
      at node_modules/sequelize/src/sequelize.js:650:28
      at SQLiteQueryInterface.addIndex 
(node_modules/sequelize/src/dialects/abstract/query-interface.js:586:12)
      at Sector.sync (node_modules/sequelize/src/model.js:1427:7)
      at Sequelize.sync (node_modules/sequelize/src/sequelize.js:825:9)
      at Object.<anonymous> (tests/setup.js:16:3)

  ΓùÅ Pricing Service ΓÇ║ calculateSaleRevenue ΓÇ║ should handle zero tax rate



    [0m [90m 14 |[39m beforeAll([36masync[39m () [33m=>[39m {
     [90m 15 |[39m   [90m// Sync database with force to ensure clean 
state[39m
    [31m[1m>[22m[39m[90m 16 |[39m   [36mawait[39m 
sequelize[33m.[39msync({ force[33m:[39m [36mtrue[39m })[33m;[39m
     [90m    |[39m   [31m[1m^[22m[39m
     [90m 17 |[39m })[33m;[39m
     [90m 18 |[39m
     [90m 19 |[39m [90m// Cleanup after all tests[39m[0m

      at Database.<anonymous> 
(node_modules/sequelize/src/dialects/sqlite/query.js:236:27)
      at node_modules/sequelize/src/dialects/sqlite/query.js:234:50
      at Query.run (node_modules/sequelize/src/dialects/sqlite/query.js:234:12)
      at node_modules/sequelize/src/sequelize.js:650:28
      at SQLiteQueryInterface.addIndex 
(node_modules/sequelize/src/dialects/abstract/query-interface.js:586:12)
      at Sector.sync (node_modules/sequelize/src/model.js:1427:7)
      at Sequelize.sync (node_modules/sequelize/src/sequelize.js:825:9)
      at Object.<anonymous> (tests/setup.js:16:3)

  ΓùÅ Pricing Service ΓÇ║ getPriceInfo ΓÇ║ should return price info object



    [0m [90m 14 |[39m beforeAll([36masync[39m () [33m=>[39m {
     [90m 15 |[39m   [90m// Sync database with force to ensure clean 
state[39m
    [31m[1m>[22m[39m[90m 16 |[39m   [36mawait[39m 
sequelize[33m.[39msync({ force[33m:[39m [36mtrue[39m })[33m;[39m
     [90m    |[39m   [31m[1m^[22m[39m
     [90m 17 |[39m })[33m;[39m
     [90m 18 |[39m
     [90m 19 |[39m [90m// Cleanup after all tests[39m[0m

      at Database.<anonymous> 
(node_modules/sequelize/src/dialects/sqlite/query.js:236:27)
      at node_modules/sequelize/src/dialects/sqlite/query.js:234:50
      at Query.run (node_modules/sequelize/src/dialects/sqlite/query.js:234:12)
      at node_modules/sequelize/src/sequelize.js:650:28
      at SQLiteQueryInterface.addIndex 
(node_modules/sequelize/src/dialects/abstract/query-interface.js:586:12)
      at Sector.sync (node_modules/sequelize/src/model.js:1427:7)
      at Sequelize.sync (node_modules/sequelize/src/sequelize.js:825:9)
      at Object.<anonymous> (tests/setup.js:16:3)

  ΓùÅ Pricing Service ΓÇ║ getPriceInfo ΓÇ║ should return null buy_price when 
port does not buy



    [0m [90m 14 |[39m beforeAll([36masync[39m () [33m=>[39m {
     [90m 15 |[39m   [90m// Sync database with force to ensure clean 
state[39m
    [31m[1m>[22m[39m[90m 16 |[39m   [36mawait[39m 
sequelize[33m.[39msync({ force[33m:[39m [36mtrue[39m })[33m;[39m
     [90m    |[39m   [31m[1m^[22m[39m
     [90m 17 |[39m })[33m;[39m
     [90m 18 |[39m
     [90m 19 |[39m [90m// Cleanup after all tests[39m[0m

      at Database.<anonymous> 
(node_modules/sequelize/src/dialects/sqlite/query.js:236:27)
      at node_modules/sequelize/src/dialects/sqlite/query.js:234:50
      at Query.run (node_modules/sequelize/src/dialects/sqlite/query.js:234:12)
      at node_modules/sequelize/src/sequelize.js:650:28
      at SQLiteQueryInterface.addIndex 
(node_modules/sequelize/src/dialects/abstract/query-interface.js:586:12)
      at Sector.sync (node_modules/sequelize/src/model.js:1427:7)
      at Sequelize.sync (node_modules/sequelize/src/sequelize.js:825:9)
      at Object.<anonymous> (tests/setup.js:16:3)

FAIL tests/services/authService.test.js (5.843 s)
  ΓùÅ Auth Service ΓÇ║ registerUser ΓÇ║ should register a new user successfully



    [0m [90m 14 |[39m beforeAll([36masync[39m () [33m=>[39m {
     [90m 15 |[39m   [90m// Sync database with force to ensure clean 
state[39m
    [31m[1m>[22m[39m[90m 16 |[39m   [36mawait[39m 
sequelize[33m.[39msync({ force[33m:[39m [36mtrue[39m })[33m;[39m
     [90m    |[39m   [31m[1m^[22m[39m
     [90m 17 |[39m })[33m;[39m
     [90m 18 |[39m
     [90m 19 |[39m [90m// Cleanup after all tests[39m[0m

      at Database.<anonymous> 
(node_modules/sequelize/src/dialects/sqlite/query.js:236:27)
      at node_modules/sequelize/src/dialects/sqlite/query.js:234:50
      at Query.run (node_modules/sequelize/src/dialects/sqlite/query.js:234:12)
      at node_modules/sequelize/src/sequelize.js:650:28
      at SQLiteQueryInterface.addIndex 
(node_modules/sequelize/src/dialects/abstract/query-interface.js:586:12)
      at Sector.sync (node_modules/sequelize/src/model.js:1427:7)
      at Sequelize.sync (node_modules/sequelize/src/sequelize.js:825:9)
      at Object.<anonymous> (tests/setup.js:16:3)

  ΓùÅ Auth Service ΓÇ║ registerUser ΓÇ║ should register a new user successfully



    [0m [90m 132 |[39m [90m */[39m
     [90m 133 |[39m [36mconst[39m cleanDatabase [33m=[39m 
[36masync[39m () [33m=>[39m {
    [31m[1m>[22m[39m[90m 134 |[39m   [36mawait[39m 
[33mTransaction[39m[33m.[39mdestroy({ where[33m:[39m {}[33m,[39m 
truncate[33m:[39m [36mtrue[39m[33m,[39m cascade[33m:[39m 
[36mtrue[39m })[33m;[39m
     [90m     |[39m   [31m[1m^[22m[39m
     [90m 135 |[39m   [36mawait[39m 
[33mShipCargo[39m[33m.[39mdestroy({ where[33m:[39m {}[33m,[39m 
truncate[33m:[39m [36mtrue[39m[33m,[39m cascade[33m:[39m 
[36mtrue[39m })[33m;[39m
     [90m 136 |[39m   [36mawait[39m 
[33mPortCommodity[39m[33m.[39mdestroy({ where[33m:[39m {}[33m,[39m 
truncate[33m:[39m [36mtrue[39m[33m,[39m cascade[33m:[39m 
[36mtrue[39m })[33m;[39m
     [90m 137 |[39m   [36mawait[39m [33mPort[39m[33m.[39mdestroy({ 
where[33m:[39m {}[33m,[39m truncate[33m:[39m [36mtrue[39m[33m,[39m 
cascade[33m:[39m [36mtrue[39m })[33m;[39m[0m

      at Database.<anonymous> 
(node_modules/sequelize/src/dialects/sqlite/query.js:236:27)
      at node_modules/sequelize/src/dialects/sqlite/query.js:234:50
      at Query.run (node_modules/sequelize/src/dialects/sqlite/query.js:234:12)
      at node_modules/sequelize/src/sequelize.js:650:28
      at Transaction.destroy (node_modules/sequelize/src/model.js:3083:16)
      at cleanDatabase (tests/helpers.js:134:3)
      at Object.<anonymous> (tests/services/authService.test.js:14:5)

  ΓùÅ Auth Service ΓÇ║ registerUser ΓÇ║ should create a default ship for new 
user



    [0m [90m 14 |[39m beforeAll([36masync[39m () [33m=>[39m {
     [90m 15 |[39m   [90m// Sync database with force to ensure clean 
state[39m
    [31m[1m>[22m[39m[90m 16 |[39m   [36mawait[39m 
sequelize[33m.[39msync({ force[33m:[39m [36mtrue[39m })[33m;[39m
     [90m    |[39m   [31m[1m^[22m[39m
     [90m 17 |[39m })[33m;[39m
     [90m 18 |[39m
     [90m 19 |[39m [90m// Cleanup after all tests[39m[0m

      at Database.<anonymous> 
(node_modules/sequelize/src/dialects/sqlite/query.js:236:27)
      at node_modules/sequelize/src/dialects/sqlite/query.js:234:50
      at Query.run (node_modules/sequelize/src/dialects/sqlite/query.js:234:12)
      at node_modules/sequelize/src/sequelize.js:650:28
      at SQLiteQueryInterface.addIndex 
(node_modules/sequelize/src/dialects/abstract/query-interface.js:586:12)
      at Sector.sync (node_modules/sequelize/src/model.js:1427:7)
      at Sequelize.sync (node_modules/sequelize/src/sequelize.js:825:9)
      at Object.<anonymous> (tests/setup.js:16:3)

  ΓùÅ Auth Service ΓÇ║ registerUser ΓÇ║ should create a default ship for new 
user



    [0m [90m 132 |[39m [90m */[39m
     [90m 133 |[39m [36mconst[39m cleanDatabase [33m=[39m 
[36masync[39m () [33m=>[39m {
    [31m[1m>[22m[39m[90m 134 |[39m   [36mawait[39m 
[33mTransaction[39m[33m.[39mdestroy({ where[33m:[39m {}[33m,[39m 
truncate[33m:[39m [36mtrue[39m[33m,[39m cascade[33m:[39m 
[36mtrue[39m })[33m;[39m
     [90m     |[39m   [31m[1m^[22m[39m
     [90m 135 |[39m   [36mawait[39m 
[33mShipCargo[39m[33m.[39mdestroy({ where[33m:[39m {}[33m,[39m 
truncate[33m:[39m [36mtrue[39m[33m,[39m cascade[33m:[39m 
[36mtrue[39m })[33m;[39m
     [90m 136 |[39m   [36mawait[39m 
[33mPortCommodity[39m[33m.[39mdestroy({ where[33m:[39m {}[33m,[39m 
truncate[33m:[39m [36mtrue[39m[33m,[39m cascade[33m:[39m 
[36mtrue[39m })[33m;[39m
     [90m 137 |[39m   [36mawait[39m [33mPort[39m[33m.[39mdestroy({ 
where[33m:[39m {}[33m,[39m truncate[33m:[39m [36mtrue[39m[33m,[39m 
cascade[33m:[39m [36mtrue[39m })[33m;[39m[0m

      at Database.<anonymous> 
(node_modules/sequelize/src/dialects/sqlite/query.js:236:27)
      at node_modules/sequelize/src/dialects/sqlite/query.js:234:50
      at Query.run (node_modules/sequelize/src/dialects/sqlite/query.js:234:12)
      at node_modules/sequelize/src/sequelize.js:650:28
      at Transaction.destroy (node_modules/sequelize/src/model.js:3083:16)
      at cleanDatabase (tests/helpers.js:134:3)
      at Object.<anonymous> (tests/services/authService.test.js:14:5)

  ΓùÅ Auth Service ΓÇ║ registerUser ΓÇ║ should fail with duplicate username



    [0m [90m 14 |[39m beforeAll([36masync[39m () [33m=>[39m {
     [90m 15 |[39m   [90m// Sync database with force to ensure clean 
state[39m
    [31m[1m>[22m[39m[90m 16 |[39m   [36mawait[39m 
sequelize[33m.[39msync({ force[33m:[39m [36mtrue[39m })[33m;[39m
     [90m    |[39m   [31m[1m^[22m[39m
     [90m 17 |[39m })[33m;[39m
     [90m 18 |[39m
     [90m 19 |[39m [90m// Cleanup after all tests[39m[0m

      at Database.<anonymous> 
(node_modules/sequelize/src/dialects/sqlite/query.js:236:27)
      at node_modules/sequelize/src/dialects/sqlite/query.js:234:50
      at Query.run (node_modules/sequelize/src/dialects/sqlite/query.js:234:12)
      at node_modules/sequelize/src/sequelize.js:650:28
      at SQLiteQueryInterface.addIndex 
(node_modules/sequelize/src/dialects/abstract/query-interface.js:586:12)
      at Sector.sync (node_modules/sequelize/src/model.js:1427:7)
      at Sequelize.sync (node_modules/sequelize/src/sequelize.js:825:9)
      at Object.<anonymous> (tests/setup.js:16:3)

  ΓùÅ Auth Service ΓÇ║ registerUser ΓÇ║ should fail with duplicate username



    [0m [90m 132 |[39m [90m */[39m
     [90m 133 |[39m [36mconst[39m cleanDatabase [33m=[39m 
[36masync[39m () [33m=>[39m {
    [31m[1m>[22m[39m[90m 134 |[39m   [36mawait[39m 
[33mTransaction[39m[33m.[39mdestroy({ where[33m:[39m {}[33m,[39m 
truncate[33m:[39m [36mtrue[39m[33m,[39m cascade[33m:[39m 
[36mtrue[39m })[33m;[39m
     [90m     |[39m   [31m[1m^[22m[39m
     [90m 135 |[39m   [36mawait[39m 
[33mShipCargo[39m[33m.[39mdestroy({ where[33m:[39m {}[33m,[39m 
truncate[33m:[39m [36mtrue[39m[33m,[39m cascade[33m:[39m 
[36mtrue[39m })[33m;[39m
     [90m 136 |[39m   [36mawait[39m 
[33mPortCommodity[39m[33m.[39mdestroy({ where[33m:[39m {}[33m,[39m 
truncate[33m:[39m [36mtrue[39m[33m,[39m cascade[33m:[39m 
[36mtrue[39m })[33m;[39m
     [90m 137 |[39m   [36mawait[39m [33mPort[39m[33m.[39mdestroy({ 
where[33m:[39m {}[33m,[39m truncate[33m:[39m [36mtrue[39m[33m,[39m 
cascade[33m:[39m [36mtrue[39m })[33m;[39m[0m

      at Database.<anonymous> 
(node_modules/sequelize/src/dialects/sqlite/query.js:236:27)
      at node_modules/sequelize/src/dialects/sqlite/query.js:234:50
      at Query.run (node_modules/sequelize/src/dialects/sqlite/query.js:234:12)
      at node_modules/sequelize/src/sequelize.js:650:28
      at Transaction.destroy (node_modules/sequelize/src/model.js:3083:16)
      at cleanDatabase (tests/helpers.js:134:3)
      at Object.<anonymous> (tests/services/authService.test.js:14:5)

  ΓùÅ Auth Service ΓÇ║ registerUser ΓÇ║ should fail with duplicate email



    [0m [90m 14 |[39m beforeAll([36masync[39m () [33m=>[39m {
     [90m 15 |[39m   [90m// Sync database with force to ensure clean 
state[39m
    [31m[1m>[22m[39m[90m 16 |[39m   [36mawait[39m 
sequelize[33m.[39msync({ force[33m:[39m [36mtrue[39m })[33m;[39m
     [90m    |[39m   [31m[1m^[22m[39m
     [90m 17 |[39m })[33m;[39m
     [90m 18 |[39m
     [90m 19 |[39m [90m// Cleanup after all tests[39m[0m

      at Database.<anonymous> 
(node_modules/sequelize/src/dialects/sqlite/query.js:236:27)
      at node_modules/sequelize/src/dialects/sqlite/query.js:234:50
      at Query.run (node_modules/sequelize/src/dialects/sqlite/query.js:234:12)
      at node_modules/sequelize/src/sequelize.js:650:28
      at SQLiteQueryInterface.addIndex 
(node_modules/sequelize/src/dialects/abstract/query-interface.js:586:12)
      at Sector.sync (node_modules/sequelize/src/model.js:1427:7)
      at Sequelize.sync (node_modules/sequelize/src/sequelize.js:825:9)
      at Object.<anonymous> (tests/setup.js:16:3)

  ΓùÅ Auth Service ΓÇ║ registerUser ΓÇ║ should fail with duplicate email



    [0m [90m 132 |[39m [90m */[39m
     [90m 133 |[39m [36mconst[39m cleanDatabase [33m=[39m 
[36masync[39m () [33m=>[39m {
    [31m[1m>[22m[39m[90m 134 |[39m   [36mawait[39m 
[33mTransaction[39m[33m.[39mdestroy({ where[33m:[39m {}[33m,[39m 
truncate[33m:[39m [36mtrue[39m[33m,[39m cascade[33m:[39m 
[36mtrue[39m })[33m;[39m
     [90m     |[39m   [31m[1m^[22m[39m
     [90m 135 |[39m   [36mawait[39m 
[33mShipCargo[39m[33m.[39mdestroy({ where[33m:[39m {}[33m,[39m 
truncate[33m:[39m [36mtrue[39m[33m,[39m cascade[33m:[39m 
[36mtrue[39m })[33m;[39m
     [90m 136 |[39m   [36mawait[39m 
[33mPortCommodity[39m[33m.[39mdestroy({ where[33m:[39m {}[33m,[39m 
truncate[33m:[39m [36mtrue[39m[33m,[39m cascade[33m:[39m 
[36mtrue[39m })[33m;[39m
     [90m 137 |[39m   [36mawait[39m [33mPort[39m[33m.[39mdestroy({ 
where[33m:[39m {}[33m,[39m truncate[33m:[39m [36mtrue[39m[33m,[39m 
cascade[33m:[39m [36mtrue[39m })[33m;[39m[0m

      at Database.<anonymous> 
(node_modules/sequelize/src/dialects/sqlite/query.js:236:27)
      at node_modules/sequelize/src/dialects/sqlite/query.js:234:50
      at Query.run (node_modules/sequelize/src/dialects/sqlite/query.js:234:12)
      at node_modules/sequelize/src/sequelize.js:650:28
      at Transaction.destroy (node_modules/sequelize/src/model.js:3083:16)
      at cleanDatabase (tests/helpers.js:134:3)
      at Object.<anonymous> (tests/services/authService.test.js:14:5)

  ΓùÅ Auth Service ΓÇ║ registerUser ΓÇ║ should hash the password



    [0m [90m 14 |[39m beforeAll([36masync[39m () [33m=>[39m {
     [90m 15 |[39m   [90m// Sync database with force to ensure clean 
state[39m
    [31m[1m>[22m[39m[90m 16 |[39m   [36mawait[39m 
sequelize[33m.[39msync({ force[33m:[39m [36mtrue[39m })[33m;[39m
     [90m    |[39m   [31m[1m^[22m[39m
     [90m 17 |[39m })[33m;[39m
     [90m 18 |[39m
     [90m 19 |[39m [90m// Cleanup after all tests[39m[0m

      at Database.<anonymous> 
(node_modules/sequelize/src/dialects/sqlite/query.js:236:27)
      at node_modules/sequelize/src/dialects/sqlite/query.js:234:50
      at Query.run (node_modules/sequelize/src/dialects/sqlite/query.js:234:12)
      at node_modules/sequelize/src/sequelize.js:650:28
      at SQLiteQueryInterface.addIndex 
(node_modules/sequelize/src/dialects/abstract/query-interface.js:586:12)
      at Sector.sync (node_modules/sequelize/src/model.js:1427:7)
      at Sequelize.sync (node_modules/sequelize/src/sequelize.js:825:9)
      at Object.<anonymous> (tests/setup.js:16:3)

  ΓùÅ Auth Service ΓÇ║ registerUser ΓÇ║ should hash the password



    [0m [90m 132 |[39m [90m */[39m
     [90m 133 |[39m [36mconst[39m cleanDatabase [33m=[39m 
[36masync[39m () [33m=>[39m {
    [31m[1m>[22m[39m[90m 134 |[39m   [36mawait[39m 
[33mTransaction[39m[33m.[39mdestroy({ where[33m:[39m {}[33m,[39m 
truncate[33m:[39m [36mtrue[39m[33m,[39m cascade[33m:[39m 
[36mtrue[39m })[33m;[39m
     [90m     |[39m   [31m[1m^[22m[39m
     [90m 135 |[39m   [36mawait[39m 
[33mShipCargo[39m[33m.[39mdestroy({ where[33m:[39m {}[33m,[39m 
truncate[33m:[39m [36mtrue[39m[33m,[39m cascade[33m:[39m 
[36mtrue[39m })[33m;[39m
     [90m 136 |[39m   [36mawait[39m 
[33mPortCommodity[39m[33m.[39mdestroy({ where[33m:[39m {}[33m,[39m 
truncate[33m:[39m [36mtrue[39m[33m,[39m cascade[33m:[39m 
[36mtrue[39m })[33m;[39m
     [90m 137 |[39m   [36mawait[39m [33mPort[39m[33m.[39mdestroy({ 
where[33m:[39m {}[33m,[39m truncate[33m:[39m [36mtrue[39m[33m,[39m 
cascade[33m:[39m [36mtrue[39m })[33m;[39m[0m

      at Database.<anonymous> 
(node_modules/sequelize/src/dialects/sqlite/query.js:236:27)
      at node_modules/sequelize/src/dialects/sqlite/query.js:234:50
      at Query.run (node_modules/sequelize/src/dialects/sqlite/query.js:234:12)
      at node_modules/sequelize/src/sequelize.js:650:28
      at Transaction.destroy (node_modules/sequelize/src/model.js:3083:16)
      at cleanDatabase (tests/helpers.js:134:3)
      at Object.<anonymous> (tests/services/authService.test.js:14:5)

  ΓùÅ Auth Service ΓÇ║ registerUser ΓÇ║ should give starting credits to new 
user



    [0m [90m 14 |[39m beforeAll([36masync[39m () [33m=>[39m {
     [90m 15 |[39m   [90m// Sync database with force to ensure clean 
state[39m
    [31m[1m>[22m[39m[90m 16 |[39m   [36mawait[39m 
sequelize[33m.[39msync({ force[33m:[39m [36mtrue[39m })[33m;[39m
     [90m    |[39m   [31m[1m^[22m[39m
     [90m 17 |[39m })[33m;[39m
     [90m 18 |[39m
     [90m 19 |[39m [90m// Cleanup after all tests[39m[0m

      at Database.<anonymous> 
(node_modules/sequelize/src/dialects/sqlite/query.js:236:27)
      at node_modules/sequelize/src/dialects/sqlite/query.js:234:50
      at Query.run (node_modules/sequelize/src/dialects/sqlite/query.js:234:12)
      at node_modules/sequelize/src/sequelize.js:650:28
      at SQLiteQueryInterface.addIndex 
(node_modules/sequelize/src/dialects/abstract/query-interface.js:586:12)
      at Sector.sync (node_modules/sequelize/src/model.js:1427:7)
      at Sequelize.sync (node_modules/sequelize/src/sequelize.js:825:9)
      at Object.<anonymous> (tests/setup.js:16:3)

  ΓùÅ Auth Service ΓÇ║ registerUser ΓÇ║ should give starting credits to new 
user



    [0m [90m 132 |[39m [90m */[39m
     [90m 133 |[39m [36mconst[39m cleanDatabase [33m=[39m 
[36masync[39m () [33m=>[39m {
    [31m[1m>[22m[39m[90m 134 |[39m   [36mawait[39m 
[33mTransaction[39m[33m.[39mdestroy({ where[33m:[39m {}[33m,[39m 
truncate[33m:[39m [36mtrue[39m[33m,[39m cascade[33m:[39m 
[36mtrue[39m })[33m;[39m
     [90m     |[39m   [31m[1m^[22m[39m
     [90m 135 |[39m   [36mawait[39m 
[33mShipCargo[39m[33m.[39mdestroy({ where[33m:[39m {}[33m,[39m 
truncate[33m:[39m [36mtrue[39m[33m,[39m cascade[33m:[39m 
[36mtrue[39m })[33m;[39m
     [90m 136 |[39m   [36mawait[39m 
[33mPortCommodity[39m[33m.[39mdestroy({ where[33m:[39m {}[33m,[39m 
truncate[33m:[39m [36mtrue[39m[33m,[39m cascade[33m:[39m 
[36mtrue[39m })[33m;[39m
     [90m 137 |[39m   [36mawait[39m [33mPort[39m[33m.[39mdestroy({ 
where[33m:[39m {}[33m,[39m truncate[33m:[39m [36mtrue[39m[33m,[39m 
cascade[33m:[39m [36mtrue[39m })[33m;[39m[0m

      at Database.<anonymous> 
(node_modules/sequelize/src/dialects/sqlite/query.js:236:27)
      at node_modules/sequelize/src/dialects/sqlite/query.js:234:50
      at Query.run (node_modules/sequelize/src/dialects/sqlite/query.js:234:12)
      at node_modules/sequelize/src/sequelize.js:650:28
      at Transaction.destroy (node_modules/sequelize/src/model.js:3083:16)
      at cleanDatabase (tests/helpers.js:134:3)
      at Object.<anonymous> (tests/services/authService.test.js:14:5)

  ΓùÅ Auth Service ΓÇ║ loginUser ΓÇ║ should login with valid credentials



    [0m [90m 14 |[39m beforeAll([36masync[39m () [33m=>[39m {
     [90m 15 |[39m   [90m// Sync database with force to ensure clean 
state[39m
    [31m[1m>[22m[39m[90m 16 |[39m   [36mawait[39m 
sequelize[33m.[39msync({ force[33m:[39m [36mtrue[39m })[33m;[39m
     [90m    |[39m   [31m[1m^[22m[39m
     [90m 17 |[39m })[33m;[39m
     [90m 18 |[39m
     [90m 19 |[39m [90m// Cleanup after all tests[39m[0m

      at Database.<anonymous> 
(node_modules/sequelize/src/dialects/sqlite/query.js:236:27)
      at node_modules/sequelize/src/dialects/sqlite/query.js:234:50
      at Query.run (node_modules/sequelize/src/dialects/sqlite/query.js:234:12)
      at node_modules/sequelize/src/sequelize.js:650:28
      at SQLiteQueryInterface.addIndex 
(node_modules/sequelize/src/dialects/abstract/query-interface.js:586:12)
      at Sector.sync (node_modules/sequelize/src/model.js:1427:7)
      at Sequelize.sync (node_modules/sequelize/src/sequelize.js:825:9)
      at Object.<anonymous> (tests/setup.js:16:3)

  ΓùÅ Auth Service ΓÇ║ loginUser ΓÇ║ should login with valid credentials



    [0m [90m 132 |[39m [90m */[39m
     [90m 133 |[39m [36mconst[39m cleanDatabase [33m=[39m 
[36masync[39m () [33m=>[39m {
    [31m[1m>[22m[39m[90m 134 |[39m   [36mawait[39m 
[33mTransaction[39m[33m.[39mdestroy({ where[33m:[39m {}[33m,[39m 
truncate[33m:[39m [36mtrue[39m[33m,[39m cascade[33m:[39m 
[36mtrue[39m })[33m;[39m
     [90m     |[39m   [31m[1m^[22m[39m
     [90m 135 |[39m   [36mawait[39m 
[33mShipCargo[39m[33m.[39mdestroy({ where[33m:[39m {}[33m,[39m 
truncate[33m:[39m [36mtrue[39m[33m,[39m cascade[33m:[39m 
[36mtrue[39m })[33m;[39m
     [90m 136 |[39m   [36mawait[39m 
[33mPortCommodity[39m[33m.[39mdestroy({ where[33m:[39m {}[33m,[39m 
truncate[33m:[39m [36mtrue[39m[33m,[39m cascade[33m:[39m 
[36mtrue[39m })[33m;[39m
     [90m 137 |[39m   [36mawait[39m [33mPort[39m[33m.[39mdestroy({ 
where[33m:[39m {}[33m,[39m truncate[33m:[39m [36mtrue[39m[33m,[39m 
cascade[33m:[39m [36mtrue[39m })[33m;[39m[0m

      at Database.<anonymous> 
(node_modules/sequelize/src/dialects/sqlite/query.js:236:27)
      at node_modules/sequelize/src/dialects/sqlite/query.js:234:50
      at Query.run (node_modules/sequelize/src/dialects/sqlite/query.js:234:12)
      at node_modules/sequelize/src/sequelize.js:650:28
      at Transaction.destroy (node_modules/sequelize/src/model.js:3083:16)
      at cleanDatabase (tests/helpers.js:134:3)
      at Object.<anonymous> (tests/services/authService.test.js:14:5)

  ΓùÅ Auth Service ΓÇ║ loginUser ΓÇ║ should login with valid credentials

    No sectors available. Universe may not be initialized.

    [0m [90m 43 |[39m     
     [90m 44 |[39m     [36mif[39m ([33m![39mstartingSector) {
    [31m[1m>[22m[39m[90m 45 |[39m       [36mconst[39m error 
[33m=[39m [36mnew[39m [33mError[39m([32m'No sectors available. Universe 
may not be initialized.'[39m)[33m;[39m
     [90m    |[39m                     [31m[1m^[22m[39m
     [90m 46 |[39m       error[33m.[39mstatusCode [33m=[39m 
[35m500[39m[33m;[39m
     [90m 47 |[39m       [36mthrow[39m error[33m;[39m
     [90m 48 |[39m     }[0m

      at Object.registerUser (src/services/authService.js:45:21)
      at Object.<anonymous> (tests/services/authService.test.js:74:7)

  ΓùÅ Auth Service ΓÇ║ loginUser ΓÇ║ should return valid JWT token



    [0m [90m 14 |[39m beforeAll([36masync[39m () [33m=>[39m {
     [90m 15 |[39m   [90m// Sync database with force to ensure clean 
state[39m
    [31m[1m>[22m[39m[90m 16 |[39m   [36mawait[39m 
sequelize[33m.[39msync({ force[33m:[39m [36mtrue[39m })[33m;[39m
     [90m    |[39m   [31m[1m^[22m[39m
     [90m 17 |[39m })[33m;[39m
     [90m 18 |[39m
     [90m 19 |[39m [90m// Cleanup after all tests[39m[0m

      at Database.<anonymous> 
(node_modules/sequelize/src/dialects/sqlite/query.js:236:27)
      at node_modules/sequelize/src/dialects/sqlite/query.js:234:50
      at Query.run (node_modules/sequelize/src/dialects/sqlite/query.js:234:12)
      at node_modules/sequelize/src/sequelize.js:650:28
      at SQLiteQueryInterface.addIndex 
(node_modules/sequelize/src/dialects/abstract/query-interface.js:586:12)
      at Sector.sync (node_modules/sequelize/src/model.js:1427:7)
      at Sequelize.sync (node_modules/sequelize/src/sequelize.js:825:9)
      at Object.<anonymous> (tests/setup.js:16:3)

  ΓùÅ Auth Service ΓÇ║ loginUser ΓÇ║ should return valid JWT token



    [0m [90m 132 |[39m [90m */[39m
     [90m 133 |[39m [36mconst[39m cleanDatabase [33m=[39m 
[36masync[39m () [33m=>[39m {
    [31m[1m>[22m[39m[90m 134 |[39m   [36mawait[39m 
[33mTransaction[39m[33m.[39mdestroy({ where[33m:[39m {}[33m,[39m 
truncate[33m:[39m [36mtrue[39m[33m,[39m cascade[33m:[39m 
[36mtrue[39m })[33m;[39m
     [90m     |[39m   [31m[1m^[22m[39m
     [90m 135 |[39m   [36mawait[39m 
[33mShipCargo[39m[33m.[39mdestroy({ where[33m:[39m {}[33m,[39m 
truncate[33m:[39m [36mtrue[39m[33m,[39m cascade[33m:[39m 
[36mtrue[39m })[33m;[39m
     [90m 136 |[39m   [36mawait[39m 
[33mPortCommodity[39m[33m.[39mdestroy({ where[33m:[39m {}[33m,[39m 
truncate[33m:[39m [36mtrue[39m[33m,[39m cascade[33m:[39m 
[36mtrue[39m })[33m;[39m
     [90m 137 |[39m   [36mawait[39m [33mPort[39m[33m.[39mdestroy({ 
where[33m:[39m {}[33m,[39m truncate[33m:[39m [36mtrue[39m[33m,[39m 
cascade[33m:[39m [36mtrue[39m })[33m;[39m[0m

      at Database.<anonymous> 
(node_modules/sequelize/src/dialects/sqlite/query.js:236:27)
      at node_modules/sequelize/src/dialects/sqlite/query.js:234:50
      at Query.run (node_modules/sequelize/src/dialects/sqlite/query.js:234:12)
      at node_modules/sequelize/src/sequelize.js:650:28
      at Transaction.destroy (node_modules/sequelize/src/model.js:3083:16)
      at cleanDatabase (tests/helpers.js:134:3)
      at Object.<anonymous> (tests/services/authService.test.js:14:5)

  ΓùÅ Auth Service ΓÇ║ loginUser ΓÇ║ should return valid JWT token

    No sectors available. Universe may not be initialized.

    [0m [90m 43 |[39m     
     [90m 44 |[39m     [36mif[39m ([33m![39mstartingSector) {
    [31m[1m>[22m[39m[90m 45 |[39m       [36mconst[39m error 
[33m=[39m [36mnew[39m [33mError[39m([32m'No sectors available. Universe 
may not be initialized.'[39m)[33m;[39m
     [90m    |[39m                     [31m[1m^[22m[39m
     [90m 46 |[39m       error[33m.[39mstatusCode [33m=[39m 
[35m500[39m[33m;[39m
     [90m 47 |[39m       [36mthrow[39m error[33m;[39m
     [90m 48 |[39m     }[0m

      at Object.registerUser (src/services/authService.js:45:21)
      at Object.<anonymous> (tests/services/authService.test.js:74:7)

  ΓùÅ Auth Service ΓÇ║ loginUser ΓÇ║ should fail with wrong password



    [0m [90m 14 |[39m beforeAll([36masync[39m () [33m=>[39m {
     [90m 15 |[39m   [90m// Sync database with force to ensure clean 
state[39m
    [31m[1m>[22m[39m[90m 16 |[39m   [36mawait[39m 
sequelize[33m.[39msync({ force[33m:[39m [36mtrue[39m })[33m;[39m
     [90m    |[39m   [31m[1m^[22m[39m
     [90m 17 |[39m })[33m;[39m
     [90m 18 |[39m
     [90m 19 |[39m [90m// Cleanup after all tests[39m[0m

      at Database.<anonymous> 
(node_modules/sequelize/src/dialects/sqlite/query.js:236:27)
      at node_modules/sequelize/src/dialects/sqlite/query.js:234:50
      at Query.run (node_modules/sequelize/src/dialects/sqlite/query.js:234:12)
      at node_modules/sequelize/src/sequelize.js:650:28
      at SQLiteQueryInterface.addIndex 
(node_modules/sequelize/src/dialects/abstract/query-interface.js:586:12)
      at Sector.sync (node_modules/sequelize/src/model.js:1427:7)
      at Sequelize.sync (node_modules/sequelize/src/sequelize.js:825:9)
      at Object.<anonymous> (tests/setup.js:16:3)

  ΓùÅ Auth Service ΓÇ║ loginUser ΓÇ║ should fail with wrong password



    [0m [90m 132 |[39m [90m */[39m
     [90m 133 |[39m [36mconst[39m cleanDatabase [33m=[39m 
[36masync[39m () [33m=>[39m {
    [31m[1m>[22m[39m[90m 134 |[39m   [36mawait[39m 
[33mTransaction[39m[33m.[39mdestroy({ where[33m:[39m {}[33m,[39m 
truncate[33m:[39m [36mtrue[39m[33m,[39m cascade[33m:[39m 
[36mtrue[39m })[33m;[39m
     [90m     |[39m   [31m[1m^[22m[39m
     [90m 135 |[39m   [36mawait[39m 
[33mShipCargo[39m[33m.[39mdestroy({ where[33m:[39m {}[33m,[39m 
truncate[33m:[39m [36mtrue[39m[33m,[39m cascade[33m:[39m 
[36mtrue[39m })[33m;[39m
     [90m 136 |[39m   [36mawait[39m 
[33mPortCommodity[39m[33m.[39mdestroy({ where[33m:[39m {}[33m,[39m 
truncate[33m:[39m [36mtrue[39m[33m,[39m cascade[33m:[39m 
[36mtrue[39m })[33m;[39m
     [90m 137 |[39m   [36mawait[39m [33mPort[39m[33m.[39mdestroy({ 
where[33m:[39m {}[33m,[39m truncate[33m:[39m [36mtrue[39m[33m,[39m 
cascade[33m:[39m [36mtrue[39m })[33m;[39m[0m

      at Database.<anonymous> 
(node_modules/sequelize/src/dialects/sqlite/query.js:236:27)
      at node_modules/sequelize/src/dialects/sqlite/query.js:234:50
      at Query.run (node_modules/sequelize/src/dialects/sqlite/query.js:234:12)
      at node_modules/sequelize/src/sequelize.js:650:28
      at Transaction.destroy (node_modules/sequelize/src/model.js:3083:16)
      at cleanDatabase (tests/helpers.js:134:3)
      at Object.<anonymous> (tests/services/authService.test.js:14:5)

  ΓùÅ Auth Service ΓÇ║ loginUser ΓÇ║ should fail with wrong password

    No sectors available. Universe may not be initialized.

    [0m [90m 43 |[39m     
     [90m 44 |[39m     [36mif[39m ([33m![39mstartingSector) {
    [31m[1m>[22m[39m[90m 45 |[39m       [36mconst[39m error 
[33m=[39m [36mnew[39m [33mError[39m([32m'No sectors available. Universe 
may not be initialized.'[39m)[33m;[39m
     [90m    |[39m                     [31m[1m^[22m[39m
     [90m 46 |[39m       error[33m.[39mstatusCode [33m=[39m 
[35m500[39m[33m;[39m
     [90m 47 |[39m       [36mthrow[39m error[33m;[39m
     [90m 48 |[39m     }[0m

      at Object.registerUser (src/services/authService.js:45:21)
      at Object.<anonymous> (tests/services/authService.test.js:74:7)

  ΓùÅ Auth Service ΓÇ║ loginUser ΓÇ║ should fail with non-existent user



    [0m [90m 14 |[39m beforeAll([36masync[39m () [33m=>[39m {
     [90m 15 |[39m   [90m// Sync database with force to ensure clean 
state[39m
    [31m[1m>[22m[39m[90m 16 |[39m   [36mawait[39m 
sequelize[33m.[39msync({ force[33m:[39m [36mtrue[39m })[33m;[39m
     [90m    |[39m   [31m[1m^[22m[39m
     [90m 17 |[39m })[33m;[39m
     [90m 18 |[39m
     [90m 19 |[39m [90m// Cleanup after all tests[39m[0m

      at Database.<anonymous> 
(node_modules/sequelize/src/dialects/sqlite/query.js:236:27)
      at node_modules/sequelize/src/dialects/sqlite/query.js:234:50
      at Query.run (node_modules/sequelize/src/dialects/sqlite/query.js:234:12)
      at node_modules/sequelize/src/sequelize.js:650:28
      at SQLiteQueryInterface.addIndex 
(node_modules/sequelize/src/dialects/abstract/query-interface.js:586:12)
      at Sector.sync (node_modules/sequelize/src/model.js:1427:7)
      at Sequelize.sync (node_modules/sequelize/src/sequelize.js:825:9)
      at Object.<anonymous> (tests/setup.js:16:3)

  ΓùÅ Auth Service ΓÇ║ loginUser ΓÇ║ should fail with non-existent user



    [0m [90m 132 |[39m [90m */[39m
     [90m 133 |[39m [36mconst[39m cleanDatabase [33m=[39m 
[36masync[39m () [33m=>[39m {
    [31m[1m>[22m[39m[90m 134 |[39m   [36mawait[39m 
[33mTransaction[39m[33m.[39mdestroy({ where[33m:[39m {}[33m,[39m 
truncate[33m:[39m [36mtrue[39m[33m,[39m cascade[33m:[39m 
[36mtrue[39m })[33m;[39m
     [90m     |[39m   [31m[1m^[22m[39m
     [90m 135 |[39m   [36mawait[39m 
[33mShipCargo[39m[33m.[39mdestroy({ where[33m:[39m {}[33m,[39m 
truncate[33m:[39m [36mtrue[39m[33m,[39m cascade[33m:[39m 
[36mtrue[39m })[33m;[39m
     [90m 136 |[39m   [36mawait[39m 
[33mPortCommodity[39m[33m.[39mdestroy({ where[33m:[39m {}[33m,[39m 
truncate[33m:[39m [36mtrue[39m[33m,[39m cascade[33m:[39m 
[36mtrue[39m })[33m;[39m
     [90m 137 |[39m   [36mawait[39m [33mPort[39m[33m.[39mdestroy({ 
where[33m:[39m {}[33m,[39m truncate[33m:[39m [36mtrue[39m[33m,[39m 
cascade[33m:[39m [36mtrue[39m })[33m;[39m[0m

      at Database.<anonymous> 
(node_modules/sequelize/src/dialects/sqlite/query.js:236:27)
      at node_modules/sequelize/src/dialects/sqlite/query.js:234:50
      at Query.run (node_modules/sequelize/src/dialects/sqlite/query.js:234:12)
      at node_modules/sequelize/src/sequelize.js:650:28
      at Transaction.destroy (node_modules/sequelize/src/model.js:3083:16)
      at cleanDatabase (tests/helpers.js:134:3)
      at Object.<anonymous> (tests/services/authService.test.js:14:5)

  ΓùÅ Auth Service ΓÇ║ loginUser ΓÇ║ should fail with non-existent user

    No sectors available. Universe may not be initialized.

    [0m [90m 43 |[39m     
     [90m 44 |[39m     [36mif[39m ([33m![39mstartingSector) {
    [31m[1m>[22m[39m[90m 45 |[39m       [36mconst[39m error 
[33m=[39m [36mnew[39m [33mError[39m([32m'No sectors available. Universe 
may not be initialized.'[39m)[33m;[39m
     [90m    |[39m                     [31m[1m^[22m[39m
     [90m 46 |[39m       error[33m.[39mstatusCode [33m=[39m 
[35m500[39m[33m;[39m
     [90m 47 |[39m       [36mthrow[39m error[33m;[39m
     [90m 48 |[39m     }[0m

      at Object.registerUser (src/services/authService.js:45:21)
      at Object.<anonymous> (tests/services/authService.test.js:74:7)

  ΓùÅ Auth Service ΓÇ║ loginUser ΓÇ║ should update last_login timestamp



    [0m [90m 14 |[39m beforeAll([36masync[39m () [33m=>[39m {
     [90m 15 |[39m   [90m// Sync database with force to ensure clean 
state[39m
    [31m[1m>[22m[39m[90m 16 |[39m   [36mawait[39m 
sequelize[33m.[39msync({ force[33m:[39m [36mtrue[39m })[33m;[39m
     [90m    |[39m   [31m[1m^[22m[39m
     [90m 17 |[39m })[33m;[39m
     [90m 18 |[39m
     [90m 19 |[39m [90m// Cleanup after all tests[39m[0m

      at Database.<anonymous> 
(node_modules/sequelize/src/dialects/sqlite/query.js:236:27)
      at node_modules/sequelize/src/dialects/sqlite/query.js:234:50
      at Query.run (node_modules/sequelize/src/dialects/sqlite/query.js:234:12)
      at node_modules/sequelize/src/sequelize.js:650:28
      at SQLiteQueryInterface.addIndex 
(node_modules/sequelize/src/dialects/abstract/query-interface.js:586:12)
      at Sector.sync (node_modules/sequelize/src/model.js:1427:7)
      at Sequelize.sync (node_modules/sequelize/src/sequelize.js:825:9)
      at Object.<anonymous> (tests/setup.js:16:3)

  ΓùÅ Auth Service ΓÇ║ loginUser ΓÇ║ should update last_login timestamp



    [0m [90m 132 |[39m [90m */[39m
     [90m 133 |[39m [36mconst[39m cleanDatabase [33m=[39m 
[36masync[39m () [33m=>[39m {
    [31m[1m>[22m[39m[90m 134 |[39m   [36mawait[39m 
[33mTransaction[39m[33m.[39mdestroy({ where[33m:[39m {}[33m,[39m 
truncate[33m:[39m [36mtrue[39m[33m,[39m cascade[33m:[39m 
[36mtrue[39m })[33m;[39m
     [90m     |[39m   [31m[1m^[22m[39m
     [90m 135 |[39m   [36mawait[39m 
[33mShipCargo[39m[33m.[39mdestroy({ where[33m:[39m {}[33m,[39m 
truncate[33m:[39m [36mtrue[39m[33m,[39m cascade[33m:[39m 
[36mtrue[39m })[33m;[39m
     [90m 136 |[39m   [36mawait[39m 
[33mPortCommodity[39m[33m.[39mdestroy({ where[33m:[39m {}[33m,[39m 
truncate[33m:[39m [36mtrue[39m[33m,[39m cascade[33m:[39m 
[36mtrue[39m })[33m;[39m
     [90m 137 |[39m   [36mawait[39m [33mPort[39m[33m.[39mdestroy({ 
where[33m:[39m {}[33m,[39m truncate[33m:[39m [36mtrue[39m[33m,[39m 
cascade[33m:[39m [36mtrue[39m })[33m;[39m[0m

      at Database.<anonymous> 
(node_modules/sequelize/src/dialects/sqlite/query.js:236:27)
      at node_modules/sequelize/src/dialects/sqlite/query.js:234:50
      at Query.run (node_modules/sequelize/src/dialects/sqlite/query.js:234:12)
      at node_modules/sequelize/src/sequelize.js:650:28
      at Transaction.destroy (node_modules/sequelize/src/model.js:3083:16)
      at cleanDatabase (tests/helpers.js:134:3)
      at Object.<anonymous> (tests/services/authService.test.js:14:5)

  ΓùÅ Auth Service ΓÇ║ loginUser ΓÇ║ should update last_login timestamp

    No sectors available. Universe may not be initialized.

    [0m [90m 43 |[39m     
     [90m 44 |[39m     [36mif[39m ([33m![39mstartingSector) {
    [31m[1m>[22m[39m[90m 45 |[39m       [36mconst[39m error 
[33m=[39m [36mnew[39m [33mError[39m([32m'No sectors available. Universe 
may not be initialized.'[39m)[33m;[39m
     [90m    |[39m                     [31m[1m^[22m[39m
     [90m 46 |[39m       error[33m.[39mstatusCode [33m=[39m 
[35m500[39m[33m;[39m
     [90m 47 |[39m       [36mthrow[39m error[33m;[39m
     [90m 48 |[39m     }[0m

      at Object.registerUser (src/services/authService.js:45:21)
      at Object.<anonymous> (tests/services/authService.test.js:74:7)

  ΓùÅ Auth Service ΓÇ║ getUserProfile ΓÇ║ should get user profile by id



    [0m [90m 14 |[39m beforeAll([36masync[39m () [33m=>[39m {
     [90m 15 |[39m   [90m// Sync database with force to ensure clean 
state[39m
    [31m[1m>[22m[39m[90m 16 |[39m   [36mawait[39m 
sequelize[33m.[39msync({ force[33m:[39m [36mtrue[39m })[33m;[39m
     [90m    |[39m   [31m[1m^[22m[39m
     [90m 17 |[39m })[33m;[39m
     [90m 18 |[39m
     [90m 19 |[39m [90m// Cleanup after all tests[39m[0m

      at Database.<anonymous> 
(node_modules/sequelize/src/dialects/sqlite/query.js:236:27)
      at node_modules/sequelize/src/dialects/sqlite/query.js:234:50
      at Query.run (node_modules/sequelize/src/dialects/sqlite/query.js:234:12)
      at node_modules/sequelize/src/sequelize.js:650:28
      at SQLiteQueryInterface.addIndex 
(node_modules/sequelize/src/dialects/abstract/query-interface.js:586:12)
      at Sector.sync (node_modules/sequelize/src/model.js:1427:7)
      at Sequelize.sync (node_modules/sequelize/src/sequelize.js:825:9)
      at Object.<anonymous> (tests/setup.js:16:3)

  ΓùÅ Auth Service ΓÇ║ getUserProfile ΓÇ║ should get user profile by id



    [0m [90m 132 |[39m [90m */[39m
     [90m 133 |[39m [36mconst[39m cleanDatabase [33m=[39m 
[36masync[39m () [33m=>[39m {
    [31m[1m>[22m[39m[90m 134 |[39m   [36mawait[39m 
[33mTransaction[39m[33m.[39mdestroy({ where[33m:[39m {}[33m,[39m 
truncate[33m:[39m [36mtrue[39m[33m,[39m cascade[33m:[39m 
[36mtrue[39m })[33m;[39m
     [90m     |[39m   [31m[1m^[22m[39m
     [90m 135 |[39m   [36mawait[39m 
[33mShipCargo[39m[33m.[39mdestroy({ where[33m:[39m {}[33m,[39m 
truncate[33m:[39m [36mtrue[39m[33m,[39m cascade[33m:[39m 
[36mtrue[39m })[33m;[39m
     [90m 136 |[39m   [36mawait[39m 
[33mPortCommodity[39m[33m.[39mdestroy({ where[33m:[39m {}[33m,[39m 
truncate[33m:[39m [36mtrue[39m[33m,[39m cascade[33m:[39m 
[36mtrue[39m })[33m;[39m
     [90m 137 |[39m   [36mawait[39m [33mPort[39m[33m.[39mdestroy({ 
where[33m:[39m {}[33m,[39m truncate[33m:[39m [36mtrue[39m[33m,[39m 
cascade[33m:[39m [36mtrue[39m })[33m;[39m[0m

      at Database.<anonymous> 
(node_modules/sequelize/src/dialects/sqlite/query.js:236:27)
      at node_modules/sequelize/src/dialects/sqlite/query.js:234:50
      at Query.run (node_modules/sequelize/src/dialects/sqlite/query.js:234:12)
      at node_modules/sequelize/src/sequelize.js:650:28
      at Transaction.destroy (node_modules/sequelize/src/model.js:3083:16)
      at cleanDatabase (tests/helpers.js:134:3)
      at Object.<anonymous> (tests/services/authService.test.js:14:5)

  ΓùÅ Auth Service ΓÇ║ getUserProfile ΓÇ║ should get user profile by id

    SequelizeValidationError: notNull Violation: User.hashed_password cannot 
be null

    [0m [90m 117 |[39m
     [90m 118 |[39m     beforeAll([36masync[39m () [33m=>[39m {
    [31m[1m>[22m[39m[90m 119 |[39m       testUser [33m=[39m 
[36mawait[39m createTestUser({ username[33m:[39m [32m'profileuser'[39m 
})[33m;[39m
     [90m     |[39m                  [31m[1m^[22m[39m
     [90m 120 |[39m     })[33m;[39m
     [90m 121 |[39m
     [90m 122 |[39m     it([32m'should get user profile by 
id'[39m[33m,[39m [36masync[39m () [33m=>[39m {[0m

      at InstanceValidator._validate 
(node_modules/sequelize/src/instance-validator.js:78:13)
      at InstanceValidator._validateAndRunHooks 
(node_modules/sequelize/src/instance-validator.js:111:7)
      at InstanceValidator.validate 
(node_modules/sequelize/src/instance-validator.js:93:12)
      at model.save (node_modules/sequelize/src/model.js:4077:7)
      at User.create (node_modules/sequelize/src/model.js:2305:12)
      at Object.<anonymous> (tests/services/authService.test.js:119:18)

  ΓùÅ Auth Service ΓÇ║ getUserProfile ΓÇ║ should throw error for non-existent 
user



    [0m [90m 14 |[39m beforeAll([36masync[39m () [33m=>[39m {
     [90m 15 |[39m   [90m// Sync database with force to ensure clean 
state[39m
    [31m[1m>[22m[39m[90m 16 |[39m   [36mawait[39m 
sequelize[33m.[39msync({ force[33m:[39m [36mtrue[39m })[33m;[39m
     [90m    |[39m   [31m[1m^[22m[39m
     [90m 17 |[39m })[33m;[39m
     [90m 18 |[39m
     [90m 19 |[39m [90m// Cleanup after all tests[39m[0m

      at Database.<anonymous> 
(node_modules/sequelize/src/dialects/sqlite/query.js:236:27)
      at node_modules/sequelize/src/dialects/sqlite/query.js:234:50
      at Query.run (node_modules/sequelize/src/dialects/sqlite/query.js:234:12)
      at node_modules/sequelize/src/sequelize.js:650:28
      at SQLiteQueryInterface.addIndex 
(node_modules/sequelize/src/dialects/abstract/query-interface.js:586:12)
      at Sector.sync (node_modules/sequelize/src/model.js:1427:7)
      at Sequelize.sync (node_modules/sequelize/src/sequelize.js:825:9)
      at Object.<anonymous> (tests/setup.js:16:3)

  ΓùÅ Auth Service ΓÇ║ getUserProfile ΓÇ║ should throw error for non-existent 
user



    [0m [90m 132 |[39m [90m */[39m
     [90m 133 |[39m [36mconst[39m cleanDatabase [33m=[39m 
[36masync[39m () [33m=>[39m {
    [31m[1m>[22m[39m[90m 134 |[39m   [36mawait[39m 
[33mTransaction[39m[33m.[39mdestroy({ where[33m:[39m {}[33m,[39m 
truncate[33m:[39m [36mtrue[39m[33m,[39m cascade[33m:[39m 
[36mtrue[39m })[33m;[39m
     [90m     |[39m   [31m[1m^[22m[39m
     [90m 135 |[39m   [36mawait[39m 
[33mShipCargo[39m[33m.[39mdestroy({ where[33m:[39m {}[33m,[39m 
truncate[33m:[39m [36mtrue[39m[33m,[39m cascade[33m:[39m 
[36mtrue[39m })[33m;[39m
     [90m 136 |[39m   [36mawait[39m 
[33mPortCommodity[39m[33m.[39mdestroy({ where[33m:[39m {}[33m,[39m 
truncate[33m:[39m [36mtrue[39m[33m,[39m cascade[33m:[39m 
[36mtrue[39m })[33m;[39m
     [90m 137 |[39m   [36mawait[39m [33mPort[39m[33m.[39mdestroy({ 
where[33m:[39m {}[33m,[39m truncate[33m:[39m [36mtrue[39m[33m,[39m 
cascade[33m:[39m [36mtrue[39m })[33m;[39m[0m

      at Database.<anonymous> 
(node_modules/sequelize/src/dialects/sqlite/query.js:236:27)
      at node_modules/sequelize/src/dialects/sqlite/query.js:234:50
      at Query.run (node_modules/sequelize/src/dialects/sqlite/query.js:234:12)
      at node_modules/sequelize/src/sequelize.js:650:28
      at Transaction.destroy (node_modules/sequelize/src/model.js:3083:16)
      at cleanDatabase (tests/helpers.js:134:3)
      at Object.<anonymous> (tests/services/authService.test.js:14:5)

  ΓùÅ Auth Service ΓÇ║ getUserProfile ΓÇ║ should throw error for non-existent 
user

    SequelizeValidationError: notNull Violation: User.hashed_password cannot 
be null

    [0m [90m 117 |[39m
     [90m 118 |[39m     beforeAll([36masync[39m () [33m=>[39m {
    [31m[1m>[22m[39m[90m 119 |[39m       testUser [33m=[39m 
[36mawait[39m createTestUser({ username[33m:[39m [32m'profileuser'[39m 
})[33m;[39m
     [90m     |[39m                  [31m[1m^[22m[39m
     [90m 120 |[39m     })[33m;[39m
     [90m 121 |[39m
     [90m 122 |[39m     it([32m'should get user profile by 
id'[39m[33m,[39m [36masync[39m () [33m=>[39m {[0m

      at InstanceValidator._validate 
(node_modules/sequelize/src/instance-validator.js:78:13)
      at InstanceValidator._validateAndRunHooks 
(node_modules/sequelize/src/instance-validator.js:111:7)
      at InstanceValidator.validate 
(node_modules/sequelize/src/instance-validator.js:93:12)
      at model.save (node_modules/sequelize/src/model.js:4077:7)
      at User.create (node_modules/sequelize/src/model.js:2305:12)
      at Object.<anonymous> (tests/services/authService.test.js:119:18)

  ΓùÅ Auth Service ΓÇ║ generateToken ΓÇ║ should generate a valid JWT token



    [0m [90m 14 |[39m beforeAll([36masync[39m () [33m=>[39m {
     [90m 15 |[39m   [90m// Sync database with force to ensure clean 
state[39m
    [31m[1m>[22m[39m[90m 16 |[39m   [36mawait[39m 
sequelize[33m.[39msync({ force[33m:[39m [36mtrue[39m })[33m;[39m
     [90m    |[39m   [31m[1m^[22m[39m
     [90m 17 |[39m })[33m;[39m
     [90m 18 |[39m
     [90m 19 |[39m [90m// Cleanup after all tests[39m[0m

      at Database.<anonymous> 
(node_modules/sequelize/src/dialects/sqlite/query.js:236:27)
      at node_modules/sequelize/src/dialects/sqlite/query.js:234:50
      at Query.run (node_modules/sequelize/src/dialects/sqlite/query.js:234:12)
      at node_modules/sequelize/src/sequelize.js:650:28
      at SQLiteQueryInterface.addIndex 
(node_modules/sequelize/src/dialects/abstract/query-interface.js:586:12)
      at Sector.sync (node_modules/sequelize/src/model.js:1427:7)
      at Sequelize.sync (node_modules/sequelize/src/sequelize.js:825:9)
      at Object.<anonymous> (tests/setup.js:16:3)

  ΓùÅ Auth Service ΓÇ║ generateToken ΓÇ║ should generate a valid JWT token



    [0m [90m 132 |[39m [90m */[39m
     [90m 133 |[39m [36mconst[39m cleanDatabase [33m=[39m 
[36masync[39m () [33m=>[39m {
    [31m[1m>[22m[39m[90m 134 |[39m   [36mawait[39m 
[33mTransaction[39m[33m.[39mdestroy({ where[33m:[39m {}[33m,[39m 
truncate[33m:[39m [36mtrue[39m[33m,[39m cascade[33m:[39m 
[36mtrue[39m })[33m;[39m
     [90m     |[39m   [31m[1m^[22m[39m
     [90m 135 |[39m   [36mawait[39m 
[33mShipCargo[39m[33m.[39mdestroy({ where[33m:[39m {}[33m,[39m 
truncate[33m:[39m [36mtrue[39m[33m,[39m cascade[33m:[39m 
[36mtrue[39m })[33m;[39m
     [90m 136 |[39m   [36mawait[39m 
[33mPortCommodity[39m[33m.[39mdestroy({ where[33m:[39m {}[33m,[39m 
truncate[33m:[39m [36mtrue[39m[33m,[39m cascade[33m:[39m 
[36mtrue[39m })[33m;[39m
     [90m 137 |[39m   [36mawait[39m [33mPort[39m[33m.[39mdestroy({ 
where[33m:[39m {}[33m,[39m truncate[33m:[39m [36mtrue[39m[33m,[39m 
cascade[33m:[39m [36mtrue[39m })[33m;[39m[0m

      at Database.<anonymous> 
(node_modules/sequelize/src/dialects/sqlite/query.js:236:27)
      at node_modules/sequelize/src/dialects/sqlite/query.js:234:50
      at Query.run (node_modules/sequelize/src/dialects/sqlite/query.js:234:12)
      at node_modules/sequelize/src/sequelize.js:650:28
      at Transaction.destroy (node_modules/sequelize/src/model.js:3083:16)
      at cleanDatabase (tests/helpers.js:134:3)
      at Object.<anonymous> (tests/services/authService.test.js:14:5)


  ΓùÅ Test suite failed to run



    [0m [90m 132 |[39m [90m */[39m
     [90m 133 |[39m [36mconst[39m cleanDatabase [33m=[39m 
[36masync[39m () [33m=>[39m {
    [31m[1m>[22m[39m[90m 134 |[39m   [36mawait[39m 
[33mTransaction[39m[33m.[39mdestroy({ where[33m:[39m {}[33m,[39m 
truncate[33m:[39m [36mtrue[39m[33m,[39m cascade[33m:[39m 
[36mtrue[39m })[33m;[39m
     [90m     |[39m   [31m[1m^[22m[39m
     [90m 135 |[39m   [36mawait[39m 
[33mShipCargo[39m[33m.[39mdestroy({ where[33m:[39m {}[33m,[39m 
truncate[33m:[39m [36mtrue[39m[33m,[39m cascade[33m:[39m 
[36mtrue[39m })[33m;[39m
     [90m 136 |[39m   [36mawait[39m 
[33mPortCommodity[39m[33m.[39mdestroy({ where[33m:[39m {}[33m,[39m 
truncate[33m:[39m [36mtrue[39m[33m,[39m cascade[33m:[39m 
[36mtrue[39m })[33m;[39m
     [90m 137 |[39m   [36mawait[39m [33mPort[39m[33m.[39mdestroy({ 
where[33m:[39m {}[33m,[39m truncate[33m:[39m [36mtrue[39m[33m,[39m 
cascade[33m:[39m [36mtrue[39m })[33m;[39m[0m

      at Database.<anonymous> 
(node_modules/sequelize/src/dialects/sqlite/query.js:236:27)
      at node_modules/sequelize/src/dialects/sqlite/query.js:234:50
      at Query.run (node_modules/sequelize/src/dialects/sqlite/query.js:234:12)
      at node_modules/sequelize/src/sequelize.js:650:28
      at Transaction.destroy (node_modules/sequelize/src/model.js:3083:16)
      at cleanDatabase (tests/helpers.js:134:3)
      at Object.<anonymous> (tests/services/authService.test.js:20:5)

  console.log
    Generating universe with 25 sectors (5x5 grid)...

      at log (src/services/universeGenerator.js:60:11)

FAIL tests/services/portService.test.js (8.084 s)
  Port Service
    getPortById
      ├ù should return port details (4 ms)
      ├ù should include sector information
      ├ù should throw error for non-existent port
      ├ù should throw error for inactive port
    getPortCommodities
      ├ù should return list of commodities at port
      ├ù should include price information for each commodity
      ├ù should include commodity details (1 ms)
    getPortsBySector
      ├ù should return ports in the sector
      ├ù should only return active ports
      ├ù should return empty array for sector with no ports
    getPortWithPrices
      ├ù should return port with full price info
      ├ù should calculate dynamic prices
    updatePortStock
      ├ù should update commodity quantity
      ├ù should not go below zero
      ├ù should not exceed max quantity

  ΓùÅ Port Service ΓÇ║ getPortById ΓÇ║ should return port details

    SequelizeValidationError: notNull Violation: Port.type cannot be null

    [0m [90m 14 |[39m     [90m// Create test sector and port[39m
     [90m 15 |[39m     testSector [33m=[39m [36mawait[39m 
createTestSector({ name[33m:[39m [32m'Port Test Sector'[39m[33m,[39m 
has_port[33m:[39m [36mtrue[39m })[33m;[39m
    [31m[1m>[22m[39m[90m 16 |[39m     testPort [33m=[39m 
[36mawait[39m createTestPort(testSector[33m.[39msector_id[33m,[39m {
     [90m    |[39m                [31m[1m^[22m[39m
     [90m 17 |[39m       name[33m:[39m [32m'Test Trading 
Hub'[39m[33m,[39m
     [90m 18 |[39m       port_type[33m:[39m [32m'Trading 
Hub'[39m[33m,[39m
     [90m 19 |[39m       tax_rate[33m:[39m [35m0.05[39m[0m

      at InstanceValidator._validate 
(node_modules/sequelize/src/instance-validator.js:78:13)
      at InstanceValidator._validateAndRunHooks 
(node_modules/sequelize/src/instance-validator.js:111:7)
      at InstanceValidator.validate 
(node_modules/sequelize/src/instance-validator.js:93:12)
      at model.save (node_modules/sequelize/src/model.js:4077:7)
      at Port.create (node_modules/sequelize/src/model.js:2305:12)
      at Object.<anonymous> (tests/services/portService.test.js:16:16)

  ΓùÅ Port Service ΓÇ║ getPortById ΓÇ║ should include sector information

    SequelizeValidationError: notNull Violation: Port.type cannot be null

    [0m [90m 14 |[39m     [90m// Create test sector and port[39m
     [90m 15 |[39m     testSector [33m=[39m [36mawait[39m 
createTestSector({ name[33m:[39m [32m'Port Test Sector'[39m[33m,[39m 
has_port[33m:[39m [36mtrue[39m })[33m;[39m
    [31m[1m>[22m[39m[90m 16 |[39m     testPort [33m=[39m 
[36mawait[39m createTestPort(testSector[33m.[39msector_id[33m,[39m {
     [90m    |[39m                [31m[1m^[22m[39m
     [90m 17 |[39m       name[33m:[39m [32m'Test Trading 
Hub'[39m[33m,[39m
     [90m 18 |[39m       port_type[33m:[39m [32m'Trading 
Hub'[39m[33m,[39m
     [90m 19 |[39m       tax_rate[33m:[39m [35m0.05[39m[0m

      at InstanceValidator._validate 
(node_modules/sequelize/src/instance-validator.js:78:13)
      at InstanceValidator._validateAndRunHooks 
(node_modules/sequelize/src/instance-validator.js:111:7)
      at InstanceValidator.validate 
(node_modules/sequelize/src/instance-validator.js:93:12)
      at model.save (node_modules/sequelize/src/model.js:4077:7)
      at Port.create (node_modules/sequelize/src/model.js:2305:12)
      at Object.<anonymous> (tests/services/portService.test.js:16:16)

  ΓùÅ Port Service ΓÇ║ getPortById ΓÇ║ should throw error for non-existent port

    SequelizeValidationError: notNull Violation: Port.type cannot be null

    [0m [90m 14 |[39m     [90m// Create test sector and port[39m
     [90m 15 |[39m     testSector [33m=[39m [36mawait[39m 
createTestSector({ name[33m:[39m [32m'Port Test Sector'[39m[33m,[39m 
has_port[33m:[39m [36mtrue[39m })[33m;[39m
    [31m[1m>[22m[39m[90m 16 |[39m     testPort [33m=[39m 
[36mawait[39m createTestPort(testSector[33m.[39msector_id[33m,[39m {
     [90m    |[39m                [31m[1m^[22m[39m
     [90m 17 |[39m       name[33m:[39m [32m'Test Trading 
Hub'[39m[33m,[39m
     [90m 18 |[39m       port_type[33m:[39m [32m'Trading 
Hub'[39m[33m,[39m
     [90m 19 |[39m       tax_rate[33m:[39m [35m0.05[39m[0m

      at InstanceValidator._validate 
(node_modules/sequelize/src/instance-validator.js:78:13)
      at InstanceValidator._validateAndRunHooks 
(node_modules/sequelize/src/instance-validator.js:111:7)
      at InstanceValidator.validate 
(node_modules/sequelize/src/instance-validator.js:93:12)
      at model.save (node_modules/sequelize/src/model.js:4077:7)
      at Port.create (node_modules/sequelize/src/model.js:2305:12)
      at Object.<anonymous> (tests/services/portService.test.js:16:16)

  ΓùÅ Port Service ΓÇ║ getPortById ΓÇ║ should throw error for inactive port

    SequelizeValidationError: notNull Violation: Port.type cannot be null

    [0m [90m 14 |[39m     [90m// Create test sector and port[39m
     [90m 15 |[39m     testSector [33m=[39m [36mawait[39m 
createTestSector({ name[33m:[39m [32m'Port Test Sector'[39m[33m,[39m 
has_port[33m:[39m [36mtrue[39m })[33m;[39m
    [31m[1m>[22m[39m[90m 16 |[39m     testPort [33m=[39m 
[36mawait[39m createTestPort(testSector[33m.[39msector_id[33m,[39m {
     [90m    |[39m                [31m[1m^[22m[39m
     [90m 17 |[39m       name[33m:[39m [32m'Test Trading 
Hub'[39m[33m,[39m
     [90m 18 |[39m       port_type[33m:[39m [32m'Trading 
Hub'[39m[33m,[39m
     [90m 19 |[39m       tax_rate[33m:[39m [35m0.05[39m[0m

      at InstanceValidator._validate 
(node_modules/sequelize/src/instance-validator.js:78:13)
      at InstanceValidator._validateAndRunHooks 
(node_modules/sequelize/src/instance-validator.js:111:7)
      at InstanceValidator.validate 
(node_modules/sequelize/src/instance-validator.js:93:12)
      at model.save (node_modules/sequelize/src/model.js:4077:7)
      at Port.create (node_modules/sequelize/src/model.js:2305:12)
      at Object.<anonymous> (tests/services/portService.test.js:16:16)

  ΓùÅ Port Service ΓÇ║ getPortCommodities ΓÇ║ should return list of 
commodities at port

    SequelizeValidationError: notNull Violation: Port.type cannot be null

    [0m [90m 14 |[39m     [90m// Create test sector and port[39m
     [90m 15 |[39m     testSector [33m=[39m [36mawait[39m 
createTestSector({ name[33m:[39m [32m'Port Test Sector'[39m[33m,[39m 
has_port[33m:[39m [36mtrue[39m })[33m;[39m
    [31m[1m>[22m[39m[90m 16 |[39m     testPort [33m=[39m 
[36mawait[39m createTestPort(testSector[33m.[39msector_id[33m,[39m {
     [90m    |[39m                [31m[1m^[22m[39m
     [90m 17 |[39m       name[33m:[39m [32m'Test Trading 
Hub'[39m[33m,[39m
     [90m 18 |[39m       port_type[33m:[39m [32m'Trading 
Hub'[39m[33m,[39m
     [90m 19 |[39m       tax_rate[33m:[39m [35m0.05[39m[0m

      at InstanceValidator._validate 
(node_modules/sequelize/src/instance-validator.js:78:13)
      at InstanceValidator._validateAndRunHooks 
(node_modules/sequelize/src/instance-validator.js:111:7)
      at InstanceValidator.validate 
(node_modules/sequelize/src/instance-validator.js:93:12)
      at model.save (node_modules/sequelize/src/model.js:4077:7)
      at Port.create (node_modules/sequelize/src/model.js:2305:12)
      at Object.<anonymous> (tests/services/portService.test.js:16:16)

  ΓùÅ Port Service ΓÇ║ getPortCommodities ΓÇ║ should include price information 
for each commodity

    SequelizeValidationError: notNull Violation: Port.type cannot be null

    [0m [90m 14 |[39m     [90m// Create test sector and port[39m
     [90m 15 |[39m     testSector [33m=[39m [36mawait[39m 
createTestSector({ name[33m:[39m [32m'Port Test Sector'[39m[33m,[39m 
has_port[33m:[39m [36mtrue[39m })[33m;[39m
    [31m[1m>[22m[39m[90m 16 |[39m     testPort [33m=[39m 
[36mawait[39m createTestPort(testSector[33m.[39msector_id[33m,[39m {
     [90m    |[39m                [31m[1m^[22m[39m
     [90m 17 |[39m       name[33m:[39m [32m'Test Trading 
Hub'[39m[33m,[39m
     [90m 18 |[39m       port_type[33m:[39m [32m'Trading 
Hub'[39m[33m,[39m
     [90m 19 |[39m       tax_rate[33m:[39m [35m0.05[39m[0m

      at InstanceValidator._validate 
(node_modules/sequelize/src/instance-validator.js:78:13)
      at InstanceValidator._validateAndRunHooks 
(node_modules/sequelize/src/instance-validator.js:111:7)
      at InstanceValidator.validate 
(node_modules/sequelize/src/instance-validator.js:93:12)
      at model.save (node_modules/sequelize/src/model.js:4077:7)
      at Port.create (node_modules/sequelize/src/model.js:2305:12)
      at Object.<anonymous> (tests/services/portService.test.js:16:16)

  ΓùÅ Port Service ΓÇ║ getPortCommodities ΓÇ║ should include commodity details

    SequelizeValidationError: notNull Violation: Port.type cannot be null

    [0m [90m 14 |[39m     [90m// Create test sector and port[39m
     [90m 15 |[39m     testSector [33m=[39m [36mawait[39m 
createTestSector({ name[33m:[39m [32m'Port Test Sector'[39m[33m,[39m 
has_port[33m:[39m [36mtrue[39m })[33m;[39m
    [31m[1m>[22m[39m[90m 16 |[39m     testPort [33m=[39m 
[36mawait[39m createTestPort(testSector[33m.[39msector_id[33m,[39m {
     [90m    |[39m                [31m[1m^[22m[39m
     [90m 17 |[39m       name[33m:[39m [32m'Test Trading 
Hub'[39m[33m,[39m
     [90m 18 |[39m       port_type[33m:[39m [32m'Trading 
Hub'[39m[33m,[39m
     [90m 19 |[39m       tax_rate[33m:[39m [35m0.05[39m[0m

      at InstanceValidator._validate 
(node_modules/sequelize/src/instance-validator.js:78:13)
      at InstanceValidator._validateAndRunHooks 
(node_modules/sequelize/src/instance-validator.js:111:7)
      at InstanceValidator.validate 
(node_modules/sequelize/src/instance-validator.js:93:12)
      at model.save (node_modules/sequelize/src/model.js:4077:7)
      at Port.create (node_modules/sequelize/src/model.js:2305:12)
      at Object.<anonymous> (tests/services/portService.test.js:16:16)

  ΓùÅ Port Service ΓÇ║ getPortsBySector ΓÇ║ should return ports in the sector

    SequelizeValidationError: notNull Violation: Port.type cannot be null

    [0m [90m 14 |[39m     [90m// Create test sector and port[39m
     [90m 15 |[39m     testSector [33m=[39m [36mawait[39m 
createTestSector({ name[33m:[39m [32m'Port Test Sector'[39m[33m,[39m 
has_port[33m:[39m [36mtrue[39m })[33m;[39m
    [31m[1m>[22m[39m[90m 16 |[39m     testPort [33m=[39m 
[36mawait[39m createTestPort(testSector[33m.[39msector_id[33m,[39m {
     [90m    |[39m                [31m[1m^[22m[39m
     [90m 17 |[39m       name[33m:[39m [32m'Test Trading 
Hub'[39m[33m,[39m
     [90m 18 |[39m       port_type[33m:[39m [32m'Trading 
Hub'[39m[33m,[39m
     [90m 19 |[39m       tax_rate[33m:[39m [35m0.05[39m[0m

      at InstanceValidator._validate 
(node_modules/sequelize/src/instance-validator.js:78:13)
      at InstanceValidator._validateAndRunHooks 
(node_modules/sequelize/src/instance-validator.js:111:7)
      at InstanceValidator.validate 
(node_modules/sequelize/src/instance-validator.js:93:12)
      at model.save (node_modules/sequelize/src/model.js:4077:7)
      at Port.create (node_modules/sequelize/src/model.js:2305:12)
      at Object.<anonymous> (tests/services/portService.test.js:16:16)

  ΓùÅ Port Service ΓÇ║ getPortsBySector ΓÇ║ should only return active ports

    SequelizeValidationError: notNull Violation: Port.type cannot be null

    [0m [90m 14 |[39m     [90m// Create test sector and port[39m
     [90m 15 |[39m     testSector [33m=[39m [36mawait[39m 
createTestSector({ name[33m:[39m [32m'Port Test Sector'[39m[33m,[39m 
has_port[33m:[39m [36mtrue[39m })[33m;[39m
    [31m[1m>[22m[39m[90m 16 |[39m     testPort [33m=[39m 
[36mawait[39m createTestPort(testSector[33m.[39msector_id[33m,[39m {
     [90m    |[39m                [31m[1m^[22m[39m
     [90m 17 |[39m       name[33m:[39m [32m'Test Trading 
Hub'[39m[33m,[39m
     [90m 18 |[39m       port_type[33m:[39m [32m'Trading 
Hub'[39m[33m,[39m
     [90m 19 |[39m       tax_rate[33m:[39m [35m0.05[39m[0m

      at InstanceValidator._validate 
(node_modules/sequelize/src/instance-validator.js:78:13)
      at InstanceValidator._validateAndRunHooks 
(node_modules/sequelize/src/instance-validator.js:111:7)
      at InstanceValidator.validate 
(node_modules/sequelize/src/instance-validator.js:93:12)
      at model.save (node_modules/sequelize/src/model.js:4077:7)
      at Port.create (node_modules/sequelize/src/model.js:2305:12)
      at Object.<anonymous> (tests/services/portService.test.js:16:16)

  ΓùÅ Port Service ΓÇ║ getPortsBySector ΓÇ║ should return empty array for 
sector with no ports

    SequelizeValidationError: notNull Violation: Port.type cannot be null

    [0m [90m 14 |[39m     [90m// Create test sector and port[39m
     [90m 15 |[39m     testSector [33m=[39m [36mawait[39m 
createTestSector({ name[33m:[39m [32m'Port Test Sector'[39m[33m,[39m 
has_port[33m:[39m [36mtrue[39m })[33m;[39m
    [31m[1m>[22m[39m[90m 16 |[39m     testPort [33m=[39m 
[36mawait[39m createTestPort(testSector[33m.[39msector_id[33m,[39m {
     [90m    |[39m                [31m[1m^[22m[39m
     [90m 17 |[39m       name[33m:[39m [32m'Test Trading 
Hub'[39m[33m,[39m
     [90m 18 |[39m       port_type[33m:[39m [32m'Trading 
Hub'[39m[33m,[39m
     [90m 19 |[39m       tax_rate[33m:[39m [35m0.05[39m[0m

      at InstanceValidator._validate 
(node_modules/sequelize/src/instance-validator.js:78:13)
      at InstanceValidator._validateAndRunHooks 
(node_modules/sequelize/src/instance-validator.js:111:7)
  console.log
    Created 25 sectors. Generating connections...

      at log (src/services/universeGenerator.js:100:13)

      at InstanceValidator.validate 
(node_modules/sequelize/src/instance-validator.js:93:12)
      at model.save (node_modules/sequelize/src/model.js:4077:7)
      at Port.create (node_modules/sequelize/src/model.js:2305:12)
      at Object.<anonymous> (tests/services/portService.test.js:16:16)

  ΓùÅ Port Service ΓÇ║ getPortWithPrices ΓÇ║ should return port with full 
price info

    SequelizeValidationError: notNull Violation: Port.type cannot be null

    [0m [90m 14 |[39m     [90m// Create test sector and port[39m
     [90m 15 |[39m     testSector [33m=[39m [36mawait[39m 
createTestSector({ name[33m:[39m [32m'Port Test Sector'[39m[33m,[39m 
has_port[33m:[39m [36mtrue[39m })[33m;[39m
    [31m[1m>[22m[39m[90m 16 |[39m     testPort [33m=[39m 
[36mawait[39m createTestPort(testSector[33m.[39msector_id[33m,[39m {
     [90m    |[39m                [31m[1m^[22m[39m
     [90m 17 |[39m       name[33m:[39m [32m'Test Trading 
Hub'[39m[33m,[39m
     [90m 18 |[39m       port_type[33m:[39m [32m'Trading 
Hub'[39m[33m,[39m
     [90m 19 |[39m       tax_rate[33m:[39m [35m0.05[39m[0m

      at InstanceValidator._validate 
(node_modules/sequelize/src/instance-validator.js:78:13)
      at InstanceValidator._validateAndRunHooks 
(node_modules/sequelize/src/instance-validator.js:111:7)
      at InstanceValidator.validate 
(node_modules/sequelize/src/instance-validator.js:93:12)
      at model.save (node_modules/sequelize/src/model.js:4077:7)
      at Port.create (node_modules/sequelize/src/model.js:2305:12)
      at Object.<anonymous> (tests/services/portService.test.js:16:16)

  ΓùÅ Port Service ΓÇ║ getPortWithPrices ΓÇ║ should calculate dynamic prices

    SequelizeValidationError: notNull Violation: Port.type cannot be null

    [0m [90m 14 |[39m     [90m// Create test sector and port[39m
     [90m 15 |[39m     testSector [33m=[39m [36mawait[39m 
createTestSector({ name[33m:[39m [32m'Port Test Sector'[39m[33m,[39m 
has_port[33m:[39m [36mtrue[39m })[33m;[39m
    [31m[1m>[22m[39m[90m 16 |[39m     testPort [33m=[39m 
[36mawait[39m createTestPort(testSector[33m.[39msector_id[33m,[39m {
     [90m    |[39m                [31m[1m^[22m[39m
     [90m 17 |[39m       name[33m:[39m [32m'Test Trading 
Hub'[39m[33m,[39m
     [90m 18 |[39m       port_type[33m:[39m [32m'Trading 
Hub'[39m[33m,[39m
     [90m 19 |[39m       tax_rate[33m:[39m [35m0.05[39m[0m

      at InstanceValidator._validate 
(node_modules/sequelize/src/instance-validator.js:78:13)
      at InstanceValidator._validateAndRunHooks 
(node_modules/sequelize/src/instance-validator.js:111:7)
      at InstanceValidator.validate 
(node_modules/sequelize/src/instance-validator.js:93:12)
      at model.save (node_modules/sequelize/src/model.js:4077:7)
      at Port.create (node_modules/sequelize/src/model.js:2305:12)
      at Object.<anonymous> (tests/services/portService.test.js:16:16)

  ΓùÅ Port Service ΓÇ║ updatePortStock ΓÇ║ should update commodity quantity

    SequelizeValidationError: notNull Violation: Port.type cannot be null

    [0m [90m 14 |[39m     [90m// Create test sector and port[39m
     [90m 15 |[39m     testSector [33m=[39m [36mawait[39m 
createTestSector({ name[33m:[39m [32m'Port Test Sector'[39m[33m,[39m 
has_port[33m:[39m [36mtrue[39m })[33m;[39m
    [31m[1m>[22m[39m[90m 16 |[39m     testPort [33m=[39m 
[36mawait[39m createTestPort(testSector[33m.[39msector_id[33m,[39m {
     [90m    |[39m                [31m[1m^[22m[39m
     [90m 17 |[39m       name[33m:[39m [32m'Test Trading 
Hub'[39m[33m,[39m
     [90m 18 |[39m       port_type[33m:[39m [32m'Trading 
Hub'[39m[33m,[39m
     [90m 19 |[39m       tax_rate[33m:[39m [35m0.05[39m[0m

      at InstanceValidator._validate 
(node_modules/sequelize/src/instance-validator.js:78:13)
      at InstanceValidator._validateAndRunHooks 
(node_modules/sequelize/src/instance-validator.js:111:7)
      at InstanceValidator.validate 
(node_modules/sequelize/src/instance-validator.js:93:12)
      at model.save (node_modules/sequelize/src/model.js:4077:7)
      at Port.create (node_modules/sequelize/src/model.js:2305:12)
      at Object.<anonymous> (tests/services/portService.test.js:16:16)

  ΓùÅ Port Service ΓÇ║ updatePortStock ΓÇ║ should not go below zero

    SequelizeValidationError: notNull Violation: Port.type cannot be null

    [0m [90m 14 |[39m     [90m// Create test sector and port[39m
     [90m 15 |[39m     testSector [33m=[39m [36mawait[39m 
createTestSector({ name[33m:[39m [32m'Port Test Sector'[39m[33m,[39m 
has_port[33m:[39m [36mtrue[39m })[33m;[39m
    [31m[1m>[22m[39m[90m 16 |[39m     testPort [33m=[39m 
[36mawait[39m createTestPort(testSector[33m.[39msector_id[33m,[39m {
     [90m    |[39m                [31m[1m^[22m[39m
     [90m 17 |[39m       name[33m:[39m [32m'Test Trading 
Hub'[39m[33m,[39m
     [90m 18 |[39m       port_type[33m:[39m [32m'Trading 
Hub'[39m[33m,[39m
     [90m 19 |[39m       tax_rate[33m:[39m [35m0.05[39m[0m

      at InstanceValidator._validate 
(node_modules/sequelize/src/instance-validator.js:78:13)
      at InstanceValidator._validateAndRunHooks 
(node_modules/sequelize/src/instance-validator.js:111:7)
      at InstanceValidator.validate 
(node_modules/sequelize/src/instance-validator.js:93:12)
      at model.save (node_modules/sequelize/src/model.js:4077:7)
      at Port.create (node_modules/sequelize/src/model.js:2305:12)
      at Object.<anonymous> (tests/services/portService.test.js:16:16)

  ΓùÅ Port Service ΓÇ║ updatePortStock ΓÇ║ should not exceed max quantity

    SequelizeValidationError: notNull Violation: Port.type cannot be null

    [0m [90m 14 |[39m     [90m// Create test sector and port[39m
     [90m 15 |[39m     testSector [33m=[39m [36mawait[39m 
createTestSector({ name[33m:[39m [32m'Port Test Sector'[39m[33m,[39m 
has_port[33m:[39m [36mtrue[39m })[33m;[39m
    [31m[1m>[22m[39m[90m 16 |[39m     testPort [33m=[39m 
[36mawait[39m createTestPort(testSector[33m.[39msector_id[33m,[39m {
     [90m    |[39m                [31m[1m^[22m[39m
     [90m 17 |[39m       name[33m:[39m [32m'Test Trading 
Hub'[39m[33m,[39m
     [90m 18 |[39m       port_type[33m:[39m [32m'Trading 
Hub'[39m[33m,[39m
     [90m 19 |[39m       tax_rate[33m:[39m [35m0.05[39m[0m

      at InstanceValidator._validate 
(node_modules/sequelize/src/instance-validator.js:78:13)
      at InstanceValidator._validateAndRunHooks 
(node_modules/sequelize/src/instance-validator.js:111:7)
      at InstanceValidator.validate 
(node_modules/sequelize/src/instance-validator.js:93:12)
      at model.save (node_modules/sequelize/src/model.js:4077:7)
      at Port.create (node_modules/sequelize/src/model.js:2305:12)
      at Object.<anonymous> (tests/services/portService.test.js:16:16)

  console.log
    Γ£ô Universe generated: 25 sectors, 43 connections

      at log (src/services/universeGenerator.js:149:13)

  console.log
    Generating universe with 16 sectors (4x4 grid)...

      at log (src/services/universeGenerator.js:60:11)

  console.log
    Created 16 sectors. Generating connections...

      at log (src/services/universeGenerator.js:100:13)

  console.log
    Γ£ô Universe generated: 16 sectors, 26 connections

      at log (src/services/universeGenerator.js:149:13)

  console.log
    Generating universe with 25 sectors (5x5 grid)...

      at log (src/services/universeGenerator.js:60:11)

  console.log
    Created 25 sectors. Generating connections...

      at log (src/services/universeGenerator.js:100:13)

  console.log
    Γ£ô Universe generated: 25 sectors, 43 connections

      at log (src/services/universeGenerator.js:149:13)

  console.log
    Generating universe with 16 sectors (4x4 grid)...

      at log (src/services/universeGenerator.js:60:11)

  console.log
    Created 16 sectors. Generating connections...

      at log (src/services/universeGenerator.js:100:13)

  console.log
    Γ£ô Universe generated: 16 sectors, 26 connections

      at log (src/services/universeGenerator.js:149:13)

  console.log
    Generating universe with 16 sectors (4x4 grid)...

      at log (src/services/universeGenerator.js:60:11)

  console.log
    Created 16 sectors. Generating connections...

      at log (src/services/universeGenerator.js:100:13)

  console.log
    Γ£ô Universe generated: 16 sectors, 26 connections

      at log (src/services/universeGenerator.js:149:13)

  console.log
    Generating universe with 16 sectors (4x4 grid)...

      at log (src/services/universeGenerator.js:60:11)

  console.log
    Created 16 sectors. Generating connections...

      at log (src/services/universeGenerator.js:100:13)

  console.log
    Γ£ô Universe generated: 16 sectors, 26 connections

      at log (src/services/universeGenerator.js:149:13)

  console.log
    Generating universe with 100 sectors (10x10 grid)...

      at log (src/services/universeGenerator.js:60:11)

  console.log
    Created 100 sectors. Generating connections...

      at log (src/services/universeGenerator.js:100:13)

  console.log
    Γ£ô Universe generated: 100 sectors, 207 connections

      at log (src/services/universeGenerator.js:149:13)

  console.log
    Γ£ô Seeded 28 commodities

      at log (src/services/universeGenerator.js:199:11)

  console.log
    Γ£ô Seeded 28 commodities

      at log (src/services/universeGenerator.js:199:11)

  console.log
    Generating universe with 25 sectors (5x5 grid)...

      at log (src/services/universeGenerator.js:60:11)

  console.log
    Created 25 sectors. Generating connections...

      at log (src/services/universeGenerator.js:100:13)

  console.log
    Γ£ô Universe generated: 25 sectors, 43 connections

      at log (src/services/universeGenerator.js:149:13)

  console.log
    Γ£ô Seeded 28 commodities

      at log (src/services/universeGenerator.js:199:11)

  console.log
    Γ£ô Generated 15 ports

      at log (src/services/universeGenerator.js:259:11)

  console.log
    Γ£ô Full universe generation complete

      at log (src/services/universeGenerator.js:333:13)

  console.log
    Generating universe with 25 sectors (5x5 grid)...

      at log (src/services/universeGenerator.js:60:11)

  console.log
    Created 25 sectors. Generating connections...

      at log (src/services/universeGenerator.js:100:13)

  console.log
    Γ£ô Universe generated: 25 sectors, 43 connections

      at log (src/services/universeGenerator.js:149:13)

  console.log
    Γ£ô Seeded 28 commodities

      at log (src/services/universeGenerator.js:199:11)

  console.log
    Γ£ô Generated 15 ports

      at log (src/services/universeGenerator.js:259:11)

  console.log
    Γ£ô Full universe generation complete

      at log (src/services/universeGenerator.js:333:13)

  console.log
    Generating universe with 25 sectors (5x5 grid)...

      at log (src/services/universeGenerator.js:60:11)

  console.log
    Created 25 sectors. Generating connections...

      at log (src/services/universeGenerator.js:100:13)

  console.log
    Γ£ô Universe generated: 25 sectors, 43 connections

      at log (src/services/universeGenerator.js:149:13)

  console.log
    Generating universe with 25 sectors (5x5 grid)...

      at log (src/services/universeGenerator.js:60:11)

  console.log
    Created 25 sectors. Generating connections...

      at log (src/services/universeGenerator.js:100:13)

  console.log
    Γ£ô Universe generated: 25 sectors, 43 connections

      at log (src/services/universeGenerator.js:149:13)

FAIL tests/services/universeGenerator.test.js (10.508 s)
  Universe Generator
    generateUniverse
      ΓêÜ should generate the specified number of sectors (232 ms)
      ΓêÜ should create connections between sectors (111 ms)
      ΓêÜ should create unique sector names (136 ms)
      ΓêÜ should assign coordinates to all sectors (125 ms)
      ΓêÜ should produce deterministic results with same seed (281 ms)
      ΓêÜ should assign sector types based on distance from center (215 ms)
    seedCommodities
      ΓêÜ should create all configured commodities (129 ms)
      ΓêÜ should include essential commodities (102 ms)
    generateFullUniverse
      ΓêÜ should generate sectors, commodities, and ports (322 ms)
      ΓêÜ should create port commodities (431 ms)
    getStartingSector
      ΓêÜ should return a Core sector (240 ms)
      ├ù should return a sector with connections (150 ms)

  ΓùÅ Universe Generator ΓÇ║ getStartingSector ΓÇ║ should return a sector with 
connections



    [0m [90m 150 |[39m       [36mconst[39m sector [33m=[39m 
[36mawait[39m getStartingSector()[33m;[39m
     [90m 151 |[39m       
    [31m[1m>[22m[39m[90m 152 |[39m       [36mconst[39m connections 
[33m=[39m [36mawait[39m [33mSectorConnection[39m[33m.[39mcount({
     [90m     |[39m                           [31m[1m^[22m[39m
     [90m 153 |[39m         where[33m:[39m { from_sector_id[33m:[39m 
sector[33m.[39msector_id }
     [90m 154 |[39m       })[33m;[39m
     [90m 155 |[39m       
expect(connections)[33m.[39mtoBeGreaterThan([35m0[39m)[33m;[39m[0m

      at Database.<anonymous> 
(node_modules/sequelize/src/dialects/sqlite/query.js:236:27)
      at node_modules/sequelize/src/dialects/sqlite/query.js:234:50
      at Query.run (node_modules/sequelize/src/dialects/sqlite/query.js:234:12)
      at node_modules/sequelize/src/sequelize.js:650:28
      at SQLiteQueryInterface.rawSelect 
(node_modules/sequelize/src/dialects/abstract/query-interface.js:1043:18)
      at SectorConnection.aggregate 
(node_modules/sequelize/src/model.js:2067:19)
      at SectorConnection.count (node_modules/sequelize/src/model.js:2124:20)
      at Object.<anonymous> (tests/services/universeGenerator.test.js:152:27)

Test Suites: 7 failed, 7 total
Tests:       92 failed, 11 passed, 103 total
Snapshots:   0 total
Time:        11.155 s
Ran all test suites matching services.
Force exiting Jest: Have you considered using `--detectOpenHandles` to detect 
async operations that kept running after all tests finished?
